Archive member included to satisfy reference by file (symbol)

c:/st/stm32cubeide_1.11.0/stm32cubeide/plugins/com.st.stm32cube.ide.mcu.externaltools.gnu-tools-for-stm32.10.3-2021.10.win32_1.0.100.202210260954/tools/bin/../lib/gcc/arm-none-eabi/10.3.1/../../../../arm-none-eabi/lib/thumb/v7e-m+fp/hard\libc_nano.a(lib_a-errno.o)
                              ./Core/Src/syscalls.o (__errno)
c:/st/stm32cubeide_1.11.0/stm32cubeide/plugins/com.st.stm32cube.ide.mcu.externaltools.gnu-tools-for-stm32.10.3-2021.10.win32_1.0.100.202210260954/tools/bin/../lib/gcc/arm-none-eabi/10.3.1/../../../../arm-none-eabi/lib/thumb/v7e-m+fp/hard\libc_nano.a(lib_a-exit.o)
                              c:/st/stm32cubeide_1.11.0/stm32cubeide/plugins/com.st.stm32cube.ide.mcu.externaltools.gnu-tools-for-stm32.10.3-2021.10.win32_1.0.100.202210260954/tools/bin/../lib/gcc/arm-none-eabi/10.3.1/../../../../arm-none-eabi/lib/thumb/v7e-m+fp/hard/crt0.o (exit)
c:/st/stm32cubeide_1.11.0/stm32cubeide/plugins/com.st.stm32cube.ide.mcu.externaltools.gnu-tools-for-stm32.10.3-2021.10.win32_1.0.100.202210260954/tools/bin/../lib/gcc/arm-none-eabi/10.3.1/../../../../arm-none-eabi/lib/thumb/v7e-m+fp/hard\libc_nano.a(lib_a-impure.o)
                              c:/st/stm32cubeide_1.11.0/stm32cubeide/plugins/com.st.stm32cube.ide.mcu.externaltools.gnu-tools-for-stm32.10.3-2021.10.win32_1.0.100.202210260954/tools/bin/../lib/gcc/arm-none-eabi/10.3.1/../../../../arm-none-eabi/lib/thumb/v7e-m+fp/hard\libc_nano.a(lib_a-exit.o) (_global_impure_ptr)
c:/st/stm32cubeide_1.11.0/stm32cubeide/plugins/com.st.stm32cube.ide.mcu.externaltools.gnu-tools-for-stm32.10.3-2021.10.win32_1.0.100.202210260954/tools/bin/../lib/gcc/arm-none-eabi/10.3.1/../../../../arm-none-eabi/lib/thumb/v7e-m+fp/hard\libc_nano.a(lib_a-init.o)
                              c:/st/stm32cubeide_1.11.0/stm32cubeide/plugins/com.st.stm32cube.ide.mcu.externaltools.gnu-tools-for-stm32.10.3-2021.10.win32_1.0.100.202210260954/tools/bin/../lib/gcc/arm-none-eabi/10.3.1/../../../../arm-none-eabi/lib/thumb/v7e-m+fp/hard/crt0.o (__libc_init_array)
c:/st/stm32cubeide_1.11.0/stm32cubeide/plugins/com.st.stm32cube.ide.mcu.externaltools.gnu-tools-for-stm32.10.3-2021.10.win32_1.0.100.202210260954/tools/bin/../lib/gcc/arm-none-eabi/10.3.1/../../../../arm-none-eabi/lib/thumb/v7e-m+fp/hard\libc_nano.a(lib_a-memset.o)
                              c:/st/stm32cubeide_1.11.0/stm32cubeide/plugins/com.st.stm32cube.ide.mcu.externaltools.gnu-tools-for-stm32.10.3-2021.10.win32_1.0.100.202210260954/tools/bin/../lib/gcc/arm-none-eabi/10.3.1/../../../../arm-none-eabi/lib/thumb/v7e-m+fp/hard/crt0.o (memset)
c:/st/stm32cubeide_1.11.0/stm32cubeide/plugins/com.st.stm32cube.ide.mcu.externaltools.gnu-tools-for-stm32.10.3-2021.10.win32_1.0.100.202210260954/tools/bin/../lib/gcc/arm-none-eabi/10.3.1/thumb/v7e-m+fp/hard\libgcc.a(_aeabi_uldivmod.o)
                              ./Drivers/STM32F4xx_HAL_Driver/Src/stm32f4xx_hal_rcc.o (__aeabi_uldivmod)
c:/st/stm32cubeide_1.11.0/stm32cubeide/plugins/com.st.stm32cube.ide.mcu.externaltools.gnu-tools-for-stm32.10.3-2021.10.win32_1.0.100.202210260954/tools/bin/../lib/gcc/arm-none-eabi/10.3.1/thumb/v7e-m+fp/hard\libgcc.a(_udivmoddi4.o)
                              c:/st/stm32cubeide_1.11.0/stm32cubeide/plugins/com.st.stm32cube.ide.mcu.externaltools.gnu-tools-for-stm32.10.3-2021.10.win32_1.0.100.202210260954/tools/bin/../lib/gcc/arm-none-eabi/10.3.1/thumb/v7e-m+fp/hard\libgcc.a(_aeabi_uldivmod.o) (__udivmoddi4)
c:/st/stm32cubeide_1.11.0/stm32cubeide/plugins/com.st.stm32cube.ide.mcu.externaltools.gnu-tools-for-stm32.10.3-2021.10.win32_1.0.100.202210260954/tools/bin/../lib/gcc/arm-none-eabi/10.3.1/thumb/v7e-m+fp/hard\libgcc.a(_dvmd_tls.o)
                              c:/st/stm32cubeide_1.11.0/stm32cubeide/plugins/com.st.stm32cube.ide.mcu.externaltools.gnu-tools-for-stm32.10.3-2021.10.win32_1.0.100.202210260954/tools/bin/../lib/gcc/arm-none-eabi/10.3.1/thumb/v7e-m+fp/hard\libgcc.a(_aeabi_uldivmod.o) (__aeabi_ldiv0)

Discarded input sections

 .text          0x0000000000000000        0x0 c:/st/stm32cubeide_1.11.0/stm32cubeide/plugins/com.st.stm32cube.ide.mcu.externaltools.gnu-tools-for-stm32.10.3-2021.10.win32_1.0.100.202210260954/tools/bin/../lib/gcc/arm-none-eabi/10.3.1/thumb/v7e-m+fp/hard/crti.o
 .data          0x0000000000000000        0x0 c:/st/stm32cubeide_1.11.0/stm32cubeide/plugins/com.st.stm32cube.ide.mcu.externaltools.gnu-tools-for-stm32.10.3-2021.10.win32_1.0.100.202210260954/tools/bin/../lib/gcc/arm-none-eabi/10.3.1/thumb/v7e-m+fp/hard/crti.o
 .bss           0x0000000000000000        0x0 c:/st/stm32cubeide_1.11.0/stm32cubeide/plugins/com.st.stm32cube.ide.mcu.externaltools.gnu-tools-for-stm32.10.3-2021.10.win32_1.0.100.202210260954/tools/bin/../lib/gcc/arm-none-eabi/10.3.1/thumb/v7e-m+fp/hard/crti.o
[...]
Memory Configuration

Name             Origin             Length             Attributes
RAM              0x0000000020000000 0x0000000000040000 xrw
FLASH            0x0000000008000000 0x0000000000080000 xr
*default*        0x0000000000000000 0xffffffffffffffff

Linker script and memory map

LOAD c:/st/stm32cubeide_1.11.0/stm32cubeide/plugins/com.st.stm32cube.ide.mcu.externaltools.gnu-tools-for-stm32.10.3-2021.10.win32_1.0.100.202210260954/tools/bin/../lib/gcc/arm-none-eabi/10.3.1/thumb/v7e-m+fp/hard/crti.o
LOAD c:/st/stm32cubeide_1.11.0/stm32cubeide/plugins/com.st.stm32cube.ide.mcu.externaltools.gnu-tools-for-stm32.10.3-2021.10.win32_1.0.100.202210260954/tools/bin/../lib/gcc/arm-none-eabi/10.3.1/thumb/v7e-m+fp/hard/crtbegin.o
LOAD c:/st/stm32cubeide_1.11.0/stm32cubeide/plugins/com.st.stm32cube.ide.mcu.externaltools.gnu-tools-for-stm32.10.3-2021.10.win32_1.0.100.202210260954/tools/bin/../lib/gcc/arm-none-eabi/10.3.1/../../../../arm-none-eabi/lib/thumb/v7e-m+fp/hard/crt0.o
LOAD ./BMA253/BMA253.o
LOAD ./BMP280/BMP280.o
LOAD ./CAN_BUS_Interface/CAN_BUS_Int.o
LOAD ./Core/Src/main.o
LOAD ./Core/Src/stm32f4xx_hal_msp.o
LOAD ./Core/Src/stm32f4xx_it.o
LOAD ./Core/Src/syscalls.o
LOAD ./Core/Src/sysmem.o
LOAD ./Core/Src/system_stm32f4xx.o
LOAD ./Core/Startup/startup_stm32f412retx.o
LOAD ./Drivers/STM32F4xx_HAL_Driver/Src/stm32f4xx_hal.o
LOAD ./Drivers/STM32F4xx_HAL_Driver/Src/stm32f4xx_hal_adc.o
LOAD ./Drivers/STM32F4xx_HAL_Driver/Src/stm32f4xx_hal_adc_ex.o
LOAD ./Drivers/STM32F4xx_HAL_Driver/Src/stm32f4xx_hal_can.o
LOAD ./Drivers/STM32F4xx_HAL_Driver/Src/stm32f4xx_hal_cortex.o
LOAD ./Drivers/STM32F4xx_HAL_Driver/Src/stm32f4xx_hal_dma.o
LOAD ./Drivers/STM32F4xx_HAL_Driver/Src/stm32f4xx_hal_dma_ex.o
LOAD ./Drivers/STM32F4xx_HAL_Driver/Src/stm32f4xx_hal_exti.o
LOAD ./Drivers/STM32F4xx_HAL_Driver/Src/stm32f4xx_hal_flash.o
LOAD ./Drivers/STM32F4xx_HAL_Driver/Src/stm32f4xx_hal_flash_ex.o
LOAD ./Drivers/STM32F4xx_HAL_Driver/Src/stm32f4xx_hal_flash_ramfunc.o
LOAD ./Drivers/STM32F4xx_HAL_Driver/Src/stm32f4xx_hal_gpio.o
LOAD ./Drivers/STM32F4xx_HAL_Driver/Src/stm32f4xx_hal_i2c.o
LOAD ./Drivers/STM32F4xx_HAL_Driver/Src/stm32f4xx_hal_i2c_ex.o
LOAD ./Drivers/STM32F4xx_HAL_Driver/Src/stm32f4xx_hal_pcd.o
LOAD ./Drivers/STM32F4xx_HAL_Driver/Src/stm32f4xx_hal_pcd_ex.o
LOAD ./Drivers/STM32F4xx_HAL_Driver/Src/stm32f4xx_hal_pwr.o
LOAD ./Drivers/STM32F4xx_HAL_Driver/Src/stm32f4xx_hal_pwr_ex.o
LOAD ./Drivers/STM32F4xx_HAL_Driver/Src/stm32f4xx_hal_rcc.o
LOAD ./Drivers/STM32F4xx_HAL_Driver/Src/stm32f4xx_hal_rcc_ex.o
LOAD ./Drivers/STM32F4xx_HAL_Driver/Src/stm32f4xx_hal_rtc.o
LOAD ./Drivers/STM32F4xx_HAL_Driver/Src/stm32f4xx_hal_rtc_ex.o
LOAD ./Drivers/STM32F4xx_HAL_Driver/Src/stm32f4xx_hal_spi.o
LOAD ./Drivers/STM32F4xx_HAL_Driver/Src/stm32f4xx_hal_tim.o
LOAD ./Drivers/STM32F4xx_HAL_Driver/Src/stm32f4xx_hal_tim_ex.o
LOAD ./Drivers/STM32F4xx_HAL_Driver/Src/stm32f4xx_hal_uart.o
LOAD ./Drivers/STM32F4xx_HAL_Driver/Src/stm32f4xx_ll_adc.o
LOAD ./Drivers/STM32F4xx_HAL_Driver/Src/stm32f4xx_ll_usb.o
LOAD ./FATFS/App/fatfs.o
LOAD ./FATFS/Target/user_diskio.o
LOAD ./Middlewares/ST/STM32_USB_Device_Library/Class/MSC/Src/usbd_msc.o
LOAD ./Middlewares/ST/STM32_USB_Device_Library/Class/MSC/Src/usbd_msc_bot.o
LOAD ./Middlewares/ST/STM32_USB_Device_Library/Class/MSC/Src/usbd_msc_data.o
LOAD ./Middlewares/ST/STM32_USB_Device_Library/Class/MSC/Src/usbd_msc_scsi.o
LOAD ./Middlewares/ST/STM32_USB_Device_Library/Core/Src/usbd_core.o
LOAD ./Middlewares/ST/STM32_USB_Device_Library/Core/Src/usbd_ctlreq.o
LOAD ./Middlewares/ST/STM32_USB_Device_Library/Core/Src/usbd_ioreq.o
LOAD ./Middlewares/Third_Party/FatFs/src/diskio.o
LOAD ./Middlewares/Third_Party/FatFs/src/ff.o
LOAD ./Middlewares/Third_Party/FatFs/src/ff_gen_drv.o
LOAD ./Middlewares/Third_Party/FatFs/src/option/syscall.o
LOAD ./SD_CARD_SPI/SD_Interface.o
LOAD ./SD_CARD_SPI/SD_SPI.o
LOAD ./ST7789V/ST7789.o
LOAD ./USB_Comms/USB_Comm.o
LOAD ./USB_DEVICE/App/usb_device.o
LOAD ./USB_DEVICE/App/usbd_desc.o
LOAD ./USB_DEVICE/App/usbd_storage_if.o
LOAD ./USB_DEVICE/Target/usbd_conf.o
START GROUP
LOAD c:/st/stm32cubeide_1.11.0/stm32cubeide/plugins/com.st.stm32cube.ide.mcu.externaltools.gnu-tools-for-stm32.10.3-2021.10.win32_1.0.100.202210260954/tools/bin/../lib/gcc/arm-none-eabi/10.3.1/../../../../arm-none-eabi/lib/thumb/v7e-m+fp/hard\libc_nano.a
LOAD c:/st/stm32cubeide_1.11.0/stm32cubeide/plugins/com.st.stm32cube.ide.mcu.externaltools.gnu-tools-for-stm32.10.3-2021.10.win32_1.0.100.202210260954/tools/bin/../lib/gcc/arm-none-eabi/10.3.1/../../../../arm-none-eabi/lib/thumb/v7e-m+fp/hard\libm.a
END GROUP
START GROUP
LOAD c:/st/stm32cubeide_1.11.0/stm32cubeide/plugins/com.st.stm32cube.ide.mcu.externaltools.gnu-tools-for-stm32.10.3-2021.10.win32_1.0.100.202210260954/tools/bin/../lib/gcc/arm-none-eabi/10.3.1/thumb/v7e-m+fp/hard\libgcc.a
LOAD c:/st/stm32cubeide_1.11.0/stm32cubeide/plugins/com.st.stm32cube.ide.mcu.externaltools.gnu-tools-for-stm32.10.3-2021.10.win32_1.0.100.202210260954/tools/bin/../lib/gcc/arm-none-eabi/10.3.1/../../../../arm-none-eabi/lib/thumb/v7e-m+fp/hard\libc_nano.a
END GROUP
START GROUP
LOAD c:/st/stm32cubeide_1.11.0/stm32cubeide/plugins/com.st.stm32cube.ide.mcu.externaltools.gnu-tools-for-stm32.10.3-2021.10.win32_1.0.100.202210260954/tools/bin/../lib/gcc/arm-none-eabi/10.3.1/thumb/v7e-m+fp/hard\libgcc.a
LOAD c:/st/stm32cubeide_1.11.0/stm32cubeide/plugins/com.st.stm32cube.ide.mcu.externaltools.gnu-tools-for-stm32.10.3-2021.10.win32_1.0.100.202210260954/tools/bin/../lib/gcc/arm-none-eabi/10.3.1/../../../../arm-none-eabi/lib/thumb/v7e-m+fp/hard\libc_nano.a
LOAD c:/st/stm32cubeide_1.11.0/stm32cubeide/plugins/com.st.stm32cube.ide.mcu.externaltools.gnu-tools-for-stm32.10.3-2021.10.win32_1.0.100.202210260954/tools/bin/../lib/gcc/arm-none-eabi/10.3.1/../../../../arm-none-eabi/lib/thumb/v7e-m+fp/hard\libnosys.a
END GROUP
START GROUP
LOAD c:/st/stm32cubeide_1.11.0/stm32cubeide/plugins/com.st.stm32cube.ide.mcu.externaltools.gnu-tools-for-stm32.10.3-2021.10.win32_1.0.100.202210260954/tools/bin/../lib/gcc/arm-none-eabi/10.3.1/thumb/v7e-m+fp/hard\libgcc.a
LOAD c:/st/stm32cubeide_1.11.0/stm32cubeide/plugins/com.st.stm32cube.ide.mcu.externaltools.gnu-tools-for-stm32.10.3-2021.10.win32_1.0.100.202210260954/tools/bin/../lib/gcc/arm-none-eabi/10.3.1/../../../../arm-none-eabi/lib/thumb/v7e-m+fp/hard\libc_nano.a
LOAD c:/st/stm32cubeide_1.11.0/stm32cubeide/plugins/com.st.stm32cube.ide.mcu.externaltools.gnu-tools-for-stm32.10.3-2021.10.win32_1.0.100.202210260954/tools/bin/../lib/gcc/arm-none-eabi/10.3.1/../../../../arm-none-eabi/lib/thumb/v7e-m+fp/hard\libnosys.a
END GROUP
LOAD c:/st/stm32cubeide_1.11.0/stm32cubeide/plugins/com.st.stm32cube.ide.mcu.externaltools.gnu-tools-for-stm32.10.3-2021.10.win32_1.0.100.202210260954/tools/bin/../lib/gcc/arm-none-eabi/10.3.1/thumb/v7e-m+fp/hard/crtend.o
LOAD c:/st/stm32cubeide_1.11.0/stm32cubeide/plugins/com.st.stm32cube.ide.mcu.externaltools.gnu-tools-for-stm32.10.3-2021.10.win32_1.0.100.202210260954/tools/bin/../lib/gcc/arm-none-eabi/10.3.1/thumb/v7e-m+fp/hard/crtn.o
                0x0000000020040000                _estack = (ORIGIN (RAM) + LENGTH (RAM))
                0x0000000000000200                _Min_Heap_Size = 0x200
                0x0000000000000400                _Min_Stack_Size = 0x400

.isr_vector     0x0000000008000000      0x1c4
                0x0000000008000000                . = ALIGN (0x4)
 *(.isr_vector)
 .isr_vector    0x0000000008000000      0x1c4 ./Core/Startup/startup_stm32f412retx.o
                0x0000000008000000                g_pfnVectors
                0x00000000080001c4                . = ALIGN (0x4)

.text           0x00000000080001c4     0xaf10
                0x00000000080001c4                . = ALIGN (0x4)
 *(.text)
 .text          0x00000000080001c4       0x40 c:/st/stm32cubeide_1.11.0/stm32cubeide/plugins/com.st.stm32cube.ide.mcu.externaltools.gnu-tools-for-stm32.10.3-2021.10.win32_1.0.100.202210260954/tools/bin/../lib/gcc/arm-none-eabi/10.3.1/thumb/v7e-m+fp/hard/crtbegin.o
 .text          0x0000000008000204       0x30 c:/st/stm32cubeide_1.11.0/stm32cubeide/plugins/com.st.stm32cube.ide.mcu.externaltools.gnu-tools-for-stm32.10.3-2021.10.win32_1.0.100.202210260954/tools/bin/../lib/gcc/arm-none-eabi/10.3.1/thumb/v7e-m+fp/hard\libgcc.a(_aeabi_uldivmod.o)
                0x0000000008000204                __aeabi_uldivmod
 .text          0x0000000008000234      0x2d0 c:/st/stm32cubeide_1.11.0/stm32cubeide/plugins/com.st.stm32cube.ide.mcu.externaltools.gnu-tools-for-stm32.10.3-2021.10.win32_1.0.100.202210260954/tools/bin/../lib/gcc/arm-none-eabi/10.3.1/thumb/v7e-m+fp/hard\libgcc.a(_udivmoddi4.o)
                0x0000000008000234                __udivmoddi4
 .text          0x0000000008000504        0x4 c:/st/stm32cubeide_1.11.0/stm32cubeide/plugins/com.st.stm32cube.ide.mcu.externaltools.gnu-tools-for-stm32.10.3-2021.10.win32_1.0.100.202210260954/tools/bin/../lib/gcc/arm-none-eabi/10.3.1/thumb/v7e-m+fp/hard\libgcc.a(_dvmd_tls.o)
                0x0000000008000504                __aeabi_idiv0
                0x0000000008000504                __aeabi_ldiv0
 *(.text*)
 .text.main     0x0000000008000508       0x42 ./Core/Src/main.o
                0x0000000008000508                main
 *fill*         0x000000000800054a        0x2 
 .text.SystemClock_Config
                0x000000000800054c       0xd8 ./Core/Src/main.o
                0x000000000800054c                SystemClock_Config
 .text.MX_ADC1_Init
                0x0000000008000624       0xa4 ./Core/Src/main.o
 .text.MX_CAN1_Init
                0x00000000080006c8       0x6c ./Core/Src/main.o
 .text.MX_CAN2_Init
                0x0000000008000734       0x68 ./Core/Src/main.o
 .text.MX_I2C2_Init
                0x000000000800079c       0x5c ./Core/Src/main.o
 .text.MX_RTC_Init
                0x00000000080007f8       0xb4 ./Core/Src/main.o
 .text.MX_SPI1_Init
                0x00000000080008ac       0x6c ./Core/Src/main.o
 .text.MX_SPI2_Init
                0x0000000008000918       0x6c ./Core/Src/main.o
 .text.MX_USART1_UART_Init
                0x0000000008000984       0x54 ./Core/Src/main.o
 .text.MX_USART3_UART_Init
                0x00000000080009d8       0x54 ./Core/Src/main.o
 .text.MX_DMA_Init
                0x0000000008000a2c       0x40 ./Core/Src/main.o
 .text.MX_GPIO_Init
                0x0000000008000a6c      0x194 ./Core/Src/main.o
 .text.Error_Handler
                0x0000000008000c00        0xa ./Core/Src/main.o
                0x0000000008000c00                Error_Handler
 *fill*         0x0000000008000c0a        0x2 
 .text.HAL_MspInit
                0x0000000008000c0c       0x50 ./Core/Src/stm32f4xx_hal_msp.o
                0x0000000008000c0c                HAL_MspInit
 .text.HAL_ADC_MspInit
                0x0000000008000c5c       0xf8 ./Core/Src/stm32f4xx_hal_msp.o
                0x0000000008000c5c                HAL_ADC_MspInit
 .text.HAL_CAN_MspInit
                0x0000000008000d54      0x13c ./Core/Src/stm32f4xx_hal_msp.o
                0x0000000008000d54                HAL_CAN_MspInit
 .text.HAL_I2C_MspInit
                0x0000000008000e90       0xb0 ./Core/Src/stm32f4xx_hal_msp.o
                0x0000000008000e90                HAL_I2C_MspInit
 .text.HAL_RTC_MspInit
                0x0000000008000f40       0x54 ./Core/Src/stm32f4xx_hal_msp.o
                0x0000000008000f40                HAL_RTC_MspInit
 .text.HAL_SPI_MspInit
                0x0000000008000f94      0x160 ./Core/Src/stm32f4xx_hal_msp.o
                0x0000000008000f94                HAL_SPI_MspInit
 .text.HAL_UART_MspInit
                0x00000000080010f4      0x100 ./Core/Src/stm32f4xx_hal_msp.o
                0x00000000080010f4                HAL_UART_MspInit
 .text.NMI_Handler
                0x00000000080011f4        0x6 ./Core/Src/stm32f4xx_it.o
                0x00000000080011f4                NMI_Handler
 .text.HardFault_Handler
                0x00000000080011fa        0x6 ./Core/Src/stm32f4xx_it.o
                0x00000000080011fa                HardFault_Handler
 .text.MemManage_Handler
                0x0000000008001200        0x6 ./Core/Src/stm32f4xx_it.o
                0x0000000008001200                MemManage_Handler
 .text.BusFault_Handler
                0x0000000008001206        0x6 ./Core/Src/stm32f4xx_it.o
                0x0000000008001206                BusFault_Handler
 .text.UsageFault_Handler
                0x000000000800120c        0x6 ./Core/Src/stm32f4xx_it.o
                0x000000000800120c                UsageFault_Handler
 .text.SVC_Handler
                0x0000000008001212        0xe ./Core/Src/stm32f4xx_it.o
                0x0000000008001212                SVC_Handler
 .text.DebugMon_Handler
                0x0000000008001220        0xe ./Core/Src/stm32f4xx_it.o
                0x0000000008001220                DebugMon_Handler
 .text.PendSV_Handler
                0x000000000800122e        0xe ./Core/Src/stm32f4xx_it.o
                0x000000000800122e                PendSV_Handler
 .text.SysTick_Handler
                0x000000000800123c        0xc ./Core/Src/stm32f4xx_it.o
                0x000000000800123c                SysTick_Handler
 .text.DMA2_Stream2_IRQHandler
                0x0000000008001248       0x14 ./Core/Src/stm32f4xx_it.o
                0x0000000008001248                DMA2_Stream2_IRQHandler
 .text.OTG_FS_IRQHandler
                0x000000000800125c       0x14 ./Core/Src/stm32f4xx_it.o
                0x000000000800125c                OTG_FS_IRQHandler
 .text.SystemInit
                0x0000000008001270       0x24 ./Core/Src/system_stm32f4xx.o
                0x0000000008001270                SystemInit
 .text.Reset_Handler
                0x0000000008001294       0x50 ./Core/Startup/startup_stm32f412retx.o
                0x0000000008001294                Reset_Handler
 .text.Default_Handler
                0x00000000080012e4        0x2 ./Core/Startup/startup_stm32f412retx.o
                0x00000000080012e4                RTC_Alarm_IRQHandler
                0x00000000080012e4                EXTI2_IRQHandler
                0x00000000080012e4                TIM8_CC_IRQHandler
                0x00000000080012e4                FMPI2C1_EV_IRQHandler
                0x00000000080012e4                SPI4_IRQHandler
                0x00000000080012e4                TIM1_CC_IRQHandler
                0x00000000080012e4                DMA2_Stream5_IRQHandler
                0x00000000080012e4                DMA1_Stream5_IRQHandler
                0x00000000080012e4                TIM6_IRQHandler
                0x00000000080012e4                PVD_IRQHandler
                0x00000000080012e4                SDIO_IRQHandler
                0x00000000080012e4                TAMP_STAMP_IRQHandler
                0x00000000080012e4                CAN2_RX1_IRQHandler
                0x00000000080012e4                EXTI3_IRQHandler
                0x00000000080012e4                TIM8_TRG_COM_TIM14_IRQHandler
                0x00000000080012e4                DFSDM1_FLT1_IRQHandler
                0x00000000080012e4                TIM1_UP_TIM10_IRQHandler
                0x00000000080012e4                TIM8_UP_TIM13_IRQHandler
                0x00000000080012e4                I2C3_ER_IRQHandler
                0x00000000080012e4                EXTI0_IRQHandler
                0x00000000080012e4                I2C2_EV_IRQHandler
                0x00000000080012e4                DMA1_Stream2_IRQHandler
                0x00000000080012e4                CAN1_RX0_IRQHandler
                0x00000000080012e4                FPU_IRQHandler
                0x00000000080012e4                CAN2_SCE_IRQHandler
                0x00000000080012e4                SPI1_IRQHandler
                0x00000000080012e4                TIM1_BRK_TIM9_IRQHandler
                0x00000000080012e4                CAN2_RX0_IRQHandler
                0x00000000080012e4                DMA2_Stream3_IRQHandler
                0x00000000080012e4                USART6_IRQHandler
                0x00000000080012e4                USART3_IRQHandler
                0x00000000080012e4                CAN1_RX1_IRQHandler
                0x00000000080012e4                DMA2_Stream0_IRQHandler
                0x00000000080012e4                TIM4_IRQHandler
                0x00000000080012e4                QUADSPI_IRQHandler
                0x00000000080012e4                I2C1_EV_IRQHandler
                0x00000000080012e4                DMA1_Stream6_IRQHandler
                0x00000000080012e4                DMA1_Stream1_IRQHandler
                0x00000000080012e4                TIM3_IRQHandler
                0x00000000080012e4                RCC_IRQHandler
                0x00000000080012e4                TIM8_BRK_TIM12_IRQHandler
                0x00000000080012e4                Default_Handler
                0x00000000080012e4                EXTI15_10_IRQHandler
                0x00000000080012e4                ADC_IRQHandler
                0x00000000080012e4                DMA1_Stream7_IRQHandler
                0x00000000080012e4                SPI5_IRQHandler
                0x00000000080012e4                TIM7_IRQHandler
                0x00000000080012e4                CAN2_TX_IRQHandler
                0x00000000080012e4                TIM5_IRQHandler
                0x00000000080012e4                DMA2_Stream7_IRQHandler
                0x00000000080012e4                I2C3_EV_IRQHandler
                0x00000000080012e4                EXTI9_5_IRQHandler
                0x00000000080012e4                RTC_WKUP_IRQHandler
                0x00000000080012e4                SPI2_IRQHandler
                0x00000000080012e4                DMA1_Stream0_IRQHandler
                0x00000000080012e4                CAN1_TX_IRQHandler
                0x00000000080012e4                FMPI2C1_ER_IRQHandler
                0x00000000080012e4                EXTI4_IRQHandler
                0x00000000080012e4                RNG_IRQHandler
                0x00000000080012e4                WWDG_IRQHandler
                0x00000000080012e4                TIM2_IRQHandler
                0x00000000080012e4                OTG_FS_WKUP_IRQHandler
                0x00000000080012e4                TIM1_TRG_COM_TIM11_IRQHandler
                0x00000000080012e4                EXTI1_IRQHandler
                0x00000000080012e4                USART2_IRQHandler
                0x00000000080012e4                DFSDM1_FLT0_IRQHandler
                0x00000000080012e4                I2C2_ER_IRQHandler
                0x00000000080012e4                DMA2_Stream1_IRQHandler
                0x00000000080012e4                CAN1_SCE_IRQHandler
                0x00000000080012e4                FLASH_IRQHandler
                0x00000000080012e4                DMA2_Stream4_IRQHandler
                0x00000000080012e4                USART1_IRQHandler
                0x00000000080012e4                SPI3_IRQHandler
                0x00000000080012e4                DMA1_Stream4_IRQHandler
                0x00000000080012e4                I2C1_ER_IRQHandler
                0x00000000080012e4                DMA2_Stream6_IRQHandler
                0x00000000080012e4                DMA1_Stream3_IRQHandler
 *fill*         0x00000000080012e6        0x2 
 .text.HAL_Init
                0x00000000080012e8       0x44 ./Drivers/STM32F4xx_HAL_Driver/Src/stm32f4xx_hal.o
                0x00000000080012e8                HAL_Init
 .text.HAL_InitTick
                0x000000000800132c       0x60 ./Drivers/STM32F4xx_HAL_Driver/Src/stm32f4xx_hal.o
                0x000000000800132c                HAL_InitTick
 .text.HAL_IncTick
                0x000000000800138c       0x28 ./Drivers/STM32F4xx_HAL_Driver/Src/stm32f4xx_hal.o
                0x000000000800138c                HAL_IncTick
 .text.HAL_GetTick
                0x00000000080013b4       0x18 ./Drivers/STM32F4xx_HAL_Driver/Src/stm32f4xx_hal.o
                0x00000000080013b4                HAL_GetTick
 .text.HAL_Delay
                0x00000000080013cc       0x48 ./Drivers/STM32F4xx_HAL_Driver/Src/stm32f4xx_hal.o
                0x00000000080013cc                HAL_Delay
 .text.HAL_ADC_Init
                0x0000000008001414       0x86 ./Drivers/STM32F4xx_HAL_Driver/Src/stm32f4xx_hal_adc.o
                0x0000000008001414                HAL_ADC_Init
 *fill*         0x000000000800149a        0x2 
 .text.HAL_ADC_ConfigChannel
                0x000000000800149c      0x244 ./Drivers/STM32F4xx_HAL_Driver/Src/stm32f4xx_hal_adc.o
                0x000000000800149c                HAL_ADC_ConfigChannel
 .text.ADC_Init
                0x00000000080016e0      0x1f8 ./Drivers/STM32F4xx_HAL_Driver/Src/stm32f4xx_hal_adc.o
 .text.HAL_CAN_Init
                0x00000000080018d8      0x1f6 ./Drivers/STM32F4xx_HAL_Driver/Src/stm32f4xx_hal_can.o
                0x00000000080018d8                HAL_CAN_Init
 *fill*         0x0000000008001ace        0x2 
 .text.__NVIC_SetPriorityGrouping
                0x0000000008001ad0       0x48 ./Drivers/STM32F4xx_HAL_Driver/Src/stm32f4xx_hal_cortex.o
 .text.__NVIC_GetPriorityGrouping
                0x0000000008001b18       0x1c ./Drivers/STM32F4xx_HAL_Driver/Src/stm32f4xx_hal_cortex.o
 .text.__NVIC_EnableIRQ
                0x0000000008001b34       0x3c ./Drivers/STM32F4xx_HAL_Driver/Src/stm32f4xx_hal_cortex.o
 .text.__NVIC_SetPriority
                0x0000000008001b70       0x54 ./Drivers/STM32F4xx_HAL_Driver/Src/stm32f4xx_hal_cortex.o
 .text.NVIC_EncodePriority
                0x0000000008001bc4       0x66 ./Drivers/STM32F4xx_HAL_Driver/Src/stm32f4xx_hal_cortex.o
 *fill*         0x0000000008001c2a        0x2 
 .text.SysTick_Config
                0x0000000008001c2c       0x44 ./Drivers/STM32F4xx_HAL_Driver/Src/stm32f4xx_hal_cortex.o
 .text.HAL_NVIC_SetPriorityGrouping
                0x0000000008001c70       0x16 ./Drivers/STM32F4xx_HAL_Driver/Src/stm32f4xx_hal_cortex.o
                0x0000000008001c70                HAL_NVIC_SetPriorityGrouping
 .text.HAL_NVIC_SetPriority
                0x0000000008001c86       0x38 ./Drivers/STM32F4xx_HAL_Driver/Src/stm32f4xx_hal_cortex.o
                0x0000000008001c86                HAL_NVIC_SetPriority
 .text.HAL_NVIC_EnableIRQ
                0x0000000008001cbe       0x1c ./Drivers/STM32F4xx_HAL_Driver/Src/stm32f4xx_hal_cortex.o
                0x0000000008001cbe                HAL_NVIC_EnableIRQ
 .text.HAL_SYSTICK_Config
                0x0000000008001cda       0x18 ./Drivers/STM32F4xx_HAL_Driver/Src/stm32f4xx_hal_cortex.o
                0x0000000008001cda                HAL_SYSTICK_Config
 *fill*         0x0000000008001cf2        0x2 
 .text.HAL_DMA_Init
                0x0000000008001cf4      0x15c ./Drivers/STM32F4xx_HAL_Driver/Src/stm32f4xx_hal_dma.o
                0x0000000008001cf4                HAL_DMA_Init
 .text.HAL_DMA_IRQHandler
                0x0000000008001e50      0x314 ./Drivers/STM32F4xx_HAL_Driver/Src/stm32f4xx_hal_dma.o
                0x0000000008001e50                HAL_DMA_IRQHandler
 .text.DMA_CalcBaseAndBitshift
                0x0000000008002164       0x6c ./Drivers/STM32F4xx_HAL_Driver/Src/stm32f4xx_hal_dma.o
 .text.DMA_CheckFifoParam
                0x00000000080021d0       0xf8 ./Drivers/STM32F4xx_HAL_Driver/Src/stm32f4xx_hal_dma.o
 .text.HAL_GPIO_Init
                0x00000000080022c8      0x2f8 ./Drivers/STM32F4xx_HAL_Driver/Src/stm32f4xx_hal_gpio.o
                0x00000000080022c8                HAL_GPIO_Init
 .text.HAL_GPIO_WritePin
                0x00000000080025c0       0x32 ./Drivers/STM32F4xx_HAL_Driver/Src/stm32f4xx_hal_gpio.o
                0x00000000080025c0                HAL_GPIO_WritePin
 *fill*         0x00000000080025f2        0x2 
 .text.HAL_I2C_Init
                0x00000000080025f4      0x288 ./Drivers/STM32F4xx_HAL_Driver/Src/stm32f4xx_hal_i2c.o
                0x00000000080025f4                HAL_I2C_Init
 .text.HAL_PCD_Init
                0x000000000800287c      0x248 ./Drivers/STM32F4xx_HAL_Driver/Src/stm32f4xx_hal_pcd.o
                0x000000000800287c                HAL_PCD_Init
 .text.HAL_PCD_Start
                0x0000000008002ac4       0x66 ./Drivers/STM32F4xx_HAL_Driver/Src/stm32f4xx_hal_pcd.o
                0x0000000008002ac4                HAL_PCD_Start
 .text.HAL_PCD_IRQHandler
                0x0000000008002b2a      0x998 ./Drivers/STM32F4xx_HAL_Driver/Src/stm32f4xx_hal_pcd.o
                0x0000000008002b2a                HAL_PCD_IRQHandler
 .text.HAL_PCD_SetAddress
                0x00000000080034c2       0x4a ./Drivers/STM32F4xx_HAL_Driver/Src/stm32f4xx_hal_pcd.o
                0x00000000080034c2                HAL_PCD_SetAddress
 .text.HAL_PCD_EP_Open
                0x000000000800350c       0xd0 ./Drivers/STM32F4xx_HAL_Driver/Src/stm32f4xx_hal_pcd.o
                0x000000000800350c                HAL_PCD_EP_Open
 .text.HAL_PCD_EP_Close
                0x00000000080035dc       0x94 ./Drivers/STM32F4xx_HAL_Driver/Src/stm32f4xx_hal_pcd.o
                0x00000000080035dc                HAL_PCD_EP_Close
 .text.HAL_PCD_EP_Receive
                0x0000000008003670       0x96 ./Drivers/STM32F4xx_HAL_Driver/Src/stm32f4xx_hal_pcd.o
                0x0000000008003670                HAL_PCD_EP_Receive
 .text.HAL_PCD_EP_GetRxCount
                0x0000000008003706       0x30 ./Drivers/STM32F4xx_HAL_Driver/Src/stm32f4xx_hal_pcd.o
                0x0000000008003706                HAL_PCD_EP_GetRxCount
 .text.HAL_PCD_EP_Transmit
                0x0000000008003736       0x94 ./Drivers/STM32F4xx_HAL_Driver/Src/stm32f4xx_hal_pcd.o
                0x0000000008003736                HAL_PCD_EP_Transmit
 .text.HAL_PCD_EP_SetStall
                0x00000000080037ca       0xc8 ./Drivers/STM32F4xx_HAL_Driver/Src/stm32f4xx_hal_pcd.o
                0x00000000080037ca                HAL_PCD_EP_SetStall
 .text.HAL_PCD_EP_ClrStall
                0x0000000008003892       0xac ./Drivers/STM32F4xx_HAL_Driver/Src/stm32f4xx_hal_pcd.o
                0x0000000008003892                HAL_PCD_EP_ClrStall
 .text.HAL_PCD_EP_Abort
                0x000000000800393e       0x62 ./Drivers/STM32F4xx_HAL_Driver/Src/stm32f4xx_hal_pcd.o
                0x000000000800393e                HAL_PCD_EP_Abort
 .text.HAL_PCD_EP_Flush
                0x00000000080039a0       0x5a ./Drivers/STM32F4xx_HAL_Driver/Src/stm32f4xx_hal_pcd.o
                0x00000000080039a0                HAL_PCD_EP_Flush
 .text.PCD_WriteEmptyTxFifo
                0x00000000080039fa      0x11a ./Drivers/STM32F4xx_HAL_Driver/Src/stm32f4xx_hal_pcd.o
 .text.PCD_EP_OutXfrComplete_int
                0x0000000008003b14      0x1d0 ./Drivers/STM32F4xx_HAL_Driver/Src/stm32f4xx_hal_pcd.o
 .text.PCD_EP_OutSetupPacket_int
                0x0000000008003ce4       0x8c ./Drivers/STM32F4xx_HAL_Driver/Src/stm32f4xx_hal_pcd.o
 .text.HAL_PCDEx_SetTxFiFo
                0x0000000008003d70       0x8e ./Drivers/STM32F4xx_HAL_Driver/Src/stm32f4xx_hal_pcd_ex.o
                0x0000000008003d70                HAL_PCDEx_SetTxFiFo
 .text.HAL_PCDEx_SetRxFiFo
                0x0000000008003dfe       0x22 ./Drivers/STM32F4xx_HAL_Driver/Src/stm32f4xx_hal_pcd_ex.o
                0x0000000008003dfe                HAL_PCDEx_SetRxFiFo
 .text.HAL_PCDEx_ActivateLPM
                0x0000000008003e20       0x48 ./Drivers/STM32F4xx_HAL_Driver/Src/stm32f4xx_hal_pcd_ex.o
                0x0000000008003e20                HAL_PCDEx_ActivateLPM
 .text.HAL_RCC_ClockConfig
                0x0000000008003e68      0x1cc ./Drivers/STM32F4xx_HAL_Driver/Src/stm32f4xx_hal_rcc.o
                0x0000000008003e68                HAL_RCC_ClockConfig
 .text.HAL_RCC_GetSysClockFreq
                0x0000000008004034      0x20c ./Drivers/STM32F4xx_HAL_Driver/Src/stm32f4xx_hal_rcc.o
                0x0000000008004034                HAL_RCC_GetSysClockFreq
 .text.HAL_RCC_GetHCLKFreq
                0x0000000008004240       0x18 ./Drivers/STM32F4xx_HAL_Driver/Src/stm32f4xx_hal_rcc.o
                0x0000000008004240                HAL_RCC_GetHCLKFreq
 .text.HAL_RCC_GetPCLK1Freq
                0x0000000008004258       0x28 ./Drivers/STM32F4xx_HAL_Driver/Src/stm32f4xx_hal_rcc.o
                0x0000000008004258                HAL_RCC_GetPCLK1Freq
 .text.HAL_RCC_GetPCLK2Freq
                0x0000000008004280       0x28 ./Drivers/STM32F4xx_HAL_Driver/Src/stm32f4xx_hal_rcc.o
                0x0000000008004280                HAL_RCC_GetPCLK2Freq
 .text.HAL_RCCEx_PeriphCLKConfig
                0x00000000080042a8      0x39c ./Drivers/STM32F4xx_HAL_Driver/Src/stm32f4xx_hal_rcc_ex.o
                0x00000000080042a8                HAL_RCCEx_PeriphCLKConfig
 .text.HAL_RCC_OscConfig
                0x0000000008004644      0x508 ./Drivers/STM32F4xx_HAL_Driver/Src/stm32f4xx_hal_rcc_ex.o
                0x0000000008004644                HAL_RCC_OscConfig
 .text.HAL_RTC_Init
                0x0000000008004b4c       0xec ./Drivers/STM32F4xx_HAL_Driver/Src/stm32f4xx_hal_rtc.o
                0x0000000008004b4c                HAL_RTC_Init
 .text.HAL_RTC_SetTime
                0x0000000008004c38      0x134 ./Drivers/STM32F4xx_HAL_Driver/Src/stm32f4xx_hal_rtc.o
                0x0000000008004c38                HAL_RTC_SetTime
 .text.HAL_RTC_SetDate
                0x0000000008004d6c      0x108 ./Drivers/STM32F4xx_HAL_Driver/Src/stm32f4xx_hal_rtc.o
                0x0000000008004d6c                HAL_RTC_SetDate
 .text.HAL_RTC_WaitForSynchro
                0x0000000008004e74       0x50 ./Drivers/STM32F4xx_HAL_Driver/Src/stm32f4xx_hal_rtc.o
                0x0000000008004e74                HAL_RTC_WaitForSynchro
 .text.RTC_EnterInitMode
                0x0000000008004ec4       0x6e ./Drivers/STM32F4xx_HAL_Driver/Src/stm32f4xx_hal_rtc.o
                0x0000000008004ec4                RTC_EnterInitMode
 .text.RTC_ExitInitMode
                0x0000000008004f32       0x4a ./Drivers/STM32F4xx_HAL_Driver/Src/stm32f4xx_hal_rtc.o
                0x0000000008004f32                RTC_ExitInitMode
 .text.RTC_ByteToBcd2
                0x0000000008004f7c       0x3a ./Drivers/STM32F4xx_HAL_Driver/Src/stm32f4xx_hal_rtc.o
                0x0000000008004f7c                RTC_ByteToBcd2
 .text.HAL_SPI_Init
                0x0000000008004fb6      0x112 ./Drivers/STM32F4xx_HAL_Driver/Src/stm32f4xx_hal_spi.o
                0x0000000008004fb6                HAL_SPI_Init
 .text.HAL_UART_Init
                0x00000000080050c8       0x9a ./Drivers/STM32F4xx_HAL_Driver/Src/stm32f4xx_hal_uart.o
                0x00000000080050c8                HAL_UART_Init
 *fill*         0x0000000008005162        0x2 
 .text.UART_SetConfig
                0x0000000008005164      0x4e8 ./Drivers/STM32F4xx_HAL_Driver/Src/stm32f4xx_hal_uart.o
 .text.USB_CoreInit
                0x000000000800564c       0xc2 ./Drivers/STM32F4xx_HAL_Driver/Src/stm32f4xx_ll_usb.o
                0x000000000800564c                USB_CoreInit
 *fill*         0x000000000800570e        0x2 
 .text.USB_SetTurnaroundTime
                0x0000000008005710      0x144 ./Drivers/STM32F4xx_HAL_Driver/Src/stm32f4xx_ll_usb.o
                0x0000000008005710                USB_SetTurnaroundTime
 .text.USB_EnableGlobalInt
                0x0000000008005854       0x22 ./Drivers/STM32F4xx_HAL_Driver/Src/stm32f4xx_ll_usb.o
                0x0000000008005854                USB_EnableGlobalInt
 .text.USB_DisableGlobalInt
                0x0000000008005876       0x22 ./Drivers/STM32F4xx_HAL_Driver/Src/stm32f4xx_ll_usb.o
                0x0000000008005876                USB_DisableGlobalInt
 .text.USB_SetCurrentMode
                0x0000000008005898       0x98 ./Drivers/STM32F4xx_HAL_Driver/Src/stm32f4xx_ll_usb.o
                0x0000000008005898                USB_SetCurrentMode
 .text.USB_DevInit
                0x0000000008005930      0x2bc ./Drivers/STM32F4xx_HAL_Driver/Src/stm32f4xx_ll_usb.o
                0x0000000008005930                USB_DevInit
 .text.USB_FlushTxFifo
                0x0000000008005bec       0x68 ./Drivers/STM32F4xx_HAL_Driver/Src/stm32f4xx_ll_usb.o
                0x0000000008005bec                USB_FlushTxFifo
 .text.USB_FlushRxFifo
                0x0000000008005c54       0x60 ./Drivers/STM32F4xx_HAL_Driver/Src/stm32f4xx_ll_usb.o
                0x0000000008005c54                USB_FlushRxFifo
 .text.USB_SetDevSpeed
                0x0000000008005cb4       0x32 ./Drivers/STM32F4xx_HAL_Driver/Src/stm32f4xx_ll_usb.o
                0x0000000008005cb4                USB_SetDevSpeed
 .text.USB_GetDevSpeed
                0x0000000008005ce6       0x4a ./Drivers/STM32F4xx_HAL_Driver/Src/stm32f4xx_ll_usb.o
                0x0000000008005ce6                USB_GetDevSpeed
 .text.USB_ActivateEndpoint
                0x0000000008005d30      0x10e ./Drivers/STM32F4xx_HAL_Driver/Src/stm32f4xx_ll_usb.o
                0x0000000008005d30                USB_ActivateEndpoint
 *fill*         0x0000000008005e3e        0x2 
 .text.USB_DeactivateEndpoint
                0x0000000008005e40      0x1b8 ./Drivers/STM32F4xx_HAL_Driver/Src/stm32f4xx_ll_usb.o
                0x0000000008005e40                USB_DeactivateEndpoint
 .text.USB_EPStartXfer
                0x0000000008005ff8      0x490 ./Drivers/STM32F4xx_HAL_Driver/Src/stm32f4xx_ll_usb.o
                0x0000000008005ff8                USB_EPStartXfer
 .text.USB_EP0StartXfer
                0x0000000008006488      0x2b0 ./Drivers/STM32F4xx_HAL_Driver/Src/stm32f4xx_ll_usb.o
                0x0000000008006488                USB_EP0StartXfer
 .text.USB_EPStopXfer
                0x0000000008006738      0x154 ./Drivers/STM32F4xx_HAL_Driver/Src/stm32f4xx_ll_usb.o
                0x0000000008006738                USB_EPStopXfer
 .text.USB_WritePacket
                0x000000000800688c       0x7c ./Drivers/STM32F4xx_HAL_Driver/Src/stm32f4xx_ll_usb.o
                0x000000000800688c                USB_WritePacket
 .text.USB_ReadPacket
                0x0000000008006908       0xb0 ./Drivers/STM32F4xx_HAL_Driver/Src/stm32f4xx_ll_usb.o
                0x0000000008006908                USB_ReadPacket
 .text.USB_EPSetStall
                0x00000000080069b8       0xdc ./Drivers/STM32F4xx_HAL_Driver/Src/stm32f4xx_ll_usb.o
                0x00000000080069b8                USB_EPSetStall
 .text.USB_EPClearStall
                0x0000000008006a94       0xcc ./Drivers/STM32F4xx_HAL_Driver/Src/stm32f4xx_ll_usb.o
                0x0000000008006a94                USB_EPClearStall
 .text.USB_SetDevAddress
                0x0000000008006b60       0x4c ./Drivers/STM32F4xx_HAL_Driver/Src/stm32f4xx_ll_usb.o
                0x0000000008006b60                USB_SetDevAddress
 .text.USB_DevConnect
                0x0000000008006bac       0x42 ./Drivers/STM32F4xx_HAL_Driver/Src/stm32f4xx_ll_usb.o
                0x0000000008006bac                USB_DevConnect
 .text.USB_DevDisconnect
                0x0000000008006bee       0x42 ./Drivers/STM32F4xx_HAL_Driver/Src/stm32f4xx_ll_usb.o
                0x0000000008006bee                USB_DevDisconnect
 .text.USB_ReadInterrupts
                0x0000000008006c30       0x26 ./Drivers/STM32F4xx_HAL_Driver/Src/stm32f4xx_ll_usb.o
                0x0000000008006c30                USB_ReadInterrupts
 .text.USB_ReadDevAllOutEpInterrupt
                0x0000000008006c56       0x34 ./Drivers/STM32F4xx_HAL_Driver/Src/stm32f4xx_ll_usb.o
                0x0000000008006c56                USB_ReadDevAllOutEpInterrupt
 .text.USB_ReadDevAllInEpInterrupt
                0x0000000008006c8a       0x34 ./Drivers/STM32F4xx_HAL_Driver/Src/stm32f4xx_ll_usb.o
                0x0000000008006c8a                USB_ReadDevAllInEpInterrupt
 .text.USB_ReadDevOutEPInterrupt
                0x0000000008006cbe       0x3c ./Drivers/STM32F4xx_HAL_Driver/Src/stm32f4xx_ll_usb.o
                0x0000000008006cbe                USB_ReadDevOutEPInterrupt
 .text.USB_ReadDevInEPInterrupt
                0x0000000008006cfa       0x5c ./Drivers/STM32F4xx_HAL_Driver/Src/stm32f4xx_ll_usb.o
                0x0000000008006cfa                USB_ReadDevInEPInterrupt
 .text.USB_GetMode
                0x0000000008006d56       0x1c ./Drivers/STM32F4xx_HAL_Driver/Src/stm32f4xx_ll_usb.o
                0x0000000008006d56                USB_GetMode
 .text.USB_ActivateSetup
                0x0000000008006d72       0x46 ./Drivers/STM32F4xx_HAL_Driver/Src/stm32f4xx_ll_usb.o
                0x0000000008006d72                USB_ActivateSetup
 .text.USB_EP0_OutStart
                0x0000000008006db8       0xbc ./Drivers/STM32F4xx_HAL_Driver/Src/stm32f4xx_ll_usb.o
                0x0000000008006db8                USB_EP0_OutStart
 .text.USB_CoreReset
                0x0000000008006e74       0x68 ./Drivers/STM32F4xx_HAL_Driver/Src/stm32f4xx_ll_usb.o
 .text.MX_FATFS_Init
                0x0000000008006edc       0x24 ./FATFS/App/fatfs.o
                0x0000000008006edc                MX_FATFS_Init
 .text.USER_initialize
                0x0000000008006f00       0x28 ./FATFS/Target/user_diskio.o
                0x0000000008006f00                USER_initialize
 .text.USER_status
                0x0000000008006f28       0x28 ./FATFS/Target/user_diskio.o
                0x0000000008006f28                USER_status
 .text.USER_read
                0x0000000008006f50       0x1e ./FATFS/Target/user_diskio.o
                0x0000000008006f50                USER_read
 .text.USER_write
                0x0000000008006f6e       0x1e ./FATFS/Target/user_diskio.o
                0x0000000008006f6e                USER_write
 .text.USER_ioctl
                0x0000000008006f8c       0x22 ./FATFS/Target/user_diskio.o
                0x0000000008006f8c                USER_ioctl
 *fill*         0x0000000008006fae        0x2 
 .text.USBD_MSC_Init
                0x0000000008006fb0      0x120 ./Middlewares/ST/STM32_USB_Device_Library/Class/MSC/Src/usbd_msc.o
                0x0000000008006fb0                USBD_MSC_Init
 .text.USBD_MSC_DeInit
                0x00000000080070d0       0xb0 ./Middlewares/ST/STM32_USB_Device_Library/Class/MSC/Src/usbd_msc.o
                0x00000000080070d0                USBD_MSC_DeInit
 .text.USBD_MSC_Setup
                0x0000000008007180      0x1f8 ./Middlewares/ST/STM32_USB_Device_Library/Class/MSC/Src/usbd_msc.o
                0x0000000008007180                USBD_MSC_Setup
 .text.USBD_MSC_DataIn
                0x0000000008007378       0x20 ./Middlewares/ST/STM32_USB_Device_Library/Class/MSC/Src/usbd_msc.o
                0x0000000008007378                USBD_MSC_DataIn
 .text.USBD_MSC_DataOut
                0x0000000008007398       0x20 ./Middlewares/ST/STM32_USB_Device_Library/Class/MSC/Src/usbd_msc.o
                0x0000000008007398                USBD_MSC_DataOut
 .text.USBD_MSC_GetHSCfgDesc
                0x00000000080073b8       0x58 ./Middlewares/ST/STM32_USB_Device_Library/Class/MSC/Src/usbd_msc.o
                0x00000000080073b8                USBD_MSC_GetHSCfgDesc
 .text.USBD_MSC_GetFSCfgDesc
                0x0000000008007410       0x58 ./Middlewares/ST/STM32_USB_Device_Library/Class/MSC/Src/usbd_msc.o
                0x0000000008007410                USBD_MSC_GetFSCfgDesc
 .text.USBD_MSC_GetOtherSpeedCfgDesc
                0x0000000008007468       0x58 ./Middlewares/ST/STM32_USB_Device_Library/Class/MSC/Src/usbd_msc.o
                0x0000000008007468                USBD_MSC_GetOtherSpeedCfgDesc
 .text.USBD_MSC_GetDeviceQualifierDescriptor
                0x00000000080074c0       0x20 ./Middlewares/ST/STM32_USB_Device_Library/Class/MSC/Src/usbd_msc.o
                0x00000000080074c0                USBD_MSC_GetDeviceQualifierDescriptor
 .text.USBD_MSC_RegisterStorage
                0x00000000080074e0       0x34 ./Middlewares/ST/STM32_USB_Device_Library/Class/MSC/Src/usbd_msc.o
                0x00000000080074e0                USBD_MSC_RegisterStorage
 .text.MSC_BOT_Init
                0x0000000008007514       0x94 ./Middlewares/ST/STM32_USB_Device_Library/Class/MSC/Src/usbd_msc_bot.o
                0x0000000008007514                MSC_BOT_Init
 .text.MSC_BOT_Reset
                0x00000000080075a8       0x68 ./Middlewares/ST/STM32_USB_Device_Library/Class/MSC/Src/usbd_msc_bot.o
                0x00000000080075a8                MSC_BOT_Reset
 .text.MSC_BOT_DeInit
                0x0000000008007610       0x30 ./Middlewares/ST/STM32_USB_Device_Library/Class/MSC/Src/usbd_msc_bot.o
                0x0000000008007610                MSC_BOT_DeInit
 .text.MSC_BOT_DataIn
                0x0000000008007640       0x74 ./Middlewares/ST/STM32_USB_Device_Library/Class/MSC/Src/usbd_msc_bot.o
                0x0000000008007640                MSC_BOT_DataIn
 .text.MSC_BOT_DataOut
                0x00000000080076b4       0x68 ./Middlewares/ST/STM32_USB_Device_Library/Class/MSC/Src/usbd_msc_bot.o
                0x00000000080076b4                MSC_BOT_DataOut
 .text.MSC_BOT_CBW_Decode
                0x000000000800771c      0x128 ./Middlewares/ST/STM32_USB_Device_Library/Class/MSC/Src/usbd_msc_bot.o
 .text.MSC_BOT_SendData
                0x0000000008007844       0x6c ./Middlewares/ST/STM32_USB_Device_Library/Class/MSC/Src/usbd_msc_bot.o
 .text.MSC_BOT_SendCSW
                0x00000000080078b0       0x74 ./Middlewares/ST/STM32_USB_Device_Library/Class/MSC/Src/usbd_msc_bot.o
                0x00000000080078b0                MSC_BOT_SendCSW
 .text.MSC_BOT_Abort
                0x0000000008007924       0x84 ./Middlewares/ST/STM32_USB_Device_Library/Class/MSC/Src/usbd_msc_bot.o
 .text.MSC_BOT_CplClrFeature
                0x00000000080079a8       0x74 ./Middlewares/ST/STM32_USB_Device_Library/Class/MSC/Src/usbd_msc_bot.o
                0x00000000080079a8                MSC_BOT_CplClrFeature
 .text.SCSI_ProcessCmd
                0x0000000008007a1c      0x304 ./Middlewares/ST/STM32_USB_Device_Library/Class/MSC/Src/usbd_msc_scsi.o
                0x0000000008007a1c                SCSI_ProcessCmd
 .text.SCSI_TestUnitReady
                0x0000000008007d20       0xb2 ./Middlewares/ST/STM32_USB_Device_Library/Class/MSC/Src/usbd_msc_scsi.o
 *fill*         0x0000000008007dd2        0x2 
 .text.SCSI_Inquiry
                0x0000000008007dd4       0xfc ./Middlewares/ST/STM32_USB_Device_Library/Class/MSC/Src/usbd_msc_scsi.o
 .text.SCSI_ReadCapacity10
                0x0000000008007ed0       0xfc ./Middlewares/ST/STM32_USB_Device_Library/Class/MSC/Src/usbd_msc_scsi.o
 .text.SCSI_ReadCapacity16
                0x0000000008007fcc      0x166 ./Middlewares/ST/STM32_USB_Device_Library/Class/MSC/Src/usbd_msc_scsi.o
 .text.SCSI_ReadFormatCapacity
                0x0000000008008132       0xf6 ./Middlewares/ST/STM32_USB_Device_Library/Class/MSC/Src/usbd_msc_scsi.o
 .text.SCSI_ModeSense6
                0x0000000008008228       0x60 ./Middlewares/ST/STM32_USB_Device_Library/Class/MSC/Src/usbd_msc_scsi.o
 .text.SCSI_ModeSense10
                0x0000000008008288       0x60 ./Middlewares/ST/STM32_USB_Device_Library/Class/MSC/Src/usbd_msc_scsi.o
 .text.SCSI_RequestSense
                0x00000000080082e8      0x106 ./Middlewares/ST/STM32_USB_Device_Library/Class/MSC/Src/usbd_msc_scsi.o
 .text.SCSI_SenseCode
                0x00000000080083ee       0x96 ./Middlewares/ST/STM32_USB_Device_Library/Class/MSC/Src/usbd_msc_scsi.o
                0x00000000080083ee                SCSI_SenseCode
 .text.SCSI_StartStopUnit
                0x0000000008008484       0xaa ./Middlewares/ST/STM32_USB_Device_Library/Class/MSC/Src/usbd_msc_scsi.o
 .text.SCSI_AllowPreventRemovable
                0x000000000800852e       0x5a ./Middlewares/ST/STM32_USB_Device_Library/Class/MSC/Src/usbd_msc_scsi.o
 .text.SCSI_Read10
                0x0000000008008588      0x154 ./Middlewares/ST/STM32_USB_Device_Library/Class/MSC/Src/usbd_msc_scsi.o
 .text.SCSI_Read12
                0x00000000080086dc      0x168 ./Middlewares/ST/STM32_USB_Device_Library/Class/MSC/Src/usbd_msc_scsi.o
 .text.SCSI_Write10
                0x0000000008008844      0x1ac ./Middlewares/ST/STM32_USB_Device_Library/Class/MSC/Src/usbd_msc_scsi.o
 .text.SCSI_Write12
                0x00000000080089f0      0x1cc ./Middlewares/ST/STM32_USB_Device_Library/Class/MSC/Src/usbd_msc_scsi.o
 .text.SCSI_Verify10
                0x0000000008008bbc       0x7a ./Middlewares/ST/STM32_USB_Device_Library/Class/MSC/Src/usbd_msc_scsi.o
 .text.SCSI_CheckAddressRange
                0x0000000008008c36       0x58 ./Middlewares/ST/STM32_USB_Device_Library/Class/MSC/Src/usbd_msc_scsi.o
 *fill*         0x0000000008008c8e        0x2 
 .text.SCSI_ProcessRead
                0x0000000008008c90      0x10c ./Middlewares/ST/STM32_USB_Device_Library/Class/MSC/Src/usbd_msc_scsi.o
 .text.SCSI_ProcessWrite
                0x0000000008008d9c      0x12c ./Middlewares/ST/STM32_USB_Device_Library/Class/MSC/Src/usbd_msc_scsi.o
 .text.SCSI_UpdateBotData
                0x0000000008008ec8       0x52 ./Middlewares/ST/STM32_USB_Device_Library/Class/MSC/Src/usbd_msc_scsi.o
 .text.USBD_Init
                0x0000000008008f1a       0x60 ./Middlewares/ST/STM32_USB_Device_Library/Core/Src/usbd_core.o
                0x0000000008008f1a                USBD_Init
 .text.USBD_RegisterClass
                0x0000000008008f7a       0x6c ./Middlewares/ST/STM32_USB_Device_Library/Core/Src/usbd_core.o
                0x0000000008008f7a                USBD_RegisterClass
 .text.USBD_Start
                0x0000000008008fe6       0x18 ./Middlewares/ST/STM32_USB_Device_Library/Core/Src/usbd_core.o
                0x0000000008008fe6                USBD_Start
 .text.USBD_RunTestMode
                0x0000000008008ffe       0x16 ./Middlewares/ST/STM32_USB_Device_Library/Core/Src/usbd_core.o
                0x0000000008008ffe                USBD_RunTestMode
 .text.USBD_SetClassConfig
                0x0000000008009014       0x38 ./Middlewares/ST/STM32_USB_Device_Library/Core/Src/usbd_core.o
                0x0000000008009014                USBD_SetClassConfig
 .text.USBD_ClrClassConfig
                0x000000000800904c       0x34 ./Middlewares/ST/STM32_USB_Device_Library/Core/Src/usbd_core.o
                0x000000000800904c                USBD_ClrClassConfig
 .text.USBD_LL_SetupStage
                0x0000000008009080       0xaa ./Middlewares/ST/STM32_USB_Device_Library/Core/Src/usbd_core.o
                0x0000000008009080                USBD_LL_SetupStage
 .text.USBD_LL_DataOutStage
                0x000000000800912a      0x166 ./Middlewares/ST/STM32_USB_Device_Library/Core/Src/usbd_core.o
                0x000000000800912a                USBD_LL_DataOutStage
 .text.USBD_LL_DataInStage
                0x0000000008009290      0x164 ./Middlewares/ST/STM32_USB_Device_Library/Core/Src/usbd_core.o
                0x0000000008009290                USBD_LL_DataInStage
 .text.USBD_LL_Reset
                0x00000000080093f4       0xa4 ./Middlewares/ST/STM32_USB_Device_Library/Core/Src/usbd_core.o
                0x00000000080093f4                USBD_LL_Reset
 .text.USBD_LL_SetSpeed
                0x0000000008009498       0x20 ./Middlewares/ST/STM32_USB_Device_Library/Core/Src/usbd_core.o
                0x0000000008009498                USBD_LL_SetSpeed
 .text.USBD_LL_Suspend
                0x00000000080094b8       0x2c ./Middlewares/ST/STM32_USB_Device_Library/Core/Src/usbd_core.o
                0x00000000080094b8                USBD_LL_Suspend
 .text.USBD_LL_Resume
                0x00000000080094e4       0x30 ./Middlewares/ST/STM32_USB_Device_Library/Core/Src/usbd_core.o
                0x00000000080094e4                USBD_LL_Resume
 .text.USBD_LL_SOF
                0x0000000008009514       0x40 ./Middlewares/ST/STM32_USB_Device_Library/Core/Src/usbd_core.o
                0x0000000008009514                USBD_LL_SOF
 .text.USBD_LL_IsoINIncomplete
                0x0000000008009554       0x64 ./Middlewares/ST/STM32_USB_Device_Library/Core/Src/usbd_core.o
                0x0000000008009554                USBD_LL_IsoINIncomplete
 .text.USBD_LL_IsoOUTIncomplete
                0x00000000080095b8       0x64 ./Middlewares/ST/STM32_USB_Device_Library/Core/Src/usbd_core.o
                0x00000000080095b8                USBD_LL_IsoOUTIncomplete
 .text.USBD_LL_DevConnected
                0x000000000800961c       0x16 ./Middlewares/ST/STM32_USB_Device_Library/Core/Src/usbd_core.o
                0x000000000800961c                USBD_LL_DevConnected
 .text.USBD_LL_DevDisconnected
                0x0000000008009632       0x46 ./Middlewares/ST/STM32_USB_Device_Library/Core/Src/usbd_core.o
                0x0000000008009632                USBD_LL_DevDisconnected
 .text.USBD_CoreFindIF
                0x0000000008009678       0x1a ./Middlewares/ST/STM32_USB_Device_Library/Core/Src/usbd_core.o
                0x0000000008009678                USBD_CoreFindIF
 .text.USBD_CoreFindEP
                0x0000000008009692       0x1a ./Middlewares/ST/STM32_USB_Device_Library/Core/Src/usbd_core.o
                0x0000000008009692                USBD_CoreFindEP
 .text.USBD_GetEpDesc
                0x00000000080096ac       0x74 ./Middlewares/ST/STM32_USB_Device_Library/Core/Src/usbd_core.o
                0x00000000080096ac                USBD_GetEpDesc
 .text.USBD_GetNextDesc
                0x0000000008009720       0x3a ./Middlewares/ST/STM32_USB_Device_Library/Core/Src/usbd_core.o
                0x0000000008009720                USBD_GetNextDesc
 .text.SWAPBYTE
                0x000000000800975a       0x3c ./Middlewares/ST/STM32_USB_Device_Library/Core/Src/usbd_ctlreq.o
 *fill*         0x0000000008009796        0x2 
 .text.USBD_StdDevReq
                0x0000000008009798       0xe4 ./Middlewares/ST/STM32_USB_Device_Library/Core/Src/usbd_ctlreq.o
                0x0000000008009798                USBD_StdDevReq
 .text.USBD_StdItfReq
                0x000000000800987c       0xd8 ./Middlewares/ST/STM32_USB_Device_Library/Core/Src/usbd_ctlreq.o
                0x000000000800987c                USBD_StdItfReq
 .text.USBD_StdEPReq
                0x0000000008009954      0x33a ./Middlewares/ST/STM32_USB_Device_Library/Core/Src/usbd_ctlreq.o
                0x0000000008009954                USBD_StdEPReq
 *fill*         0x0000000008009c8e        0x2 
 .text.USBD_GetDescriptor
                0x0000000008009c90      0x328 ./Middlewares/ST/STM32_USB_Device_Library/Core/Src/usbd_ctlreq.o
 .text.USBD_SetAddress
                0x0000000008009fb8       0x88 ./Middlewares/ST/STM32_USB_Device_Library/Core/Src/usbd_ctlreq.o
 .text.USBD_SetConfig
                0x000000000800a040      0x154 ./Middlewares/ST/STM32_USB_Device_Library/Core/Src/usbd_ctlreq.o
 .text.USBD_GetConfig
                0x000000000800a194       0x6c ./Middlewares/ST/STM32_USB_Device_Library/Core/Src/usbd_ctlreq.o
 .text.USBD_GetStatus
                0x000000000800a200       0x68 ./Middlewares/ST/STM32_USB_Device_Library/Core/Src/usbd_ctlreq.o
 .text.USBD_SetFeature
                0x000000000800a268       0x52 ./Middlewares/ST/STM32_USB_Device_Library/Core/Src/usbd_ctlreq.o
 .text.USBD_ClrFeature
                0x000000000800a2ba       0x44 ./Middlewares/ST/STM32_USB_Device_Library/Core/Src/usbd_ctlreq.o
 .text.USBD_ParseSetupRequest
                0x000000000800a2fe       0x74 ./Middlewares/ST/STM32_USB_Device_Library/Core/Src/usbd_ctlreq.o
                0x000000000800a2fe                USBD_ParseSetupRequest
 .text.USBD_CtlError
                0x000000000800a372       0x22 ./Middlewares/ST/STM32_USB_Device_Library/Core/Src/usbd_ctlreq.o
                0x000000000800a372                USBD_CtlError
 .text.USBD_GetString
                0x000000000800a394       0x8c ./Middlewares/ST/STM32_USB_Device_Library/Core/Src/usbd_ctlreq.o
                0x000000000800a394                USBD_GetString
 .text.USBD_GetLen
                0x000000000800a420       0x34 ./Middlewares/ST/STM32_USB_Device_Library/Core/Src/usbd_ctlreq.o
 .text.USBD_CtlSendData
                0x000000000800a454       0x36 ./Middlewares/ST/STM32_USB_Device_Library/Core/Src/usbd_ioreq.o
                0x000000000800a454                USBD_CtlSendData
 .text.USBD_CtlContinueSendData
                0x000000000800a48a       0x22 ./Middlewares/ST/STM32_USB_Device_Library/Core/Src/usbd_ioreq.o
                0x000000000800a48a                USBD_CtlContinueSendData
 .text.USBD_CtlContinueRx
                0x000000000800a4ac       0x22 ./Middlewares/ST/STM32_USB_Device_Library/Core/Src/usbd_ioreq.o
                0x000000000800a4ac                USBD_CtlContinueRx
 .text.USBD_CtlSendStatus
                0x000000000800a4ce       0x26 ./Middlewares/ST/STM32_USB_Device_Library/Core/Src/usbd_ioreq.o
                0x000000000800a4ce                USBD_CtlSendStatus
 .text.USBD_CtlReceiveStatus
                0x000000000800a4f4       0x26 ./Middlewares/ST/STM32_USB_Device_Library/Core/Src/usbd_ioreq.o
                0x000000000800a4f4                USBD_CtlReceiveStatus
 *fill*         0x000000000800a51a        0x2 
 .text.FATFS_LinkDriverEx
                0x000000000800a51c       0x98 ./Middlewares/Third_Party/FatFs/src/ff_gen_drv.o
                0x000000000800a51c                FATFS_LinkDriverEx
 .text.FATFS_LinkDriver
                0x000000000800a5b4       0x1e ./Middlewares/Third_Party/FatFs/src/ff_gen_drv.o
                0x000000000800a5b4                FATFS_LinkDriver
 *fill*         0x000000000800a5d2        0x2 
 .text.MX_USB_DEVICE_Init
                0x000000000800a5d4       0x60 ./USB_DEVICE/App/usb_device.o
                0x000000000800a5d4                MX_USB_DEVICE_Init
 .text.USBD_FS_DeviceDescriptor
                0x000000000800a634       0x24 ./USB_DEVICE/App/usbd_desc.o
                0x000000000800a634                USBD_FS_DeviceDescriptor
 .text.USBD_FS_LangIDStrDescriptor
                0x000000000800a658       0x24 ./USB_DEVICE/App/usbd_desc.o
                0x000000000800a658                USBD_FS_LangIDStrDescriptor
 .text.USBD_FS_ProductStrDescriptor
                0x000000000800a67c       0x3c ./USB_DEVICE/App/usbd_desc.o
                0x000000000800a67c                USBD_FS_ProductStrDescriptor
 .text.USBD_FS_ManufacturerStrDescriptor
                0x000000000800a6b8       0x28 ./USB_DEVICE/App/usbd_desc.o
                0x000000000800a6b8                USBD_FS_ManufacturerStrDescriptor
 .text.USBD_FS_SerialStrDescriptor
                0x000000000800a6e0       0x24 ./USB_DEVICE/App/usbd_desc.o
                0x000000000800a6e0                USBD_FS_SerialStrDescriptor
 .text.USBD_FS_ConfigStrDescriptor
                0x000000000800a704       0x3c ./USB_DEVICE/App/usbd_desc.o
                0x000000000800a704                USBD_FS_ConfigStrDescriptor
 .text.USBD_FS_InterfaceStrDescriptor
                0x000000000800a740       0x3c ./USB_DEVICE/App/usbd_desc.o
                0x000000000800a740                USBD_FS_InterfaceStrDescriptor
 .text.USBD_FS_USR_BOSDescriptor
                0x000000000800a77c       0x24 ./USB_DEVICE/App/usbd_desc.o
                0x000000000800a77c                USBD_FS_USR_BOSDescriptor
 .text.Get_SerialNum
                0x000000000800a7a0       0x58 ./USB_DEVICE/App/usbd_desc.o
 .text.IntToUnicode
                0x000000000800a7f8       0x7e ./USB_DEVICE/App/usbd_desc.o
 .text.STORAGE_Init_FS
                0x000000000800a876       0x18 ./USB_DEVICE/App/usbd_storage_if.o
 .text.STORAGE_GetCapacity_FS
                0x000000000800a88e       0x2c ./USB_DEVICE/App/usbd_storage_if.o
 .text.STORAGE_IsReady_FS
                0x000000000800a8ba       0x18 ./USB_DEVICE/App/usbd_storage_if.o
 .text.STORAGE_IsWriteProtected_FS
                0x000000000800a8d2       0x18 ./USB_DEVICE/App/usbd_storage_if.o
 .text.STORAGE_Read_FS
                0x000000000800a8ea       0x22 ./USB_DEVICE/App/usbd_storage_if.o
 .text.STORAGE_Write_FS
                0x000000000800a90c       0x22 ./USB_DEVICE/App/usbd_storage_if.o
 .text.STORAGE_GetMaxLun_FS
                0x000000000800a92e       0x10 ./USB_DEVICE/App/usbd_storage_if.o
 *fill*         0x000000000800a93e        0x2 
 .text.HAL_PCD_MspInit
                0x000000000800a940       0xd4 ./USB_DEVICE/Target/usbd_conf.o
                0x000000000800a940                HAL_PCD_MspInit
 .text.HAL_PCD_SetupStageCallback
                0x000000000800aa14       0x24 ./USB_DEVICE/Target/usbd_conf.o
                0x000000000800aa14                HAL_PCD_SetupStageCallback
 .text.HAL_PCD_DataOutStageCallback
                0x000000000800aa38       0x36 ./USB_DEVICE/Target/usbd_conf.o
                0x000000000800aa38                HAL_PCD_DataOutStageCallback
 .text.HAL_PCD_DataInStageCallback
                0x000000000800aa6e       0x34 ./USB_DEVICE/Target/usbd_conf.o
                0x000000000800aa6e                HAL_PCD_DataInStageCallback
 .text.HAL_PCD_SOFCallback
                0x000000000800aaa2       0x1c ./USB_DEVICE/Target/usbd_conf.o
                0x000000000800aaa2                HAL_PCD_SOFCallback
 .text.HAL_PCD_ResetCallback
                0x000000000800aabe       0x3c ./USB_DEVICE/Target/usbd_conf.o
                0x000000000800aabe                HAL_PCD_ResetCallback
 *fill*         0x000000000800aafa        0x2 
 .text.HAL_PCD_SuspendCallback
                0x000000000800aafc       0x4c ./USB_DEVICE/Target/usbd_conf.o
                0x000000000800aafc                HAL_PCD_SuspendCallback
 .text.HAL_PCD_ResumeCallback
                0x000000000800ab48       0x1c ./USB_DEVICE/Target/usbd_conf.o
                0x000000000800ab48                HAL_PCD_ResumeCallback
 .text.HAL_PCD_ISOOUTIncompleteCallback
                0x000000000800ab64       0x24 ./USB_DEVICE/Target/usbd_conf.o
                0x000000000800ab64                HAL_PCD_ISOOUTIncompleteCallback
 .text.HAL_PCD_ISOINIncompleteCallback
                0x000000000800ab88       0x24 ./USB_DEVICE/Target/usbd_conf.o
                0x000000000800ab88                HAL_PCD_ISOINIncompleteCallback
 .text.HAL_PCD_ConnectCallback
                0x000000000800abac       0x1c ./USB_DEVICE/Target/usbd_conf.o
                0x000000000800abac                HAL_PCD_ConnectCallback
 .text.HAL_PCD_DisconnectCallback
                0x000000000800abc8       0x1c ./USB_DEVICE/Target/usbd_conf.o
                0x000000000800abc8                HAL_PCD_DisconnectCallback
 .text.USBD_LL_Init
                0x000000000800abe4       0xa0 ./USB_DEVICE/Target/usbd_conf.o
                0x000000000800abe4                USBD_LL_Init
 .text.USBD_LL_Start
                0x000000000800ac84       0x36 ./USB_DEVICE/Target/usbd_conf.o
                0x000000000800ac84                USBD_LL_Start
 .text.USBD_LL_OpenEP
                0x000000000800acba       0x4c ./USB_DEVICE/Target/usbd_conf.o
                0x000000000800acba                USBD_LL_OpenEP
 .text.USBD_LL_CloseEP
                0x000000000800ad06       0x3e ./USB_DEVICE/Target/usbd_conf.o
                0x000000000800ad06                USBD_LL_CloseEP
 .text.USBD_LL_FlushEP
                0x000000000800ad44       0x3e ./USB_DEVICE/Target/usbd_conf.o
                0x000000000800ad44                USBD_LL_FlushEP
 .text.USBD_LL_StallEP
                0x000000000800ad82       0x3e ./USB_DEVICE/Target/usbd_conf.o
                0x000000000800ad82                USBD_LL_StallEP
 .text.USBD_LL_ClearStallEP
                0x000000000800adc0       0x3e ./USB_DEVICE/Target/usbd_conf.o
                0x000000000800adc0                USBD_LL_ClearStallEP
 .text.USBD_LL_IsStallEP
                0x000000000800adfe       0x58 ./USB_DEVICE/Target/usbd_conf.o
                0x000000000800adfe                USBD_LL_IsStallEP
 .text.USBD_LL_SetUSBAddress
                0x000000000800ae56       0x3e ./USB_DEVICE/Target/usbd_conf.o
                0x000000000800ae56                USBD_LL_SetUSBAddress
 .text.USBD_LL_Transmit
                0x000000000800ae94       0x42 ./USB_DEVICE/Target/usbd_conf.o
                0x000000000800ae94                USBD_LL_Transmit
 .text.USBD_LL_PrepareReceive
                0x000000000800aed6       0x42 ./USB_DEVICE/Target/usbd_conf.o
                0x000000000800aed6                USBD_LL_PrepareReceive
 .text.USBD_LL_GetRxDataSize
                0x000000000800af18       0x26 ./USB_DEVICE/Target/usbd_conf.o
                0x000000000800af18                USBD_LL_GetRxDataSize
 *fill*         0x000000000800af3e        0x2 
 .text.HAL_PCDEx_LPM_Callback
                0x000000000800af40       0x9c ./USB_DEVICE/Target/usbd_conf.o
                0x000000000800af40                HAL_PCDEx_LPM_Callback
 .text.USBD_static_malloc
                0x000000000800afdc       0x1c ./USB_DEVICE/Target/usbd_conf.o
                0x000000000800afdc                USBD_static_malloc
 .text.USBD_static_free
                0x000000000800aff8       0x14 ./USB_DEVICE/Target/usbd_conf.o
                0x000000000800aff8                USBD_static_free
 .text.USBD_Get_USB_Status
                0x000000000800b00c       0x58 ./USB_DEVICE/Target/usbd_conf.o
                0x000000000800b00c                USBD_Get_USB_Status
 .text.__libc_init_array
                0x000000000800b064       0x48 c:/st/stm32cubeide_1.11.0/stm32cubeide/plugins/com.st.stm32cube.ide.mcu.externaltools.gnu-tools-for-stm32.10.3-2021.10.win32_1.0.100.202210260954/tools/bin/../lib/gcc/arm-none-eabi/10.3.1/../../../../arm-none-eabi/lib/thumb/v7e-m+fp/hard\libc_nano.a(lib_a-init.o)
                0x000000000800b064                __libc_init_array
 .text.memset   0x000000000800b0ac       0x10 c:/st/stm32cubeide_1.11.0/stm32cubeide/plugins/com.st.stm32cube.ide.mcu.externaltools.gnu-tools-for-stm32.10.3-2021.10.win32_1.0.100.202210260954/tools/bin/../lib/gcc/arm-none-eabi/10.3.1/../../../../arm-none-eabi/lib/thumb/v7e-m+fp/hard\libc_nano.a(lib_a-memset.o)
                0x000000000800b0ac                memset
 *(.glue_7)
 .glue_7        0x000000000800b0bc        0x0 linker stubs
 *(.glue_7t)
 .glue_7t       0x000000000800b0bc        0x0 linker stubs
 *(.eh_frame)
 .eh_frame      0x000000000800b0bc        0x0 c:/st/stm32cubeide_1.11.0/stm32cubeide/plugins/com.st.stm32cube.ide.mcu.externaltools.gnu-tools-for-stm32.10.3-2021.10.win32_1.0.100.202210260954/tools/bin/../lib/gcc/arm-none-eabi/10.3.1/thumb/v7e-m+fp/hard/crtbegin.o
 *(.init)
 .init          0x000000000800b0bc        0x4 c:/st/stm32cubeide_1.11.0/stm32cubeide/plugins/com.st.stm32cube.ide.mcu.externaltools.gnu-tools-for-stm32.10.3-2021.10.win32_1.0.100.202210260954/tools/bin/../lib/gcc/arm-none-eabi/10.3.1/thumb/v7e-m+fp/hard/crti.o
                0x000000000800b0bc                _init
 .init          0x000000000800b0c0        0x8 c:/st/stm32cubeide_1.11.0/stm32cubeide/plugins/com.st.stm32cube.ide.mcu.externaltools.gnu-tools-for-stm32.10.3-2021.10.win32_1.0.100.202210260954/tools/bin/../lib/gcc/arm-none-eabi/10.3.1/thumb/v7e-m+fp/hard/crtn.o
 *(.fini)
 .fini          0x000000000800b0c8        0x4 c:/st/stm32cubeide_1.11.0/stm32cubeide/plugins/com.st.stm32cube.ide.mcu.externaltools.gnu-tools-for-stm32.10.3-2021.10.win32_1.0.100.202210260954/tools/bin/../lib/gcc/arm-none-eabi/10.3.1/thumb/v7e-m+fp/hard/crti.o
                0x000000000800b0c8                _fini
 .fini          0x000000000800b0cc        0x8 c:/st/stm32cubeide_1.11.0/stm32cubeide/plugins/com.st.stm32cube.ide.mcu.externaltools.gnu-tools-for-stm32.10.3-2021.10.win32_1.0.100.202210260954/tools/bin/../lib/gcc/arm-none-eabi/10.3.1/thumb/v7e-m+fp/hard/crtn.o
                0x000000000800b0d4                . = ALIGN (0x4)
                0x000000000800b0d4                _etext = .

.vfp11_veneer   0x000000000800b0d4        0x0
 .vfp11_veneer  0x000000000800b0d4        0x0 linker stubs

.v4_bx          0x000000000800b0d4        0x0
 .v4_bx         0x000000000800b0d4        0x0 linker stubs

.iplt           0x000000000800b0d4        0x0
 .iplt          0x000000000800b0d4        0x0 c:/st/stm32cubeide_1.11.0/stm32cubeide/plugins/com.st.stm32cube.ide.mcu.externaltools.gnu-tools-for-stm32.10.3-2021.10.win32_1.0.100.202210260954/tools/bin/../lib/gcc/arm-none-eabi/10.3.1/thumb/v7e-m+fp/hard/crtbegin.o

.rodata         0x000000000800b0d4       0x88
                0x000000000800b0d4                . = ALIGN (0x4)
 *(.rodata)
 .rodata        0x000000000800b0d4       0x42 ./USB_DEVICE/App/usbd_desc.o
 *(.rodata*)
 *fill*         0x000000000800b116        0x2 
 .rodata.AHBPrescTable
                0x000000000800b118       0x10 ./Core/Src/system_stm32f4xx.o
                0x000000000800b118                AHBPrescTable
 .rodata.APBPrescTable
                0x000000000800b128        0x8 ./Core/Src/system_stm32f4xx.o
                0x000000000800b128                APBPrescTable
 .rodata.flagBitshiftOffset.0
                0x000000000800b130        0x8 ./Drivers/STM32F4xx_HAL_Driver/Src/stm32f4xx_hal_dma.o
 .rodata.STORAGE_Inquirydata_FS
                0x000000000800b138       0x24 ./USB_DEVICE/App/usbd_storage_if.o
                0x000000000800b138                STORAGE_Inquirydata_FS
                0x000000000800b15c                . = ALIGN (0x4)

.ARM.extab      0x000000000800b15c        0x0
                0x000000000800b15c                . = ALIGN (0x4)
 *(.ARM.extab* .gnu.linkonce.armextab.*)
                0x000000000800b15c                . = ALIGN (0x4)

.ARM            0x000000000800b15c        0x8
                0x000000000800b15c                . = ALIGN (0x4)
                0x000000000800b15c                __exidx_start = .
 *(.ARM.exidx*)
 .ARM.exidx     0x000000000800b15c        0x8 c:/st/stm32cubeide_1.11.0/stm32cubeide/plugins/com.st.stm32cube.ide.mcu.externaltools.gnu-tools-for-stm32.10.3-2021.10.win32_1.0.100.202210260954/tools/bin/../lib/gcc/arm-none-eabi/10.3.1/thumb/v7e-m+fp/hard\libgcc.a(_udivmoddi4.o)
                0x000000000800b164                __exidx_end = .
                0x000000000800b164                . = ALIGN (0x4)

.rel.dyn        0x000000000800b164        0x0
 .rel.iplt      0x000000000800b164        0x0 c:/st/stm32cubeide_1.11.0/stm32cubeide/plugins/com.st.stm32cube.ide.mcu.externaltools.gnu-tools-for-stm32.10.3-2021.10.win32_1.0.100.202210260954/tools/bin/../lib/gcc/arm-none-eabi/10.3.1/thumb/v7e-m+fp/hard/crtbegin.o

.preinit_array  0x000000000800b164        0x0
                0x000000000800b164                . = ALIGN (0x4)
                0x000000000800b164                PROVIDE (__preinit_array_start = .)
 *(.preinit_array*)
                0x000000000800b164                PROVIDE (__preinit_array_end = .)
                0x000000000800b164                . = ALIGN (0x4)

.init_array     0x000000000800b164        0x4
                0x000000000800b164                . = ALIGN (0x4)
                0x000000000800b164                PROVIDE (__init_array_start = .)
 *(SORT_BY_NAME(.init_array.*))
 *(.init_array*)
 .init_array    0x000000000800b164        0x4 c:/st/stm32cubeide_1.11.0/stm32cubeide/plugins/com.st.stm32cube.ide.mcu.externaltools.gnu-tools-for-stm32.10.3-2021.10.win32_1.0.100.202210260954/tools/bin/../lib/gcc/arm-none-eabi/10.3.1/thumb/v7e-m+fp/hard/crtbegin.o
                0x000000000800b168                PROVIDE (__init_array_end = .)
                0x000000000800b168                . = ALIGN (0x4)

.fini_array     0x000000000800b168        0x4
                0x000000000800b168                . = ALIGN (0x4)
                [!provide]                        PROVIDE (__fini_array_start = .)
 *(SORT_BY_NAME(.fini_array.*))
 *(.fini_array*)
 .fini_array    0x000000000800b168        0x4 c:/st/stm32cubeide_1.11.0/stm32cubeide/plugins/com.st.stm32cube.ide.mcu.externaltools.gnu-tools-for-stm32.10.3-2021.10.win32_1.0.100.202210260954/tools/bin/../lib/gcc/arm-none-eabi/10.3.1/thumb/v7e-m+fp/hard/crtbegin.o
                [!provide]                        PROVIDE (__fini_array_end = .)
                0x000000000800b16c                . = ALIGN (0x4)
                0x000000000800b16c                _sidata = LOADADDR (.data)

.data           0x0000000020000000      0x148 load address 0x000000000800b16c
                0x0000000020000000                . = ALIGN (0x4)
                0x0000000020000000                _sdata = .
 *(.data)
 *(.data*)
 .data.SystemCoreClock
                0x0000000020000000        0x4 ./Core/Src/system_stm32f4xx.o
                0x0000000020000000                SystemCoreClock
 .data.uwTickPrio
                0x0000000020000004        0x4 ./Drivers/STM32F4xx_HAL_Driver/Src/stm32f4xx_hal.o
                0x0000000020000004                uwTickPrio
 .data.uwTickFreq
                0x0000000020000008        0x1 ./Drivers/STM32F4xx_HAL_Driver/Src/stm32f4xx_hal.o
                0x0000000020000008                uwTickFreq
 .data.Stat     0x0000000020000009        0x1 ./FATFS/Target/user_diskio.o
 *fill*         0x000000002000000a        0x2 
 .data.USER_Driver
                0x000000002000000c       0x14 ./FATFS/Target/user_diskio.o
                0x000000002000000c                USER_Driver
 .data.USBD_MSC
                0x0000000020000020       0x38 ./Middlewares/ST/STM32_USB_Device_Library/Class/MSC/Src/usbd_msc.o
                0x0000000020000020                USBD_MSC
 .data.USBD_MSC_CfgDesc
                0x0000000020000058       0x20 ./Middlewares/ST/STM32_USB_Device_Library/Class/MSC/Src/usbd_msc.o
 .data.USBD_MSC_DeviceQualifierDesc
                0x0000000020000078        0xa ./Middlewares/ST/STM32_USB_Device_Library/Class/MSC/Src/usbd_msc.o
 .data.MSCInEpAdd
                0x0000000020000082        0x1 ./Middlewares/ST/STM32_USB_Device_Library/Class/MSC/Src/usbd_msc.o
                0x0000000020000082                MSCInEpAdd
 .data.MSCOutEpAdd
                0x0000000020000083        0x1 ./Middlewares/ST/STM32_USB_Device_Library/Class/MSC/Src/usbd_msc.o
                0x0000000020000083                MSCOutEpAdd
 .data.MSC_Page00_Inquiry_Data
                0x0000000020000084        0x6 ./Middlewares/ST/STM32_USB_Device_Library/Class/MSC/Src/usbd_msc_data.o
                0x0000000020000084                MSC_Page00_Inquiry_Data
 *fill*         0x000000002000008a        0x2 
 .data.MSC_Page80_Inquiry_Data
                0x000000002000008c        0x8 ./Middlewares/ST/STM32_USB_Device_Library/Class/MSC/Src/usbd_msc_data.o
                0x000000002000008c                MSC_Page80_Inquiry_Data
 .data.MSC_Mode_Sense6_data
                0x0000000020000094       0x17 ./Middlewares/ST/STM32_USB_Device_Library/Class/MSC/Src/usbd_msc_data.o
                0x0000000020000094                MSC_Mode_Sense6_data
 *fill*         0x00000000200000ab        0x1 
 .data.MSC_Mode_Sense10_data
                0x00000000200000ac       0x1b ./Middlewares/ST/STM32_USB_Device_Library/Class/MSC/Src/usbd_msc_data.o
                0x00000000200000ac                MSC_Mode_Sense10_data
 *fill*         0x00000000200000c7        0x1 
 .data.FS_Desc  0x00000000200000c8       0x20 ./USB_DEVICE/App/usbd_desc.o
                0x00000000200000c8                FS_Desc
 .data.USBD_FS_DeviceDesc
                0x00000000200000e8       0x12 ./USB_DEVICE/App/usbd_desc.o
                0x00000000200000e8                USBD_FS_DeviceDesc
 *fill*         0x00000000200000fa        0x2 
 .data.USBD_FS_BOSDesc
                0x00000000200000fc        0xc ./USB_DEVICE/App/usbd_desc.o
                0x00000000200000fc                USBD_FS_BOSDesc
 .data.USBD_LangIDDesc
                0x0000000020000108        0x4 ./USB_DEVICE/App/usbd_desc.o
                0x0000000020000108                USBD_LangIDDesc
 .data.USBD_StringSerial
                0x000000002000010c       0x1a ./USB_DEVICE/App/usbd_desc.o
                0x000000002000010c                USBD_StringSerial
 *fill*         0x0000000020000126        0x2 
 .data.USBD_Storage_Interface_fops_FS
                0x0000000020000128       0x20 ./USB_DEVICE/App/usbd_storage_if.o
                0x0000000020000128                USBD_Storage_Interface_fops_FS
 *(.RamFunc)
 *(.RamFunc*)
                0x0000000020000148                . = ALIGN (0x4)
                0x0000000020000148                _edata = .

.igot.plt       0x0000000020000148        0x0 load address 0x000000000800b2b4
 .igot.plt      0x0000000020000148        0x0 c:/st/stm32cubeide_1.11.0/stm32cubeide/plugins/com.st.stm32cube.ide.mcu.externaltools.gnu-tools-for-stm32.10.3-2021.10.win32_1.0.100.202210260954/tools/bin/../lib/gcc/arm-none-eabi/10.3.1/thumb/v7e-m+fp/hard/crtbegin.o
                0x0000000020000148                . = ALIGN (0x4)

.bss            0x0000000020000148      0xf40 load address 0x000000000800b2b4
                0x0000000020000148                _sbss = .
                0x0000000020000148                __bss_start__ = _sbss
 *(.bss)
 .bss           0x0000000020000148       0x1c c:/st/stm32cubeide_1.11.0/stm32cubeide/plugins/com.st.stm32cube.ide.mcu.externaltools.gnu-tools-for-stm32.10.3-2021.10.win32_1.0.100.202210260954/tools/bin/../lib/gcc/arm-none-eabi/10.3.1/thumb/v7e-m+fp/hard/crtbegin.o
 *(.bss*)
 .bss.hadc1     0x0000000020000164       0x48 ./Core/Src/main.o
                0x0000000020000164                hadc1
 .bss.hcan1     0x00000000200001ac       0x28 ./Core/Src/main.o
                0x00000000200001ac                hcan1
 .bss.hcan2     0x00000000200001d4       0x28 ./Core/Src/main.o
                0x00000000200001d4                hcan2
 .bss.hi2c2     0x00000000200001fc       0x54 ./Core/Src/main.o
                0x00000000200001fc                hi2c2
 .bss.hrtc      0x0000000020000250       0x20 ./Core/Src/main.o
                0x0000000020000250                hrtc
 .bss.hspi1     0x0000000020000270       0x58 ./Core/Src/main.o
                0x0000000020000270                hspi1
 .bss.hspi2     0x00000000200002c8       0x58 ./Core/Src/main.o
                0x00000000200002c8                hspi2
 .bss.hdma_spi1_tx
                0x0000000020000320       0x60 ./Core/Src/main.o
                0x0000000020000320                hdma_spi1_tx
 .bss.huart1    0x0000000020000380       0x44 ./Core/Src/main.o
                0x0000000020000380                huart1
 .bss.huart3    0x00000000200003c4       0x44 ./Core/Src/main.o
                0x00000000200003c4                huart3
 .bss.HAL_RCC_CAN1_CLK_ENABLED
                0x0000000020000408        0x4 ./Core/Src/stm32f4xx_hal_msp.o
 .bss.uwTick    0x000000002000040c        0x4 ./Drivers/STM32F4xx_HAL_Driver/Src/stm32f4xx_hal.o
                0x000000002000040c                uwTick
 .bss.retUSER   0x0000000020000410        0x1 ./FATFS/App/fatfs.o
                0x0000000020000410                retUSER
 *fill*         0x0000000020000411        0x3 
 .bss.USERPath  0x0000000020000414        0x4 ./FATFS/App/fatfs.o
                0x0000000020000414                USERPath
 .bss.cfgidx.0  0x0000000020000418        0x1 ./Middlewares/ST/STM32_USB_Device_Library/Core/Src/usbd_ctlreq.o
 *fill*         0x0000000020000419        0x3 
 .bss.disk      0x000000002000041c        0xc ./Middlewares/Third_Party/FatFs/src/ff_gen_drv.o
                0x000000002000041c                disk
 .bss.hUsbDeviceFS
                0x0000000020000428      0x2dc ./USB_DEVICE/App/usb_device.o
                0x0000000020000428                hUsbDeviceFS
 .bss.USBD_StrDesc
                0x0000000020000704      0x200 ./USB_DEVICE/App/usbd_desc.o
                0x0000000020000704                USBD_StrDesc
 .bss.hpcd_USB_OTG_FS
                0x0000000020000904      0x50c ./USB_DEVICE/Target/usbd_conf.o
                0x0000000020000904                hpcd_USB_OTG_FS
 .bss.mem.0     0x0000000020000e10      0x278 ./USB_DEVICE/Target/usbd_conf.o
 *(COMMON)
                0x0000000020001088                . = ALIGN (0x4)
                0x0000000020001088                _ebss = .
                0x0000000020001088                __bss_end__ = _ebss

._user_heap_stack
                0x0000000020001088      0x600 load address 0x000000000800b2b4
                0x0000000020001088                . = ALIGN (0x8)
                [!provide]                        PROVIDE (end = .)
                0x0000000020001088                PROVIDE (_end = .)
                0x0000000020001288                . = (. + _Min_Heap_Size)
 *fill*         0x0000000020001088      0x200 
                0x0000000020001688                . = (. + _Min_Stack_Size)
 *fill*         0x0000000020001288      0x400 
                0x0000000020001688                . = ALIGN (0x8)

/DISCARD/
 libc.a(*)
 libm.a(*)
 libgcc.a(*)

.ARM.attributes
                0x0000000000000000       0x30
 *(.ARM.attributes)
 .ARM.attributes
                0x0000000000000000       0x1e c:/st/stm32cubeide_1.11.0/stm32cubeide/plugins/com.st.stm32cube.ide.mcu.externaltools.gnu-tools-for-stm32.10.3-2021.10.win32_1.0.100.202210260954/tools/bin/../lib/gcc/arm-none-eabi/10.3.1/thumb/v7e-m+fp/hard/crti.o
 .ARM.attributes
                0x000000000000001e       0x34 c:/st/stm32cubeide_1.11.0/stm32cubeide/plugins/com.st.stm32cube.ide.mcu.externaltools.gnu-tools-for-stm32.10.3-2021.10.win32_1.0.100.202210260954/tools/bin/../lib/gcc/arm-none-eabi/10.3.1/thumb/v7e-m+fp/hard/crtbegin.o
 .ARM.attributes
                0x0000000000000052       0x34 ./Core/Src/main.o
 .ARM.attributes
                0x0000000000000086       0x34 ./Core/Src/stm32f4xx_hal_msp.o
 .ARM.attributes
                0x00000000000000ba       0x34 ./Core/Src/stm32f4xx_it.o
 .ARM.attributes
                0x00000000000000ee       0x34 ./Core/Src/system_stm32f4xx.o
 .ARM.attributes
                0x0000000000000122       0x21 ./Core/Startup/startup_stm32f412retx.o
 .ARM.attributes
                0x0000000000000143       0x34 ./Drivers/STM32F4xx_HAL_Driver/Src/stm32f4xx_hal.o
 .ARM.attributes
                0x0000000000000177       0x34 ./Drivers/STM32F4xx_HAL_Driver/Src/stm32f4xx_hal_adc.o
 .ARM.attributes
                0x00000000000001ab       0x34 ./Drivers/STM32F4xx_HAL_Driver/Src/stm32f4xx_hal_can.o
 .ARM.attributes
                0x00000000000001df       0x34 ./Drivers/STM32F4xx_HAL_Driver/Src/stm32f4xx_hal_cortex.o
 .ARM.attributes
                0x0000000000000213       0x34 ./Drivers/STM32F4xx_HAL_Driver/Src/stm32f4xx_hal_dma.o
 .ARM.attributes
                0x0000000000000247       0x34 ./Drivers/STM32F4xx_HAL_Driver/Src/stm32f4xx_hal_gpio.o
 .ARM.attributes
                0x000000000000027b       0x34 ./Drivers/STM32F4xx_HAL_Driver/Src/stm32f4xx_hal_i2c.o
 .ARM.attributes
                0x00000000000002af       0x34 ./Drivers/STM32F4xx_HAL_Driver/Src/stm32f4xx_hal_pcd.o
 .ARM.attributes
                0x00000000000002e3       0x34 ./Drivers/STM32F4xx_HAL_Driver/Src/stm32f4xx_hal_pcd_ex.o
 .ARM.attributes
                0x0000000000000317       0x34 ./Drivers/STM32F4xx_HAL_Driver/Src/stm32f4xx_hal_rcc.o
 .ARM.attributes
                0x000000000000034b       0x34 ./Drivers/STM32F4xx_HAL_Driver/Src/stm32f4xx_hal_rcc_ex.o
 .ARM.attributes
                0x000000000000037f       0x34 ./Drivers/STM32F4xx_HAL_Driver/Src/stm32f4xx_hal_rtc.o
 .ARM.attributes
                0x00000000000003b3       0x34 ./Drivers/STM32F4xx_HAL_Driver/Src/stm32f4xx_hal_spi.o
 .ARM.attributes
                0x00000000000003e7       0x34 ./Drivers/STM32F4xx_HAL_Driver/Src/stm32f4xx_hal_uart.o
 .ARM.attributes
                0x000000000000041b       0x34 ./Drivers/STM32F4xx_HAL_Driver/Src/stm32f4xx_ll_usb.o
 .ARM.attributes
                0x000000000000044f       0x34 ./FATFS/App/fatfs.o
 .ARM.attributes
                0x0000000000000483       0x34 ./FATFS/Target/user_diskio.o
 .ARM.attributes
                0x00000000000004b7       0x34 ./Middlewares/ST/STM32_USB_Device_Library/Class/MSC/Src/usbd_msc.o
 .ARM.attributes
                0x00000000000004eb       0x34 ./Middlewares/ST/STM32_USB_Device_Library/Class/MSC/Src/usbd_msc_bot.o
 .ARM.attributes
                0x000000000000051f       0x34 ./Middlewares/ST/STM32_USB_Device_Library/Class/MSC/Src/usbd_msc_data.o
 .ARM.attributes
                0x0000000000000553       0x34 ./Middlewares/ST/STM32_USB_Device_Library/Class/MSC/Src/usbd_msc_scsi.o
 .ARM.attributes
                0x0000000000000587       0x34 ./Middlewares/ST/STM32_USB_Device_Library/Core/Src/usbd_core.o
 .ARM.attributes
                0x00000000000005bb       0x34 ./Middlewares/ST/STM32_USB_Device_Library/Core/Src/usbd_ctlreq.o
 .ARM.attributes
                0x00000000000005ef       0x34 ./Middlewares/ST/STM32_USB_Device_Library/Core/Src/usbd_ioreq.o
 .ARM.attributes
                0x0000000000000623       0x34 ./Middlewares/Third_Party/FatFs/src/ff_gen_drv.o
 .ARM.attributes
                0x0000000000000657       0x34 ./USB_DEVICE/App/usb_device.o
 .ARM.attributes
                0x000000000000068b       0x34 ./USB_DEVICE/App/usbd_desc.o
 .ARM.attributes
                0x00000000000006bf       0x34 ./USB_DEVICE/App/usbd_storage_if.o
 .ARM.attributes
                0x00000000000006f3       0x34 ./USB_DEVICE/Target/usbd_conf.o
 .ARM.attributes
                0x0000000000000727       0x34 c:/st/stm32cubeide_1.11.0/stm32cubeide/plugins/com.st.stm32cube.ide.mcu.externaltools.gnu-tools-for-stm32.10.3-2021.10.win32_1.0.100.202210260954/tools/bin/../lib/gcc/arm-none-eabi/10.3.1/../../../../arm-none-eabi/lib/thumb/v7e-m+fp/hard\libc_nano.a(lib_a-init.o)
 .ARM.attributes
                0x000000000000075b       0x34 c:/st/stm32cubeide_1.11.0/stm32cubeide/plugins/com.st.stm32cube.ide.mcu.externaltools.gnu-tools-for-stm32.10.3-2021.10.win32_1.0.100.202210260954/tools/bin/../lib/gcc/arm-none-eabi/10.3.1/../../../../arm-none-eabi/lib/thumb/v7e-m+fp/hard\libc_nano.a(lib_a-memset.o)
 .ARM.attributes
                0x000000000000078f       0x1e c:/st/stm32cubeide_1.11.0/stm32cubeide/plugins/com.st.stm32cube.ide.mcu.externaltools.gnu-tools-for-stm32.10.3-2021.10.win32_1.0.100.202210260954/tools/bin/../lib/gcc/arm-none-eabi/10.3.1/thumb/v7e-m+fp/hard\libgcc.a(_aeabi_uldivmod.o)
 .ARM.attributes
                0x00000000000007ad       0x34 c:/st/stm32cubeide_1.11.0/stm32cubeide/plugins/com.st.stm32cube.ide.mcu.externaltools.gnu-tools-for-stm32.10.3-2021.10.win32_1.0.100.202210260954/tools/bin/../lib/gcc/arm-none-eabi/10.3.1/thumb/v7e-m+fp/hard\libgcc.a(_udivmoddi4.o)
 .ARM.attributes
                0x00000000000007e1       0x1e c:/st/stm32cubeide_1.11.0/stm32cubeide/plugins/com.st.stm32cube.ide.mcu.externaltools.gnu-tools-for-stm32.10.3-2021.10.win32_1.0.100.202210260954/tools/bin/../lib/gcc/arm-none-eabi/10.3.1/thumb/v7e-m+fp/hard\libgcc.a(_dvmd_tls.o)
 .ARM.attributes
                0x00000000000007ff       0x1e c:/st/stm32cubeide_1.11.0/stm32cubeide/plugins/com.st.stm32cube.ide.mcu.externaltools.gnu-tools-for-stm32.10.3-2021.10.win32_1.0.100.202210260954/tools/bin/../lib/gcc/arm-none-eabi/10.3.1/thumb/v7e-m+fp/hard/crtn.o
OUTPUT(CANBUS_Display.elf elf32-littlearm)
LOAD linker stubs
LOAD c:/st/stm32cubeide_1.11.0/stm32cubeide/plugins/com.st.stm32cube.ide.mcu.externaltools.gnu-tools-for-stm32.10.3-2021.10.win32_1.0.100.202210260954/tools/bin/../lib/gcc/arm-none-eabi/10.3.1/../../../../arm-none-eabi/lib/thumb/v7e-m+fp/hard\libc.a
LOAD c:/st/stm32cubeide_1.11.0/stm32cubeide/plugins/com.st.stm32cube.ide.mcu.externaltools.gnu-tools-for-stm32.10.3-2021.10.win32_1.0.100.202210260954/tools/bin/../lib/gcc/arm-none-eabi/10.3.1/../../../../arm-none-eabi/lib/thumb/v7e-m+fp/hard\libm.a
LOAD c:/st/stm32cubeide_1.11.0/stm32cubeide/plugins/com.st.stm32cube.ide.mcu.externaltools.gnu-tools-for-stm32.10.3-2021.10.win32_1.0.100.202210260954/tools/bin/../lib/gcc/arm-none-eabi/10.3.1/thumb/v7e-m+fp/hard\libgcc.a

.debug_info     0x0000000000000000    0x1e9d7
 .debug_info    0x0000000000000000     0x212d ./Core/Src/main.o
 .debug_info    0x000000000000212d     0x1db1 ./Core/Src/stm32f4xx_hal_msp.o
 .debug_info    0x0000000000003ede      0x939 ./Core/Src/stm32f4xx_it.o
 .debug_info    0x0000000000004817      0x55b ./Core/Src/system_stm32f4xx.o
 .debug_info    0x0000000000004d72       0x22 ./Core/Startup/startup_stm32f412retx.o
 .debug_info    0x0000000000004d94      0x9a2 ./Drivers/STM32F4xx_HAL_Driver/Src/stm32f4xx_hal.o
 .debug_info    0x0000000000005736      0xd70 ./Drivers/STM32F4xx_HAL_Driver/Src/stm32f4xx_hal_adc.o
 .debug_info    0x00000000000064a6      0xfbe ./Drivers/STM32F4xx_HAL_Driver/Src/stm32f4xx_hal_can.o
 .debug_info    0x0000000000007464      0xe09 ./Drivers/STM32F4xx_HAL_Driver/Src/stm32f4xx_hal_cortex.o
 .debug_info    0x000000000000826d      0x94f ./Drivers/STM32F4xx_HAL_Driver/Src/stm32f4xx_hal_dma.o
 .debug_info    0x0000000000008bbc      0x7be ./Drivers/STM32F4xx_HAL_Driver/Src/stm32f4xx_hal_gpio.o
 .debug_info    0x000000000000937a     0x2617 ./Drivers/STM32F4xx_HAL_Driver/Src/stm32f4xx_hal_i2c.o
 .debug_info    0x000000000000b991     0x170f ./Drivers/STM32F4xx_HAL_Driver/Src/stm32f4xx_hal_pcd.o
 .debug_info    0x000000000000d0a0      0x8ca ./Drivers/STM32F4xx_HAL_Driver/Src/stm32f4xx_hal_pcd_ex.o
 .debug_info    0x000000000000d96a      0x9ab ./Drivers/STM32F4xx_HAL_Driver/Src/stm32f4xx_hal_rcc.o
 .debug_info    0x000000000000e315      0x801 ./Drivers/STM32F4xx_HAL_Driver/Src/stm32f4xx_hal_rcc_ex.o
 .debug_info    0x000000000000eb16      0xcf8 ./Drivers/STM32F4xx_HAL_Driver/Src/stm32f4xx_hal_rtc.o
 .debug_info    0x000000000000f80e     0x1758 ./Drivers/STM32F4xx_HAL_Driver/Src/stm32f4xx_hal_spi.o
 .debug_info    0x0000000000010f66     0x31bc ./Drivers/STM32F4xx_HAL_Driver/Src/stm32f4xx_hal_uart.o
 .debug_info    0x0000000000014122     0x1afb ./Drivers/STM32F4xx_HAL_Driver/Src/stm32f4xx_ll_usb.o
 .debug_info    0x0000000000015c1d      0x4fa ./FATFS/App/fatfs.o
 .debug_info    0x0000000000016117      0x34b ./FATFS/Target/user_diskio.o
 .debug_info    0x0000000000016462      0xe6b ./Middlewares/ST/STM32_USB_Device_Library/Class/MSC/Src/usbd_msc.o
 .debug_info    0x00000000000172cd      0xd0f ./Middlewares/ST/STM32_USB_Device_Library/Class/MSC/Src/usbd_msc_bot.o
 .debug_info    0x0000000000017fdc      0x136 ./Middlewares/ST/STM32_USB_Device_Library/Class/MSC/Src/usbd_msc_data.o
 .debug_info    0x0000000000018112     0x12e3 ./Middlewares/ST/STM32_USB_Device_Library/Class/MSC/Src/usbd_msc_scsi.o
 .debug_info    0x00000000000193f5      0xef5 ./Middlewares/ST/STM32_USB_Device_Library/Core/Src/usbd_core.o
 .debug_info    0x000000000001a2ea      0xb8d ./Middlewares/ST/STM32_USB_Device_Library/Core/Src/usbd_ctlreq.o
 .debug_info    0x000000000001ae77      0x7e8 ./Middlewares/ST/STM32_USB_Device_Library/Core/Src/usbd_ioreq.o
 .debug_info    0x000000000001b65f      0x3a9 ./Middlewares/Third_Party/FatFs/src/ff_gen_drv.o
 .debug_info    0x000000000001ba08      0x7a5 ./USB_DEVICE/App/usb_device.o
 .debug_info    0x000000000001c1ad      0x505 ./USB_DEVICE/App/usbd_desc.o
 .debug_info    0x000000000001c6b2      0x3d5 ./USB_DEVICE/App/usbd_storage_if.o
 .debug_info    0x000000000001ca87     0x1f50 ./USB_DEVICE/Target/usbd_conf.o

.debug_abbrev   0x0000000000000000     0x47d5
 .debug_abbrev  0x0000000000000000      0x2f1 ./Core/Src/main.o
 .debug_abbrev  0x00000000000002f1      0x274 ./Core/Src/stm32f4xx_hal_msp.o
 .debug_abbrev  0x0000000000000565      0x1c2 ./Core/Src/stm32f4xx_it.o
 .debug_abbrev  0x0000000000000727      0x116 ./Core/Src/system_stm32f4xx.o
 .debug_abbrev  0x000000000000083d       0x12 ./Core/Startup/startup_stm32f412retx.o
 .debug_abbrev  0x000000000000084f      0x20d ./Drivers/STM32F4xx_HAL_Driver/Src/stm32f4xx_hal.o
 .debug_abbrev  0x0000000000000a5c      0x244 ./Drivers/STM32F4xx_HAL_Driver/Src/stm32f4xx_hal_adc.o
 .debug_abbrev  0x0000000000000ca0      0x21d ./Drivers/STM32F4xx_HAL_Driver/Src/stm32f4xx_hal_can.o
 .debug_abbrev  0x0000000000000ebd      0x316 ./Drivers/STM32F4xx_HAL_Driver/Src/stm32f4xx_hal_cortex.o
 .debug_abbrev  0x00000000000011d3      0x25b ./Drivers/STM32F4xx_HAL_Driver/Src/stm32f4xx_hal_dma.o
 .debug_abbrev  0x000000000000142e      0x1c4 ./Drivers/STM32F4xx_HAL_Driver/Src/stm32f4xx_hal_gpio.o
 .debug_abbrev  0x00000000000015f2      0x297 ./Drivers/STM32F4xx_HAL_Driver/Src/stm32f4xx_hal_i2c.o
 .debug_abbrev  0x0000000000001889      0x2d2 ./Drivers/STM32F4xx_HAL_Driver/Src/stm32f4xx_hal_pcd.o
 .debug_abbrev  0x0000000000001b5b      0x24a ./Drivers/STM32F4xx_HAL_Driver/Src/stm32f4xx_hal_pcd_ex.o
 .debug_abbrev  0x0000000000001da5      0x2aa ./Drivers/STM32F4xx_HAL_Driver/Src/stm32f4xx_hal_rcc.o
 .debug_abbrev  0x000000000000204f      0x1d9 ./Drivers/STM32F4xx_HAL_Driver/Src/stm32f4xx_hal_rcc_ex.o
 .debug_abbrev  0x0000000000002228      0x1f1 ./Drivers/STM32F4xx_HAL_Driver/Src/stm32f4xx_hal_rtc.o
 .debug_abbrev  0x0000000000002419      0x26e ./Drivers/STM32F4xx_HAL_Driver/Src/stm32f4xx_hal_spi.o
 .debug_abbrev  0x0000000000002687      0x2f4 ./Drivers/STM32F4xx_HAL_Driver/Src/stm32f4xx_hal_uart.o
 .debug_abbrev  0x000000000000297b      0x296 ./Drivers/STM32F4xx_HAL_Driver/Src/stm32f4xx_ll_usb.o
 .debug_abbrev  0x0000000000002c11      0x15a ./FATFS/App/fatfs.o
 .debug_abbrev  0x0000000000002d6b      0x139 ./FATFS/Target/user_diskio.o
 .debug_abbrev  0x0000000000002ea4      0x2fe ./Middlewares/ST/STM32_USB_Device_Library/Class/MSC/Src/usbd_msc.o
 .debug_abbrev  0x00000000000031a2      0x2c3 ./Middlewares/ST/STM32_USB_Device_Library/Class/MSC/Src/usbd_msc_bot.o
 .debug_abbrev  0x0000000000003465       0x6c ./Middlewares/ST/STM32_USB_Device_Library/Class/MSC/Src/usbd_msc_data.o
 .debug_abbrev  0x00000000000034d1      0x2fa ./Middlewares/ST/STM32_USB_Device_Library/Class/MSC/Src/usbd_msc_scsi.o
 .debug_abbrev  0x00000000000037cb      0x263 ./Middlewares/ST/STM32_USB_Device_Library/Core/Src/usbd_core.o
 .debug_abbrev  0x0000000000003a2e      0x25c ./Middlewares/ST/STM32_USB_Device_Library/Core/Src/usbd_ctlreq.o
 .debug_abbrev  0x0000000000003c8a      0x18a ./Middlewares/ST/STM32_USB_Device_Library/Core/Src/usbd_ioreq.o
 .debug_abbrev  0x0000000000003e14      0x196 ./Middlewares/Third_Party/FatFs/src/ff_gen_drv.o
 .debug_abbrev  0x0000000000003faa      0x18a ./USB_DEVICE/App/usb_device.o
 .debug_abbrev  0x0000000000004134      0x1da ./USB_DEVICE/App/usbd_desc.o
 .debug_abbrev  0x000000000000430e      0x19c ./USB_DEVICE/App/usbd_storage_if.o
 .debug_abbrev  0x00000000000044aa      0x32b ./USB_DEVICE/Target/usbd_conf.o

.debug_aranges  0x0000000000000000     0x1858
 .debug_aranges
                0x0000000000000000       0x88 ./Core/Src/main.o
 .debug_aranges
                0x0000000000000088       0x80 ./Core/Src/stm32f4xx_hal_msp.o
 .debug_aranges
                0x0000000000000108       0x70 ./Core/Src/stm32f4xx_it.o
 .debug_aranges
                0x0000000000000178       0x28 ./Core/Src/system_stm32f4xx.o
 .debug_aranges
                0x00000000000001a0       0x28 ./Core/Startup/startup_stm32f412retx.o
 .debug_aranges
                0x00000000000001c8       0xf0 ./Drivers/STM32F4xx_HAL_Driver/Src/stm32f4xx_hal.o
 .debug_aranges
                0x00000000000002b8       0xe8 ./Drivers/STM32F4xx_HAL_Driver/Src/stm32f4xx_hal_adc.o
 .debug_aranges
                0x00000000000003a0      0x138 ./Drivers/STM32F4xx_HAL_Driver/Src/stm32f4xx_hal_can.o
 .debug_aranges
                0x00000000000004d8      0x118 ./Drivers/STM32F4xx_HAL_Driver/Src/stm32f4xx_hal_cortex.o
 .debug_aranges
                0x00000000000005f0       0x90 ./Drivers/STM32F4xx_HAL_Driver/Src/stm32f4xx_hal_dma.o
 .debug_aranges
                0x0000000000000680       0x58 ./Drivers/STM32F4xx_HAL_Driver/Src/stm32f4xx_hal_gpio.o
 .debug_aranges
                0x00000000000006d8      0x2a0 ./Drivers/STM32F4xx_HAL_Driver/Src/stm32f4xx_hal_i2c.o
 .debug_aranges
                0x0000000000000978      0x148 ./Drivers/STM32F4xx_HAL_Driver/Src/stm32f4xx_hal_pcd.o
 .debug_aranges
                0x0000000000000ac0       0x60 ./Drivers/STM32F4xx_HAL_Driver/Src/stm32f4xx_hal_pcd_ex.o
 .debug_aranges
                0x0000000000000b20       0x88 ./Drivers/STM32F4xx_HAL_Driver/Src/stm32f4xx_hal_rcc.o
 .debug_aranges
                0x0000000000000ba8       0x60 ./Drivers/STM32F4xx_HAL_Driver/Src/stm32f4xx_hal_rcc_ex.o
 .debug_aranges
                0x0000000000000c08       0xe8 ./Drivers/STM32F4xx_HAL_Driver/Src/stm32f4xx_hal_rtc.o
 .debug_aranges
                0x0000000000000cf0      0x1d0 ./Drivers/STM32F4xx_HAL_Driver/Src/stm32f4xx_hal_spi.o
 .debug_aranges
                0x0000000000000ec0      0x200 ./Drivers/STM32F4xx_HAL_Driver/Src/stm32f4xx_hal_uart.o
 .debug_aranges
                0x00000000000010c0      0x1a0 ./Drivers/STM32F4xx_HAL_Driver/Src/stm32f4xx_ll_usb.o
 .debug_aranges
                0x0000000000001260       0x28 ./FATFS/App/fatfs.o
 .debug_aranges
                0x0000000000001288       0x40 ./FATFS/Target/user_diskio.o
 .debug_aranges
                0x00000000000012c8       0x68 ./Middlewares/ST/STM32_USB_Device_Library/Class/MSC/Src/usbd_msc.o
 .debug_aranges
                0x0000000000001330       0x68 ./Middlewares/ST/STM32_USB_Device_Library/Class/MSC/Src/usbd_msc_bot.o
 .debug_aranges
                0x0000000000001398       0x18 ./Middlewares/ST/STM32_USB_Device_Library/Class/MSC/Src/usbd_msc_data.o
 .debug_aranges
                0x00000000000013b0       0xc0 ./Middlewares/ST/STM32_USB_Device_Library/Class/MSC/Src/usbd_msc_scsi.o
 .debug_aranges
                0x0000000000001470       0xd8 ./Middlewares/ST/STM32_USB_Device_Library/Core/Src/usbd_core.o
 .debug_aranges
                0x0000000000001548       0x90 ./Middlewares/ST/STM32_USB_Device_Library/Core/Src/usbd_ctlreq.o
 .debug_aranges
                0x00000000000015d8       0x50 ./Middlewares/ST/STM32_USB_Device_Library/Core/Src/usbd_ioreq.o
 .debug_aranges
                0x0000000000001628       0x40 ./Middlewares/Third_Party/FatFs/src/ff_gen_drv.o
 .debug_aranges
                0x0000000000001668       0x20 ./USB_DEVICE/App/usb_device.o
 .debug_aranges
                0x0000000000001688       0x68 ./USB_DEVICE/App/usbd_desc.o
 .debug_aranges
                0x00000000000016f0       0x50 ./USB_DEVICE/App/usbd_storage_if.o
 .debug_aranges
                0x0000000000001740      0x118 ./USB_DEVICE/Target/usbd_conf.o

.debug_ranges   0x0000000000000000     0x1680
 .debug_ranges  0x0000000000000000       0x78 ./Core/Src/main.o
 .debug_ranges  0x0000000000000078       0x70 ./Core/Src/stm32f4xx_hal_msp.o
 .debug_ranges  0x00000000000000e8       0x60 ./Core/Src/stm32f4xx_it.o
 .debug_ranges  0x0000000000000148       0x18 ./Core/Src/system_stm32f4xx.o
 .debug_ranges  0x0000000000000160       0x20 ./Core/Startup/startup_stm32f412retx.o
 .debug_ranges  0x0000000000000180       0xe0 ./Drivers/STM32F4xx_HAL_Driver/Src/stm32f4xx_hal.o
 .debug_ranges  0x0000000000000260       0xd8 ./Drivers/STM32F4xx_HAL_Driver/Src/stm32f4xx_hal_adc.o
 .debug_ranges  0x0000000000000338      0x128 ./Drivers/STM32F4xx_HAL_Driver/Src/stm32f4xx_hal_can.o
 .debug_ranges  0x0000000000000460      0x108 ./Drivers/STM32F4xx_HAL_Driver/Src/stm32f4xx_hal_cortex.o