../Core/Src/main.c:90:5:main	8	static
../Core/Src/main.c:145:6:SystemClock_Config	88	static
../Core/Src/main.c:193:13:MX_ADC1_Init	24	static
../Core/Src/main.c:245:13:MX_CAN1_Init	8	static
../Core/Src/main.c:282:13:MX_CAN2_Init	8	static
../Core/Src/main.c:319:13:MX_I2C2_Init	8	static
../Core/Src/main.c:353:13:MX_RTC_Init	32	static
../Core/Src/main.c:416:13:MX_SPI1_Init	8	static
../Core/Src/main.c:454:13:MX_SPI2_Init	8	static
../Core/Src/main.c:492:13:MX_USART1_UART_Init	8	static
../Core/Src/main.c:525:13:MX_USART3_UART_Init	8	static
../Core/Src/main.c:556:13:MX_DMA_Init	16	static
../Core/Src/main.c:574:13:MX_GPIO_Init	48	static
../Core/Src/main.c:650:6:Error_Handler	4	static,ignoring_inline_asm
