Archive member included to satisfy reference by file (symbol)

/Applications/ArmGNUToolchain/12.3.rel1/arm-none-eabi/bin/../lib/gcc/arm-none-eabi/12.3.1/../../../../arm-none-eabi/lib/thumb/v7e-m+fp/hard/libc_nano.a(libc_a-exit.o)
                              /Applications/ArmGNUToolchain/12.3.rel1/arm-none-eabi/bin/../lib/gcc/arm-none-eabi/12.3.1/../../../../arm-none-eabi/lib/thumb/v7e-m+fp/hard/crt0.o (exit)
/Applications/ArmGNUToolchain/12.3.rel1/arm-none-eabi/bin/../lib/gcc/arm-none-eabi/12.3.1/../../../../arm-none-eabi/lib/thumb/v7e-m+fp/hard/libc_nano.a(libc_a-findfp.o)
                              /Applications/ArmGNUToolchain/12.3.rel1/arm-none-eabi/bin/../lib/gcc/arm-none-eabi/12.3.1/../../../../arm-none-eabi/lib/thumb/v7e-m+fp/hard/libc_nano.a(libc_a-exit.o) (__stdio_exit_handler)
/Applications/ArmGNUToolchain/12.3.rel1/arm-none-eabi/bin/../lib/gcc/arm-none-eabi/12.3.1/../../../../arm-none-eabi/lib/thumb/v7e-m+fp/hard/libc_nano.a(libc_a-fwalk.o)
                              /Applications/ArmGNUToolchain/12.3.rel1/arm-none-eabi/bin/../lib/gcc/arm-none-eabi/12.3.1/../../../../arm-none-eabi/lib/thumb/v7e-m+fp/hard/libc_nano.a(libc_a-findfp.o) (_fwalk_sglue)
/Applications/ArmGNUToolchain/12.3.rel1/arm-none-eabi/bin/../lib/gcc/arm-none-eabi/12.3.1/../../../../arm-none-eabi/lib/thumb/v7e-m+fp/hard/libc_nano.a(libc_a-memset.o)
                              /Applications/ArmGNUToolchain/12.3.rel1/arm-none-eabi/bin/../lib/gcc/arm-none-eabi/12.3.1/../../../../arm-none-eabi/lib/thumb/v7e-m+fp/hard/crt0.o (memset)
/Applications/ArmGNUToolchain/12.3.rel1/arm-none-eabi/bin/../lib/gcc/arm-none-eabi/12.3.1/../../../../arm-none-eabi/lib/thumb/v7e-m+fp/hard/libc_nano.a(libc_a-impure.o)
                              /Applications/ArmGNUToolchain/12.3.rel1/arm-none-eabi/bin/../lib/gcc/arm-none-eabi/12.3.1/../../../../arm-none-eabi/lib/thumb/v7e-m+fp/hard/libc_nano.a(libc_a-findfp.o) (_impure_data)
/Applications/ArmGNUToolchain/12.3.rel1/arm-none-eabi/bin/../lib/gcc/arm-none-eabi/12.3.1/../../../../arm-none-eabi/lib/thumb/v7e-m+fp/hard/libc_nano.a(libc_a-init.o)
                              /Applications/ArmGNUToolchain/12.3.rel1/arm-none-eabi/bin/../lib/gcc/arm-none-eabi/12.3.1/../../../../arm-none-eabi/lib/thumb/v7e-m+fp/hard/crt0.o (__libc_init_array)
/Applications/ArmGNUToolchain/12.3.rel1/arm-none-eabi/bin/../lib/gcc/arm-none-eabi/12.3.1/../../../../arm-none-eabi/lib/thumb/v7e-m+fp/hard/libc_nano.a(libc_a-lock.o)
                              /Applications/ArmGNUToolchain/12.3.rel1/arm-none-eabi/bin/../lib/gcc/arm-none-eabi/12.3.1/../../../../arm-none-eabi/lib/thumb/v7e-m+fp/hard/libc_nano.a(libc_a-findfp.o) (__retarget_lock_init_recursive)
/Applications/ArmGNUToolchain/12.3.rel1/arm-none-eabi/bin/../lib/gcc/arm-none-eabi/12.3.1/../../../../arm-none-eabi/lib/thumb/v7e-m+fp/hard/libc_nano.a(libc_a-mallocr.o)
                              /Applications/ArmGNUToolchain/12.3.rel1/arm-none-eabi/bin/../lib/gcc/arm-none-eabi/12.3.1/../../../../arm-none-eabi/lib/thumb/v7e-m+fp/hard/libc_nano.a(libc_a-findfp.o) (_malloc_r)
/Applications/ArmGNUToolchain/12.3.rel1/arm-none-eabi/bin/../lib/gcc/arm-none-eabi/12.3.1/../../../../arm-none-eabi/lib/thumb/v7e-m+fp/hard/libc_nano.a(libc_a-fflush.o)
                              /Applications/ArmGNUToolchain/12.3.rel1/arm-none-eabi/bin/../lib/gcc/arm-none-eabi/12.3.1/../../../../arm-none-eabi/lib/thumb/v7e-m+fp/hard/libc_nano.a(libc_a-findfp.o) (_fflush_r)
/Applications/ArmGNUToolchain/12.3.rel1/arm-none-eabi/bin/../lib/gcc/arm-none-eabi/12.3.1/../../../../arm-none-eabi/lib/thumb/v7e-m+fp/hard/libc_nano.a(libc_a-mlock.o)
                              /Applications/ArmGNUToolchain/12.3.rel1/arm-none-eabi/bin/../lib/gcc/arm-none-eabi/12.3.1/../../../../arm-none-eabi/lib/thumb/v7e-m+fp/hard/libc_nano.a(libc_a-mallocr.o) (__malloc_lock)
/Applications/ArmGNUToolchain/12.3.rel1/arm-none-eabi/bin/../lib/gcc/arm-none-eabi/12.3.1/../../../../arm-none-eabi/lib/thumb/v7e-m+fp/hard/libc_nano.a(libc_a-stdio.o)
                              /Applications/ArmGNUToolchain/12.3.rel1/arm-none-eabi/bin/../lib/gcc/arm-none-eabi/12.3.1/../../../../arm-none-eabi/lib/thumb/v7e-m+fp/hard/libc_nano.a(libc_a-findfp.o) (__sread)
/Applications/ArmGNUToolchain/12.3.rel1/arm-none-eabi/bin/../lib/gcc/arm-none-eabi/12.3.1/../../../../arm-none-eabi/lib/thumb/v7e-m+fp/hard/libc_nano.a(libc_a-closer.o)
                              /Applications/ArmGNUToolchain/12.3.rel1/arm-none-eabi/bin/../lib/gcc/arm-none-eabi/12.3.1/../../../../arm-none-eabi/lib/thumb/v7e-m+fp/hard/libc_nano.a(libc_a-stdio.o) (_close_r)
/Applications/ArmGNUToolchain/12.3.rel1/arm-none-eabi/bin/../lib/gcc/arm-none-eabi/12.3.1/../../../../arm-none-eabi/lib/thumb/v7e-m+fp/hard/libc_nano.a(libc_a-reent.o)
                              /Applications/ArmGNUToolchain/12.3.rel1/arm-none-eabi/bin/../lib/gcc/arm-none-eabi/12.3.1/../../../../arm-none-eabi/lib/thumb/v7e-m+fp/hard/libc_nano.a(libc_a-closer.o) (errno)
[...]
Memory Configuration

Name             Origin             Length             Attributes
RAM              0x20000000         0x00040000         xrw
FLASH            0x08000000         0x00080000         xr
*default*        0x00000000         0xffffffff

Linker script and memory map

LOAD /Applications/ArmGNUToolchain/12.3.rel1/arm-none-eabi/bin/../lib/gcc/arm-none-eabi/12.3.1/thumb/v7e-m+fp/hard/crti.o
LOAD /Applications/ArmGNUToolchain/12.3.rel1/arm-none-eabi/bin/../lib/gcc/arm-none-eabi/12.3.1/thumb/v7e-m+fp/hard/crtbegin.o
LOAD /Applications/ArmGNUToolchain/12.3.rel1/arm-none-eabi/bin/../lib/gcc/arm-none-eabi/12.3.1/../../../../arm-none-eabi/lib/thumb/v7e-m+fp/hard/crt0.o
LOAD build/main.o
LOAD build/stm32f4xx_it.o
LOAD build/stm32f4xx_hal_msp.o
LOAD build/user_diskio.o
LOAD build/fatfs.o
LOAD build/usb_device.o
LOAD build/usbd_desc.o
LOAD build/usbd_storage_if.o
LOAD build/usbd_conf.o
LOAD build/stm32f4xx_hal_pcd.o
LOAD build/stm32f4xx_hal_pcd_ex.o
LOAD build/stm32f4xx_ll_usb.o
LOAD build/stm32f4xx_hal_rcc.o
LOAD build/stm32f4xx_hal_rcc_ex.o
LOAD build/stm32f4xx_hal_flash.o
LOAD build/stm32f4xx_hal_flash_ex.o
LOAD build/stm32f4xx_hal_flash_ramfunc.o
LOAD build/stm32f4xx_hal_gpio.o
LOAD build/stm32f4xx_hal_dma_ex.o
LOAD build/stm32f4xx_hal_dma.o
LOAD build/stm32f4xx_hal_pwr.o
LOAD build/stm32f4xx_hal_pwr_ex.o
LOAD build/stm32f4xx_hal_cortex.o
LOAD build/stm32f4xx_hal.o
LOAD build/stm32f4xx_hal_exti.o
LOAD build/stm32f4xx_hal_adc.o
LOAD build/stm32f4xx_hal_adc_ex.o
LOAD build/stm32f4xx_ll_adc.o
LOAD build/stm32f4xx_hal_can.o
LOAD build/stm32f4xx_hal_i2c.o
LOAD build/stm32f4xx_hal_i2c_ex.o
LOAD build/stm32f4xx_hal_rtc.o
LOAD build/stm32f4xx_hal_rtc_ex.o
LOAD build/stm32f4xx_hal_spi.o
LOAD build/stm32f4xx_hal_tim.o
LOAD build/stm32f4xx_hal_tim_ex.o
LOAD build/stm32f4xx_hal_uart.o
LOAD build/system_stm32f4xx.o
LOAD build/diskio.o
LOAD build/ff.o
LOAD build/ff_gen_drv.o
LOAD build/syscall.o
LOAD build/usbd_core.o
LOAD build/usbd_ctlreq.o
LOAD build/usbd_ioreq.o
LOAD build/usbd_msc.o
LOAD build/usbd_msc_bot.o
LOAD build/usbd_msc_data.o
LOAD build/usbd_msc_scsi.o
LOAD build/BMA253.o
LOAD build/BMP280.o
LOAD build/CAN_BUS_Int.o
LOAD build/SD_Interface.o
LOAD build/SD_SPI.o
LOAD build/ST7789.o
LOAD build/USB_Comm.o
LOAD build/startup_stm32f412rx.o
LOAD /Applications/ArmGNUToolchain/12.3.rel1/arm-none-eabi/bin/../lib/gcc/arm-none-eabi/12.3.1/../../../../arm-none-eabi/lib/thumb/v7e-m+fp/hard/libc_nano.a
LOAD /Applications/ArmGNUToolchain/12.3.rel1/arm-none-eabi/bin/../lib/gcc/arm-none-eabi/12.3.1/../../../../arm-none-eabi/lib/thumb/v7e-m+fp/hard/libm.a
LOAD /Applications/ArmGNUToolchain/12.3.rel1/arm-none-eabi/bin/../lib/gcc/arm-none-eabi/12.3.1/../../../../arm-none-eabi/lib/thumb/v7e-m+fp/hard/libnosys.a
START GROUP
LOAD /Applications/ArmGNUToolchain/12.3.rel1/arm-none-eabi/bin/../lib/gcc/arm-none-eabi/12.3.1/thumb/v7e-m+fp/hard/libgcc.a
LOAD /Applications/ArmGNUToolchain/12.3.rel1/arm-none-eabi/bin/../lib/gcc/arm-none-eabi/12.3.1/../../../../arm-none-eabi/lib/thumb/v7e-m+fp/hard/libc_nano.a
END GROUP
START GROUP
LOAD /Applications/ArmGNUToolchain/12.3.rel1/arm-none-eabi/bin/../lib/gcc/arm-none-eabi/12.3.1/thumb/v7e-m+fp/hard/libgcc.a
LOAD /Applications/ArmGNUToolchain/12.3.rel1/arm-none-eabi/bin/../lib/gcc/arm-none-eabi/12.3.1/../../../../arm-none-eabi/lib/thumb/v7e-m+fp/hard/libc_nano.a
END GROUP
LOAD /Applications/ArmGNUToolchain/12.3.rel1/arm-none-eabi/bin/../lib/gcc/arm-none-eabi/12.3.1/thumb/v7e-m+fp/hard/crtend.o
LOAD /Applications/ArmGNUToolchain/12.3.rel1/arm-none-eabi/bin/../lib/gcc/arm-none-eabi/12.3.1/thumb/v7e-m+fp/hard/crtn.o
                0x20040000                        _estack = (ORIGIN (RAM) + LENGTH (RAM))
                0x00000200                        _Min_Heap_Size = 0x200
                0x00000400                        _Min_Stack_Size = 0x400

.isr_vector     0x08000000      0x1c4
                0x08000000                        . = ALIGN (0x4)
 *(.isr_vector)
 .isr_vector    0x08000000      0x1c4 build/startup_stm32f412rx.o
                0x08000000                g_pfnVectors
                0x080001c4                        . = ALIGN (0x4)

.text           0x080001c4     0x67b4
                0x080001c4                        . = ALIGN (0x4)
 *(.text)
 .text          0x080001c4       0x30 /Applications/ArmGNUToolchain/12.3.rel1/arm-none-eabi/bin/../lib/gcc/arm-none-eabi/12.3.1/thumb/v7e-m+fp/hard/libgcc.a(_aeabi_uldivmod.o)
                0x080001c4                __aeabi_uldivmod
 .text          0x080001f4        0x4 /Applications/ArmGNUToolchain/12.3.rel1/arm-none-eabi/bin/../lib/gcc/arm-none-eabi/12.3.1/thumb/v7e-m+fp/hard/libgcc.a(_dvmd_tls.o)
                0x080001f4                __aeabi_ldiv0
                0x080001f4                __aeabi_idiv0
 *(.text*)
 .text.deregister_tm_clones
                0x080001f8       0x1c /Applications/ArmGNUToolchain/12.3.rel1/arm-none-eabi/bin/../lib/gcc/arm-none-eabi/12.3.1/thumb/v7e-m+fp/hard/crtbegin.o
 .text.register_tm_clones
                0x08000214       0x24 /Applications/ArmGNUToolchain/12.3.rel1/arm-none-eabi/bin/../lib/gcc/arm-none-eabi/12.3.1/thumb/v7e-m+fp/hard/crtbegin.o
 .text.__do_global_dtors_aux
                0x08000238       0x28 /Applications/ArmGNUToolchain/12.3.rel1/arm-none-eabi/bin/../lib/gcc/arm-none-eabi/12.3.1/thumb/v7e-m+fp/hard/crtbegin.o
 .text.frame_dummy
                0x08000260       0x24 /Applications/ArmGNUToolchain/12.3.rel1/arm-none-eabi/bin/../lib/gcc/arm-none-eabi/12.3.1/thumb/v7e-m+fp/hard/crtbegin.o
 .text.MX_GPIO_Init
                0x08000284      0x13c build/main.o
 .text.MX_DMA_Init
                0x080003c0       0x34 build/main.o
 .text.Error_Handler
                0x080003f4        0x4 build/main.o
                0x080003f4                Error_Handler
 .text.MX_CAN1_Init
                0x080003f8       0x3c build/main.o
 .text.MX_RTC_Init
                0x08000434       0x84 build/main.o
 .text.MX_SPI1_Init
                0x080004b8       0x40 build/main.o
 .text.MX_ADC1_Init
                0x080004f8       0x6c build/main.o
 .text.MX_CAN2_Init
                0x08000564       0x38 build/main.o
 .text.MX_SPI2_Init
                0x0800059c       0x40 build/main.o
 .text.MX_USART1_UART_Init
                0x080005dc       0x34 build/main.o
 .text.MX_USART3_UART_Init
                0x08000610       0x34 build/main.o
 .text.MX_I2C2_Init
                0x08000644       0x38 build/main.o
 .text.SystemClock_Config
                0x0800067c       0xa8 build/main.o
                0x0800067c                SystemClock_Config
 .text.main     0x08000724       0x40 build/main.o
                0x08000724                main
 .text.NMI_Handler
                0x08000764        0x2 build/stm32f4xx_it.o
                0x08000764                NMI_Handler
 .text.HardFault_Handler
                0x08000766        0x2 build/stm32f4xx_it.o
                0x08000766                HardFault_Handler
 .text.MemManage_Handler
                0x08000768        0x2 build/stm32f4xx_it.o
                0x08000768                MemManage_Handler
 .text.BusFault_Handler
                0x0800076a        0x2 build/stm32f4xx_it.o
                0x0800076a                BusFault_Handler
 .text.UsageFault_Handler
                0x0800076c        0x2 build/stm32f4xx_it.o
                0x0800076c                UsageFault_Handler
 .text.SVC_Handler
                0x0800076e        0x2 build/stm32f4xx_it.o
                0x0800076e                SVC_Handler
 .text.DebugMon_Handler
                0x08000770        0x2 build/stm32f4xx_it.o
                0x08000770                DebugMon_Handler
 .text.PendSV_Handler
                0x08000772        0x2 build/stm32f4xx_it.o
                0x08000772                PendSV_Handler
 .text.SysTick_Handler
                0x08000774        0x8 build/stm32f4xx_it.o
                0x08000774                SysTick_Handler
 .text.DMA2_Stream2_IRQHandler
                0x0800077c       0x10 build/stm32f4xx_it.o
                0x0800077c                DMA2_Stream2_IRQHandler
 .text.OTG_FS_IRQHandler
                0x0800078c       0x10 build/stm32f4xx_it.o
                0x0800078c                OTG_FS_IRQHandler
 .text.HAL_MspInit
                0x0800079c       0x38 build/stm32f4xx_hal_msp.o
                0x0800079c                HAL_MspInit
 .text.HAL_ADC_MspInit
                0x080007d4       0xb8 build/stm32f4xx_hal_msp.o
                0x080007d4                HAL_ADC_MspInit
 .text.HAL_CAN_MspInit
                0x0800088c      0x100 build/stm32f4xx_hal_msp.o
                0x0800088c                HAL_CAN_MspInit
 .text.HAL_I2C_MspInit
                0x0800098c       0x94 build/stm32f4xx_hal_msp.o
                0x0800098c                HAL_I2C_MspInit
 .text.HAL_RTC_MspInit
                0x08000a20       0x48 build/stm32f4xx_hal_msp.o
                0x08000a20                HAL_RTC_MspInit
 .text.HAL_SPI_MspInit
                0x08000a68      0x104 build/stm32f4xx_hal_msp.o
                0x08000a68                HAL_SPI_MspInit
 .text.HAL_UART_MspInit
                0x08000b6c       0xc8 build/stm32f4xx_hal_msp.o
                0x08000b6c                HAL_UART_MspInit
 .text.USER_initialize
                0x08000c34       0x10 build/user_diskio.o
                0x08000c34                USER_initialize
 .text.USER_status
                0x08000c44       0x10 build/user_diskio.o
                0x08000c44                USER_status
 .text.USER_read
                0x08000c54        0x4 build/user_diskio.o
                0x08000c54                USER_read
 .text.USER_write
                0x08000c58        0x4 build/user_diskio.o
                0x08000c58                USER_write
 .text.USER_ioctl
                0x08000c5c        0x4 build/user_diskio.o
                0x08000c5c                USER_ioctl
 .text.MX_FATFS_Init
                0x08000c60       0x1c build/fatfs.o
                0x08000c60                MX_FATFS_Init
 .text.MX_USB_DEVICE_Init
                0x08000c7c       0x54 build/usb_device.o
                0x08000c7c                MX_USB_DEVICE_Init
 .text.USBD_FS_DeviceDescriptor
                0x08000cd0        0xc build/usbd_desc.o
                0x08000cd0                USBD_FS_DeviceDescriptor
 .text.USBD_FS_LangIDStrDescriptor
                0x08000cdc        0xc build/usbd_desc.o
                0x08000cdc                USBD_FS_LangIDStrDescriptor
 .text.USBD_FS_USR_BOSDescriptor
                0x08000ce8        0xc build/usbd_desc.o
                0x08000ce8                USBD_FS_USR_BOSDescriptor
 .text.IntToUnicode
                0x08000cf4       0x46 build/usbd_desc.o
 *fill*         0x08000d3a        0x2 
 .text.Get_SerialNum
                0x08000d3c       0x38 build/usbd_desc.o
 .text.USBD_FS_SerialStrDescriptor
                0x08000d74       0x14 build/usbd_desc.o
                0x08000d74                USBD_FS_SerialStrDescriptor
 .text.USBD_FS_ProductStrDescriptor
                0x08000d88       0x24 build/usbd_desc.o
                0x08000d88                USBD_FS_ProductStrDescriptor
 .text.USBD_FS_ManufacturerStrDescriptor
                0x08000dac       0x1c build/usbd_desc.o
                0x08000dac                USBD_FS_ManufacturerStrDescriptor
 .text.USBD_FS_ConfigStrDescriptor
                0x08000dc8       0x24 build/usbd_desc.o
                0x08000dc8                USBD_FS_ConfigStrDescriptor
 .text.USBD_FS_InterfaceStrDescriptor
                0x08000dec       0x24 build/usbd_desc.o
                0x08000dec                USBD_FS_InterfaceStrDescriptor
 .text.STORAGE_Init_FS
                0x08000e10        0x4 build/usbd_storage_if.o
 .text.STORAGE_GetCapacity_FS
                0x08000e14       0x10 build/usbd_storage_if.o
 .text.STORAGE_IsReady_FS
                0x08000e24        0x4 build/usbd_storage_if.o
 .text.STORAGE_IsWriteProtected_FS
                0x08000e28        0x4 build/usbd_storage_if.o
 .text.STORAGE_Read_FS
                0x08000e2c        0x4 build/usbd_storage_if.o
 .text.STORAGE_Write_FS
                0x08000e30        0x4 build/usbd_storage_if.o
 .text.STORAGE_GetMaxLun_FS
                0x08000e34        0x4 build/usbd_storage_if.o
 .text.HAL_PCD_MspInit
                0x08000e38       0xa4 build/usbd_conf.o
                0x08000e38                HAL_PCD_MspInit
 .text.HAL_PCD_SetupStageCallback
                0x08000edc       0x10 build/usbd_conf.o
                0x08000edc                HAL_PCD_SetupStageCallback
 .text.HAL_PCD_DataOutStageCallback
                0x08000eec       0x18 build/usbd_conf.o
                0x08000eec                HAL_PCD_DataOutStageCallback
 .text.HAL_PCD_DataInStageCallback
                0x08000f04       0x16 build/usbd_conf.o
                0x08000f04                HAL_PCD_DataInStageCallback
 .text.HAL_PCD_SOFCallback
                0x08000f1a        0xc build/usbd_conf.o
                0x08000f1a                HAL_PCD_SOFCallback
 .text.HAL_PCD_ResetCallback
                0x08000f26       0x24 build/usbd_conf.o
                0x08000f26                HAL_PCD_ResetCallback
 *fill*         0x08000f4a        0x2 
 .text.HAL_PCD_SuspendCallback
                0x08000f4c       0x30 build/usbd_conf.o
                0x08000f4c                HAL_PCD_SuspendCallback
 .text.HAL_PCD_ResumeCallback
                0x08000f7c        0xc build/usbd_conf.o
                0x08000f7c                HAL_PCD_ResumeCallback
 .text.HAL_PCD_ISOOUTIncompleteCallback
                0x08000f88        0xc build/usbd_conf.o
                0x08000f88                HAL_PCD_ISOOUTIncompleteCallback
 .text.HAL_PCD_ISOINIncompleteCallback
                0x08000f94        0xc build/usbd_conf.o
                0x08000f94                HAL_PCD_ISOINIncompleteCallback
 .text.HAL_PCD_ConnectCallback
                0x08000fa0        0xc build/usbd_conf.o
                0x08000fa0                HAL_PCD_ConnectCallback
 .text.HAL_PCD_DisconnectCallback
                0x08000fac        0xc build/usbd_conf.o
                0x08000fac                HAL_PCD_DisconnectCallback
 .text.USBD_LL_Init
                0x08000fb8       0x68 build/usbd_conf.o
                0x08000fb8                USBD_LL_Init
 .text.USBD_LL_IsStallEP
                0x08001020       0x2e build/usbd_conf.o
                0x08001020                USBD_LL_IsStallEP
 .text.USBD_LL_GetRxDataSize
                0x0800104e        0xc build/usbd_conf.o
                0x0800104e                USBD_LL_GetRxDataSize
 *fill*         0x0800105a        0x2 
 .text.HAL_PCDEx_LPM_Callback
                0x0800105c       0x64 build/usbd_conf.o
                0x0800105c                HAL_PCDEx_LPM_Callback
 .text.USBD_static_malloc
                0x080010c0        0x8 build/usbd_conf.o
                0x080010c0                USBD_static_malloc
 .text.USBD_static_free
                0x080010c8        0x2 build/usbd_conf.o
                0x080010c8                USBD_static_free
 .text.USBD_Get_USB_Status
                0x080010ca       0x14 build/usbd_conf.o
                0x080010ca                USBD_Get_USB_Status
 .text.USBD_LL_Start
                0x080010de       0x10 build/usbd_conf.o
                0x080010de                USBD_LL_Start
 .text.USBD_LL_OpenEP
                0x080010ee       0x16 build/usbd_conf.o
                0x080010ee                USBD_LL_OpenEP
 .text.USBD_LL_CloseEP
                0x08001104       0x10 build/usbd_conf.o
                0x08001104                USBD_LL_CloseEP
 .text.USBD_LL_FlushEP
                0x08001114       0x10 build/usbd_conf.o
                0x08001114                USBD_LL_FlushEP
 .text.USBD_LL_StallEP
                0x08001124       0x10 build/usbd_conf.o
                0x08001124                USBD_LL_StallEP
 .text.USBD_LL_ClearStallEP
                0x08001134       0x10 build/usbd_conf.o
                0x08001134                USBD_LL_ClearStallEP
 .text.USBD_LL_SetUSBAddress
                0x08001144       0x10 build/usbd_conf.o
                0x08001144                USBD_LL_SetUSBAddress
 .text.USBD_LL_Transmit
                0x08001154       0x10 build/usbd_conf.o
                0x08001154                USBD_LL_Transmit
 .text.USBD_LL_PrepareReceive
                0x08001164       0x10 build/usbd_conf.o
                0x08001164                USBD_LL_PrepareReceive
 .text.PCD_WriteEmptyTxFifo
                0x08001174       0xd0 build/stm32f4xx_hal_pcd.o
 .text.HAL_PCD_Init
                0x08001244      0x13c build/stm32f4xx_hal_pcd.o
                0x08001244                HAL_PCD_Init
 .text.HAL_PCD_Start
                0x08001380       0x42 build/stm32f4xx_hal_pcd.o
                0x08001380                HAL_PCD_Start
 *fill*         0x080013c2        0x2 
 .text.PCD_EP_OutXfrComplete_int
                0x080013c4      0x104 build/stm32f4xx_hal_pcd.o
 .text.PCD_EP_OutSetupPacket_int
                0x080014c8       0x50 build/stm32f4xx_hal_pcd.o
 .text.HAL_PCD_SetAddress
                0x08001518       0x28 build/stm32f4xx_hal_pcd.o
                0x08001518                HAL_PCD_SetAddress
 .text.HAL_PCD_EP_Open
                0x08001540       0x8a build/stm32f4xx_hal_pcd.o
                0x08001540                HAL_PCD_EP_Open
 .text.HAL_PCD_EP_Close
                0x080015ca       0x72 build/stm32f4xx_hal_pcd.o
                0x080015ca                HAL_PCD_EP_Close
 .text.HAL_PCD_EP_Receive
                0x0800163c       0x5e build/stm32f4xx_hal_pcd.o
                0x0800163c                HAL_PCD_EP_Receive
 .text.HAL_PCD_EP_GetRxCount
                0x0800169a       0x12 build/stm32f4xx_hal_pcd.o
                0x0800169a                HAL_PCD_EP_GetRxCount
 .text.HAL_PCD_EP_Transmit
                0x080016ac       0x5e build/stm32f4xx_hal_pcd.o
                0x080016ac                HAL_PCD_EP_Transmit
 .text.HAL_PCD_EP_SetStall
                0x0800170a       0x88 build/stm32f4xx_hal_pcd.o
                0x0800170a                HAL_PCD_EP_SetStall
 .text.HAL_PCD_EP_ClrStall
                0x08001792       0x76 build/stm32f4xx_hal_pcd.o
                0x08001792                HAL_PCD_EP_ClrStall
 .text.HAL_PCD_EP_Abort
                0x08001808       0x34 build/stm32f4xx_hal_pcd.o
                0x08001808                HAL_PCD_EP_Abort
 .text.HAL_PCD_IRQHandler
                0x0800183c      0x608 build/stm32f4xx_hal_pcd.o
                0x0800183c                HAL_PCD_IRQHandler
 .text.HAL_PCD_EP_Flush
                0x08001e44       0x36 build/stm32f4xx_hal_pcd.o
                0x08001e44                HAL_PCD_EP_Flush
 .text.HAL_PCDEx_SetTxFiFo
                0x08001e7a       0x4c build/stm32f4xx_hal_pcd_ex.o
                0x08001e7a                HAL_PCDEx_SetTxFiFo
 .text.HAL_PCDEx_SetRxFiFo
                0x08001ec6        0x8 build/stm32f4xx_hal_pcd_ex.o
                0x08001ec6                HAL_PCDEx_SetRxFiFo
 .text.HAL_PCDEx_ActivateLPM
                0x08001ece       0x26 build/stm32f4xx_hal_pcd_ex.o
                0x08001ece                HAL_PCDEx_ActivateLPM
 .text.USB_CoreReset
                0x08001ef4       0x50 build/stm32f4xx_ll_usb.o
 .text.USB_CoreInit
                0x08001f44       0x8a build/stm32f4xx_ll_usb.o
                0x08001f44                USB_CoreInit
 *fill*         0x08001fce        0x2 
 .text.USB_SetTurnaroundTime
                0x08001fd0       0xe4 build/stm32f4xx_ll_usb.o
                0x08001fd0                USB_SetTurnaroundTime
 .text.USB_EnableGlobalInt
                0x080020b4        0xc build/stm32f4xx_ll_usb.o
                0x080020b4                USB_EnableGlobalInt
 .text.USB_DisableGlobalInt
                0x080020c0        0xc build/stm32f4xx_ll_usb.o
                0x080020c0                USB_DisableGlobalInt
 .text.USB_FlushTxFifo
                0x080020cc       0x50 build/stm32f4xx_ll_usb.o
                0x080020cc                USB_FlushTxFifo
 .text.USB_FlushRxFifo
                0x0800211c       0x4c build/stm32f4xx_ll_usb.o
                0x0800211c                USB_FlushRxFifo
 .text.USB_SetDevSpeed
                0x08002168        0xe build/stm32f4xx_ll_usb.o
                0x08002168                USB_SetDevSpeed
 *fill*         0x08002176        0x2 
 .text.USB_DevInit
                0x08002178      0x188 build/stm32f4xx_ll_usb.o
                0x08002178                USB_DevInit
 .text.USB_GetDevSpeed
                0x08002300       0x22 build/stm32f4xx_ll_usb.o
                0x08002300                USB_GetDevSpeed
 .text.USB_ActivateEndpoint
                0x08002322       0x9a build/stm32f4xx_ll_usb.o
                0x08002322                USB_ActivateEndpoint
 .text.USB_DeactivateEndpoint
                0x080023bc       0xe0 build/stm32f4xx_ll_usb.o
                0x080023bc                USB_DeactivateEndpoint
 .text.USB_EP0StartXfer
                0x0800249c      0x124 build/stm32f4xx_ll_usb.o
                0x0800249c                USB_EP0StartXfer
 .text.USB_EPStopXfer
                0x080025c0       0xbe build/stm32f4xx_ll_usb.o
                0x080025c0                USB_EPStopXfer
 .text.USB_WritePacket
                0x0800267e       0x2e build/stm32f4xx_ll_usb.o
                0x0800267e                USB_WritePacket
 .text.USB_EPStartXfer
                0x080026ac      0x234 build/stm32f4xx_ll_usb.o
                0x080026ac                USB_EPStartXfer
 .text.USB_ReadPacket
                0x080028e0       0x46 build/stm32f4xx_ll_usb.o
                0x080028e0                USB_ReadPacket
 .text.USB_EPSetStall
                0x08002926       0x5a build/stm32f4xx_ll_usb.o
                0x08002926                USB_EPSetStall
 .text.USB_EPClearStall
                0x08002980       0x5c build/stm32f4xx_ll_usb.o
                0x08002980                USB_EPClearStall
 .text.USB_SetDevAddress
                0x080029dc       0x20 build/stm32f4xx_ll_usb.o
                0x080029dc                USB_SetDevAddress
 .text.USB_DevConnect
                0x080029fc       0x1c build/stm32f4xx_ll_usb.o
                0x080029fc                USB_DevConnect
 .text.USB_DevDisconnect
                0x08002a18       0x1c build/stm32f4xx_ll_usb.o
                0x08002a18                USB_DevDisconnect
 .text.USB_ReadInterrupts
                0x08002a34        0x8 build/stm32f4xx_ll_usb.o
                0x08002a34                USB_ReadInterrupts
 .text.USB_ReadDevAllOutEpInterrupt
                0x08002a3c       0x10 build/stm32f4xx_ll_usb.o
                0x08002a3c                USB_ReadDevAllOutEpInterrupt
 .text.USB_ReadDevAllInEpInterrupt
                0x08002a4c       0x10 build/stm32f4xx_ll_usb.o
                0x08002a4c                USB_ReadDevAllInEpInterrupt
 .text.USB_ReadDevOutEPInterrupt
                0x08002a5c       0x12 build/stm32f4xx_ll_usb.o
                0x08002a5c                USB_ReadDevOutEPInterrupt
 .text.USB_ReadDevInEPInterrupt
                0x08002a6e       0x24 build/stm32f4xx_ll_usb.o
                0x08002a6e                USB_ReadDevInEPInterrupt
 .text.USB_GetMode
                0x08002a92        0x8 build/stm32f4xx_ll_usb.o
                0x08002a92                USB_GetMode
 .text.USB_SetCurrentMode
                0x08002a9a       0x62 build/stm32f4xx_ll_usb.o
                0x08002a9a                USB_SetCurrentMode
 .text.USB_ActivateSetup
                0x08002afc       0x20 build/stm32f4xx_ll_usb.o
                0x08002afc                USB_ActivateSetup
 .text.USB_EP0_OutStart
                0x08002b1c       0x60 build/stm32f4xx_ll_usb.o
                0x08002b1c                USB_EP0_OutStart
 .text.HAL_RCC_GetSysClockFreq
                0x08002b7c       0xdc build/stm32f4xx_hal_rcc.o
                0x08002b7c                HAL_RCC_GetSysClockFreq
 .text.HAL_RCC_ClockConfig
                0x08002c58      0x160 build/stm32f4xx_hal_rcc.o
                0x08002c58                HAL_RCC_ClockConfig
 .text.HAL_RCC_GetHCLKFreq
                0x08002db8        0xc build/stm32f4xx_hal_rcc.o
                0x08002db8                HAL_RCC_GetHCLKFreq
 .text.HAL_RCC_GetPCLK1Freq
                0x08002dc4       0x20 build/stm32f4xx_hal_rcc.o
                0x08002dc4                HAL_RCC_GetPCLK1Freq
 .text.HAL_RCC_GetPCLK2Freq
                0x08002de4       0x20 build/stm32f4xx_hal_rcc.o
                0x08002de4                HAL_RCC_GetPCLK2Freq
 .text.HAL_RCCEx_PeriphCLKConfig
                0x08002e04      0x2b8 build/stm32f4xx_hal_rcc_ex.o
                0x08002e04                HAL_RCCEx_PeriphCLKConfig
 .text.HAL_RCC_OscConfig
                0x080030bc      0x410 build/stm32f4xx_hal_rcc_ex.o
                0x080030bc                HAL_RCC_OscConfig
 .text.HAL_GPIO_Init
                0x080034cc      0x1bc build/stm32f4xx_hal_gpio.o
                0x080034cc                HAL_GPIO_Init
 .text.HAL_GPIO_WritePin
                0x08003688        0xc build/stm32f4xx_hal_gpio.o
                0x08003688                HAL_GPIO_WritePin
 .text.DMA_CalcBaseAndBitshift
                0x08003694       0x44 build/stm32f4xx_hal_dma.o
 .text.DMA_CheckFifoParam
                0x080036d8       0x8e build/stm32f4xx_hal_dma.o
 *fill*         0x08003766        0x2 
 .text.HAL_DMA_Init
                0x08003768       0xcc build/stm32f4xx_hal_dma.o
                0x08003768                HAL_DMA_Init
 .text.HAL_DMA_IRQHandler
                0x08003834      0x1dc build/stm32f4xx_hal_dma.o
                0x08003834                HAL_DMA_IRQHandler
 .text.__NVIC_SetPriority
                0x08003a10       0x28 build/stm32f4xx_hal_cortex.o
 .text.NVIC_EncodePriority
                0x08003a38       0x3e build/stm32f4xx_hal_cortex.o
 *fill*         0x08003a76        0x2 
 .text.HAL_NVIC_SetPriorityGrouping
                0x08003a78       0x24 build/stm32f4xx_hal_cortex.o
                0x08003a78                HAL_NVIC_SetPriorityGrouping
 .text.HAL_NVIC_SetPriority
                0x08003a9c       0x20 build/stm32f4xx_hal_cortex.o
                0x08003a9c                HAL_NVIC_SetPriority
 .text.HAL_NVIC_EnableIRQ
                0x08003abc       0x1c build/stm32f4xx_hal_cortex.o
                0x08003abc                HAL_NVIC_EnableIRQ
 .text.HAL_SYSTICK_Config
                0x08003ad8       0x28 build/stm32f4xx_hal_cortex.o
                0x08003ad8                HAL_SYSTICK_Config
 .text.HAL_InitTick
                0x08003b00       0x4c build/stm32f4xx_hal.o
                0x08003b00                HAL_InitTick
 .text.HAL_Init
                0x08003b4c       0x34 build/stm32f4xx_hal.o
                0x08003b4c                HAL_Init
 .text.HAL_IncTick
                0x08003b80       0x18 build/stm32f4xx_hal.o
                0x08003b80                HAL_IncTick
 .text.HAL_GetTick
                0x08003b98        0xc build/stm32f4xx_hal.o
                0x08003b98                HAL_GetTick
 .text.HAL_Delay
                0x08003ba4       0x28 build/stm32f4xx_hal.o
                0x08003ba4                HAL_Delay
 .text.ADC_Init
                0x08003bcc      0x134 build/stm32f4xx_hal_adc.o
 .text.HAL_ADC_Init
                0x08003d00       0x56 build/stm32f4xx_hal_adc.o
                0x08003d00                HAL_ADC_Init
 *fill*         0x08003d56        0x2 
 .text.HAL_ADC_ConfigChannel
                0x08003d58      0x194 build/stm32f4xx_hal_adc.o
                0x08003d58                HAL_ADC_ConfigChannel
 .text.HAL_CAN_Init
                0x08003eec      0x14c build/stm32f4xx_hal_can.o
                0x08003eec                HAL_CAN_Init
 .text.HAL_I2C_Init
                0x08004038      0x1bc build/stm32f4xx_hal_i2c.o
                0x08004038                HAL_I2C_Init
 .text.HAL_RTC_WaitForSynchro
                0x080041f4       0x32 build/stm32f4xx_hal_rtc.o
                0x080041f4                HAL_RTC_WaitForSynchro
 .text.RTC_EnterInitMode
                0x08004226       0x46 build/stm32f4xx_hal_rtc.o
                0x08004226                RTC_EnterInitMode
 .text.RTC_ExitInitMode
                0x0800426c       0x2a build/stm32f4xx_hal_rtc.o
                0x0800426c                RTC_ExitInitMode
 .text.HAL_RTC_Init
                0x08004296       0x8e build/stm32f4xx_hal_rtc.o
                0x08004296                HAL_RTC_Init
 .text.RTC_ByteToBcd2
                0x08004324       0x18 build/stm32f4xx_hal_rtc.o
                0x08004324                RTC_ByteToBcd2
 .text.HAL_RTC_SetTime
                0x0800433c       0xc0 build/stm32f4xx_hal_rtc.o
                0x0800433c                HAL_RTC_SetTime
 .text.HAL_RTC_SetDate
                0x080043fc       0x9c build/stm32f4xx_hal_rtc.o
                0x080043fc                HAL_RTC_SetDate
 .text.HAL_SPI_Init
                0x08004498       0xbe build/stm32f4xx_hal_spi.o
                0x08004498                HAL_SPI_Init
 *fill*         0x08004556        0x2 
 .text.UART_SetConfig
                0x08004558      0x110 build/stm32f4xx_hal_uart.o
 .text.HAL_UART_Init
                0x08004668       0x5e build/stm32f4xx_hal_uart.o
                0x08004668                HAL_UART_Init
 .text.HAL_LIN_Init
                0x080046c6       0x80 build/stm32f4xx_hal_uart.o
                0x080046c6                HAL_LIN_Init
 *fill*         0x08004746        0x2 
 .text.SystemInit
                0x08004748       0x14 build/system_stm32f4xx.o
                0x08004748                SystemInit
 .text.FATFS_LinkDriverEx
                0x0800475c       0x54 build/ff_gen_drv.o
                0x0800475c                FATFS_LinkDriverEx
 .text.FATFS_LinkDriver
                0x080047b0        0xa build/ff_gen_drv.o
                0x080047b0                FATFS_LinkDriver
 .text.USBD_Init
                0x080047ba       0x2e build/usbd_core.o
                0x080047ba                USBD_Init
 .text.USBD_RegisterClass
                0x080047e8       0x34 build/usbd_core.o
                0x080047e8                USBD_RegisterClass
 .text.USBD_Start
                0x0800481c        0x8 build/usbd_core.o
                0x0800481c                USBD_Start
 .text.USBD_SetClassConfig
                0x08004824       0x12 build/usbd_core.o
                0x08004824                USBD_SetClassConfig
 .text.USBD_ClrClassConfig
                0x08004836       0x12 build/usbd_core.o
                0x08004836                USBD_ClrClassConfig
 .text.USBD_LL_SetupStage
                0x08004848       0x58 build/usbd_core.o
                0x08004848                USBD_LL_SetupStage
 .text.USBD_LL_Reset
                0x080048a0       0x64 build/usbd_core.o
                0x080048a0                USBD_LL_Reset
 .text.USBD_LL_SetSpeed
                0x08004904        0x6 build/usbd_core.o
                0x08004904                USBD_LL_SetSpeed
 .text.USBD_LL_Suspend
                0x0800490a       0x14 build/usbd_core.o
                0x0800490a                USBD_LL_Suspend
 .text.USBD_LL_Resume
                0x0800491e       0x1a build/usbd_core.o
                0x0800491e                USBD_LL_Resume
 .text.USBD_LL_SOF
                0x08004938       0x22 build/usbd_core.o
                0x08004938                USBD_LL_SOF
 .text.USBD_LL_IsoINIncomplete
                0x0800495a       0x2e build/usbd_core.o
                0x0800495a                USBD_LL_IsoINIncomplete
 .text.USBD_LL_IsoOUTIncomplete
                0x08004988       0x2e build/usbd_core.o
                0x08004988                USBD_LL_IsoOUTIncomplete
 .text.USBD_LL_DevConnected
                0x080049b6        0x4 build/usbd_core.o
                0x080049b6                USBD_LL_DevConnected
 .text.USBD_LL_DevDisconnected
                0x080049ba       0x20 build/usbd_core.o
                0x080049ba                USBD_LL_DevDisconnected
 .text.USBD_CoreFindIF
                0x080049da        0x4 build/usbd_core.o
                0x080049da                USBD_CoreFindIF
 .text.USBD_CoreFindEP
                0x080049de        0x4 build/usbd_core.o
                0x080049de                USBD_CoreFindEP
 .text.USBD_LL_DataOutStage
                0x080049e2       0xc6 build/usbd_core.o
                0x080049e2                USBD_LL_DataOutStage
 .text.USBD_LL_DataInStage
                0x08004aa8       0xd6 build/usbd_core.o
                0x08004aa8                USBD_LL_DataInStage
 .text.USBD_GetNextDesc
                0x08004b7e        0xe build/usbd_core.o
                0x08004b7e                USBD_GetNextDesc
 .text.USBD_GetEpDesc
                0x08004b8c       0x3e build/usbd_core.o
                0x08004b8c                USBD_GetEpDesc
 .text.USBD_GetLen
                0x08004bca       0x14 build/usbd_ctlreq.o
 .text.USBD_ParseSetupRequest
                0x08004bde       0x28 build/usbd_ctlreq.o
                0x08004bde                USBD_ParseSetupRequest
 .text.USBD_CtlError
                0x08004c06       0x14 build/usbd_ctlreq.o
                0x08004c06                USBD_CtlError
 .text.USBD_GetDescriptor
                0x08004c1a      0x1ac build/usbd_ctlreq.o
 .text.USBD_SetAddress
                0x08004dc6       0x50 build/usbd_ctlreq.o
 *fill*         0x08004e16        0x2 
 .text.USBD_SetConfig
                0x08004e18       0xcc build/usbd_ctlreq.o
 .text.USBD_GetConfig
                0x08004ee4       0x40 build/usbd_ctlreq.o
 .text.USBD_GetStatus
                0x08004f24       0x38 build/usbd_ctlreq.o
 .text.USBD_SetFeature
                0x08004f5c       0x2a build/usbd_ctlreq.o
 .text.USBD_ClrFeature
                0x08004f86       0x26 build/usbd_ctlreq.o
 .text.USBD_StdDevReq
                0x08004fac       0x76 build/usbd_ctlreq.o
                0x08004fac                USBD_StdDevReq
 .text.USBD_StdItfReq
                0x08005022       0x84 build/usbd_ctlreq.o
                0x08005022                USBD_StdItfReq
 .text.USBD_StdEPReq
                0x080050a6      0x230 build/usbd_ctlreq.o
                0x080050a6                USBD_StdEPReq
 .text.USBD_GetString
                0x080052d6       0x3a build/usbd_ctlreq.o
                0x080052d6                USBD_GetString
 .text.USBD_CtlSendData
                0x08005310       0x1a build/usbd_ioreq.o
                0x08005310                USBD_CtlSendData
 .text.USBD_CtlContinueSendData
                0x0800532a       0x10 build/usbd_ioreq.o
                0x0800532a                USBD_CtlContinueSendData
 .text.USBD_CtlContinueRx
                0x0800533a       0x10 build/usbd_ioreq.o
                0x0800533a                USBD_CtlContinueRx
 .text.USBD_CtlSendStatus
                0x0800534a       0x16 build/usbd_ioreq.o
                0x0800534a                USBD_CtlSendStatus
 .text.USBD_CtlReceiveStatus
                0x08005360       0x16 build/usbd_ioreq.o
                0x08005360                USBD_CtlReceiveStatus
 *fill*         0x08005376        0x2 
 .text.USBD_MSC_GetDeviceQualifierDescriptor
                0x08005378        0xc build/usbd_msc.o
                0x08005378                USBD_MSC_GetDeviceQualifierDescriptor
 .text.USBD_MSC_Init
                0x08005384       0xc8 build/usbd_msc.o
                0x08005384                USBD_MSC_Init
 .text.USBD_MSC_DeInit
                0x0800544c       0x74 build/usbd_msc.o
                0x0800544c                USBD_MSC_DeInit
 .text.USBD_MSC_Setup
                0x080054c0      0x144 build/usbd_msc.o
                0x080054c0                USBD_MSC_Setup
 .text.USBD_MSC_DataIn
                0x08005604        0xa build/usbd_msc.o
                0x08005604                USBD_MSC_DataIn
 .text.USBD_MSC_DataOut
                0x0800560e        0xa build/usbd_msc.o
                0x0800560e                USBD_MSC_DataOut
 .text.USBD_MSC_GetHSCfgDesc
                0x08005618       0x38 build/usbd_msc.o
                0x08005618                USBD_MSC_GetHSCfgDesc
 .text.USBD_MSC_GetFSCfgDesc
                0x08005650       0x38 build/usbd_msc.o
                0x08005650                USBD_MSC_GetFSCfgDesc
 .text.USBD_MSC_GetOtherSpeedCfgDesc
                0x08005688       0x38 build/usbd_msc.o
                0x08005688                USBD_MSC_GetOtherSpeedCfgDesc
 .text.USBD_MSC_RegisterStorage
                0x080056c0       0x16 build/usbd_msc.o
                0x080056c0                USBD_MSC_RegisterStorage
 *fill*         0x080056d6        0x2 
 .text.MSC_BOT_SendData
                0x080056d8       0x40 build/usbd_msc_bot.o
 .text.MSC_BOT_Abort
                0x08005718       0x5c build/usbd_msc_bot.o
 .text.MSC_BOT_Init
                0x08005774       0x60 build/usbd_msc_bot.o
                0x08005774                MSC_BOT_Init
 .text.MSC_BOT_Reset
                0x080057d4       0x44 build/usbd_msc_bot.o
                0x080057d4                MSC_BOT_Reset
 .text.MSC_BOT_DeInit
                0x08005818       0x12 build/usbd_msc_bot.o
                0x08005818                MSC_BOT_DeInit
 *fill*         0x0800582a        0x2 
 .text.MSC_BOT_SendCSW
                0x0800582c       0x4c build/usbd_msc_bot.o
                0x0800582c                MSC_BOT_SendCSW
 .text.MSC_BOT_DataIn
                0x08005878       0x44 build/usbd_msc_bot.o
                0x08005878                MSC_BOT_DataIn
 .text.MSC_BOT_CBW_Decode
                0x080058bc       0xb8 build/usbd_msc_bot.o
 .text.MSC_BOT_DataOut
                0x08005974       0x3c build/usbd_msc_bot.o
                0x08005974                MSC_BOT_DataOut
 .text.MSC_BOT_CplClrFeature
                0x080059b0       0x48 build/usbd_msc_bot.o
                0x080059b0                MSC_BOT_CplClrFeature
 .text.SCSI_AllowPreventRemovable
                0x080059f8       0x28 build/usbd_msc_scsi.o
 .text.SCSI_UpdateBotData
                0x08005a20       0x22 build/usbd_msc_scsi.o
 *fill*         0x08005a42        0x2 
 .text.SCSI_ModeSense6
                0x08005a44       0x2c build/usbd_msc_scsi.o
 .text.SCSI_ModeSense10
                0x08005a70       0x2c build/usbd_msc_scsi.o
 .text.SCSI_SenseCode
                0x08005a9c       0x38 build/usbd_msc_scsi.o
                0x08005a9c                SCSI_SenseCode
 .text.SCSI_TestUnitReady
                0x08005ad4       0x76 build/usbd_msc_scsi.o
 .text.SCSI_RequestSense
                0x08005b4a       0x92 build/usbd_msc_scsi.o
 .text.SCSI_Inquiry
                0x08005bdc       0xa4 build/usbd_msc_scsi.o
 .text.SCSI_StartStopUnit
                0x08005c80       0x60 build/usbd_msc_scsi.o
 .text.SCSI_ReadFormatCapacity
                0x08005ce0       0x94 build/usbd_msc_scsi.o
 .text.SCSI_ReadCapacity10
                0x08005d74       0x7a build/usbd_msc_scsi.o
 .text.SCSI_ReadCapacity16
                0x08005dee       0xc0 build/usbd_msc_scsi.o
 .text.SCSI_CheckAddressRange
                0x08005eae       0x32 build/usbd_msc_scsi.o
 .text.SCSI_ProcessRead
                0x08005ee0       0xb4 build/usbd_msc_scsi.o
 .text.SCSI_Read10
                0x08005f94       0xe6 build/usbd_msc_scsi.o
 .text.SCSI_Read12
                0x0800607a       0xf4 build/usbd_msc_scsi.o
 *fill*         0x0800616e        0x2 
 .text.SCSI_ProcessWrite
                0x08006170       0xc4 build/usbd_msc_scsi.o
 .text.SCSI_Write10
                0x08006234      0x138 build/usbd_msc_scsi.o
 .text.SCSI_Write12
                0x0800636c      0x14c build/usbd_msc_scsi.o
 .text.SCSI_Verify10
                0x080064b8       0x46 build/usbd_msc_scsi.o
 .text.SCSI_ProcessCmd
                0x080064fe       0xf8 build/usbd_msc_scsi.o
                0x080064fe                SCSI_ProcessCmd
 *fill*         0x080065f6        0x2 
 .text.Reset_Handler
                0x080065f8       0x50 build/startup_stm32f412rx.o
                0x080065f8                Reset_Handler
 .text.Default_Handler
                0x08006648        0x2 build/startup_stm32f412rx.o
                0x08006648                DMA1_Stream3_IRQHandler
                0x08006648                EXTI2_IRQHandler
                0x08006648                TIM8_CC_IRQHandler
                0x08006648                FMPI2C1_EV_IRQHandler
                0x08006648                SPI4_IRQHandler
                0x08006648                TIM1_CC_IRQHandler
                0x08006648                DMA2_Stream5_IRQHandler
                0x08006648                DMA1_Stream5_IRQHandler
                0x08006648                TIM6_IRQHandler
                0x08006648                PVD_IRQHandler
                0x08006648                SDIO_IRQHandler
                0x08006648                TAMP_STAMP_IRQHandler
                0x08006648                CAN2_RX1_IRQHandler
                0x08006648                EXTI3_IRQHandler
                0x08006648                TIM8_TRG_COM_TIM14_IRQHandler
                0x08006648                DFSDM1_FLT1_IRQHandler
                0x08006648                TIM1_UP_TIM10_IRQHandler
                0x08006648                TIM8_UP_TIM13_IRQHandler
                0x08006648                I2C3_ER_IRQHandler
                0x08006648                EXTI0_IRQHandler
                0x08006648                I2C2_EV_IRQHandler
                0x08006648                DMA1_Stream2_IRQHandler
                0x08006648                CAN1_RX0_IRQHandler
                0x08006648                FPU_IRQHandler
                0x08006648                CAN2_SCE_IRQHandler
                0x08006648                SPI1_IRQHandler
                0x08006648                TIM1_BRK_TIM9_IRQHandler
                0x08006648                CAN2_RX0_IRQHandler
                0x08006648                DMA2_Stream3_IRQHandler
                0x08006648                USART6_IRQHandler
                0x08006648                USART3_IRQHandler
                0x08006648                CAN1_RX1_IRQHandler
                0x08006648                DMA2_Stream0_IRQHandler
                0x08006648                TIM4_IRQHandler
                0x08006648                QUADSPI_IRQHandler
                0x08006648                I2C1_EV_IRQHandler
                0x08006648                DMA1_Stream6_IRQHandler
                0x08006648                DMA1_Stream1_IRQHandler
                0x08006648                TIM3_IRQHandler
                0x08006648                RCC_IRQHandler
                0x08006648                TIM8_BRK_TIM12_IRQHandler
                0x08006648                Default_Handler
                0x08006648                EXTI15_10_IRQHandler
                0x08006648                ADC_IRQHandler
                0x08006648                DMA1_Stream7_IRQHandler
                0x08006648                SPI5_IRQHandler
                0x08006648                TIM7_IRQHandler
                0x08006648                CAN2_TX_IRQHandler
                0x08006648                TIM5_IRQHandler
                0x08006648                DMA2_Stream7_IRQHandler
                0x08006648                I2C3_EV_IRQHandler
                0x08006648                EXTI9_5_IRQHandler
                0x08006648                RTC_WKUP_IRQHandler
                0x08006648                SPI2_IRQHandler
                0x08006648                DMA1_Stream0_IRQHandler
                0x08006648                CAN1_TX_IRQHandler
                0x08006648                FMPI2C1_ER_IRQHandler
                0x08006648                EXTI4_IRQHandler
                0x08006648                RNG_IRQHandler
                0x08006648                WWDG_IRQHandler
                0x08006648                TIM2_IRQHandler
                0x08006648                OTG_FS_WKUP_IRQHandler
                0x08006648                TIM1_TRG_COM_TIM11_IRQHandler
                0x08006648                EXTI1_IRQHandler
                0x08006648                USART2_IRQHandler
                0x08006648                DFSDM1_FLT0_IRQHandler
                0x08006648                I2C2_ER_IRQHandler
                0x08006648                DMA2_Stream1_IRQHandler
                0x08006648                CAN1_SCE_IRQHandler
                0x08006648                FLASH_IRQHandler
                0x08006648                DMA2_Stream4_IRQHandler
                0x08006648                USART1_IRQHandler
                0x08006648                SPI3_IRQHandler
                0x08006648                DMA1_Stream4_IRQHandler
                0x08006648                I2C1_ER_IRQHandler
                0x08006648                DMA2_Stream6_IRQHandler
                0x08006648                RTC_Alarm_IRQHandler
 .text.memset   0x0800664a       0x10 /Applications/ArmGNUToolchain/12.3.rel1/arm-none-eabi/bin/../lib/gcc/arm-none-eabi/12.3.1/../../../../arm-none-eabi/lib/thumb/v7e-m+fp/hard/libc_nano.a(libc_a-memset.o)
                0x0800664a                memset
 *fill*         0x0800665a        0x2 
 .text.__libc_init_array
                0x0800665c       0x48 /Applications/ArmGNUToolchain/12.3.rel1/arm-none-eabi/bin/../lib/gcc/arm-none-eabi/12.3.1/../../../../arm-none-eabi/lib/thumb/v7e-m+fp/hard/libc_nano.a(libc_a-init.o)
                0x0800665c                __libc_init_array
 .text.__udivmoddi4
                0x080066a4      0x2bc /Applications/ArmGNUToolchain/12.3.rel1/arm-none-eabi/bin/../lib/gcc/arm-none-eabi/12.3.1/thumb/v7e-m+fp/hard/libgcc.a(_udivmoddi4.o)
                0x080066a4                __udivmoddi4
 *(.glue_7)
 .glue_7        0x08006960        0x0 linker stubs
 *(.glue_7t)
 .glue_7t       0x08006960        0x0 linker stubs
 *(.eh_frame)
 .eh_frame      0x08006960        0x0 /Applications/ArmGNUToolchain/12.3.rel1/arm-none-eabi/bin/../lib/gcc/arm-none-eabi/12.3.1/thumb/v7e-m+fp/hard/crtbegin.o
 *(.init)
 .init          0x08006960        0x4 /Applications/ArmGNUToolchain/12.3.rel1/arm-none-eabi/bin/../lib/gcc/arm-none-eabi/12.3.1/thumb/v7e-m+fp/hard/crti.o
                0x08006960                _init
 .init          0x08006964        0x8 /Applications/ArmGNUToolchain/12.3.rel1/arm-none-eabi/bin/../lib/gcc/arm-none-eabi/12.3.1/thumb/v7e-m+fp/hard/crtn.o
 *(.fini)
 .fini          0x0800696c        0x4 /Applications/ArmGNUToolchain/12.3.rel1/arm-none-eabi/bin/../lib/gcc/arm-none-eabi/12.3.1/thumb/v7e-m+fp/hard/crti.o
                0x0800696c                _fini
 .fini          0x08006970        0x8 /Applications/ArmGNUToolchain/12.3.rel1/arm-none-eabi/bin/../lib/gcc/arm-none-eabi/12.3.1/thumb/v7e-m+fp/hard/crtn.o
                0x08006978                        . = ALIGN (0x4)
                0x08006978                        _etext = .

.vfp11_veneer   0x08006978        0x0
 .vfp11_veneer  0x08006978        0x0 linker stubs

.v4_bx          0x08006978        0x0
 .v4_bx         0x08006978        0x0 linker stubs

.iplt           0x08006978        0x0
 .iplt          0x08006978        0x0 /Applications/ArmGNUToolchain/12.3.rel1/arm-none-eabi/bin/../lib/gcc/arm-none-eabi/12.3.1/thumb/v7e-m+fp/hard/crtbegin.o

.rodata         0x08006978       0x88
                0x08006978                        . = ALIGN (0x4)
 *(.rodata)
 *(.rodata*)
 .rodata.USBD_FS_ProductStrDescriptor.str1.4
                0x08006978       0x13 build/usbd_desc.o
 *fill*         0x0800698b        0x1 
 .rodata.USBD_FS_ManufacturerStrDescriptor.str1.4
                0x0800698c       0x13 build/usbd_desc.o
 *fill*         0x0800699f        0x1 
 .rodata.USBD_FS_ConfigStrDescriptor.str1.4
                0x080069a0        0xb build/usbd_desc.o
 *fill*         0x080069ab        0x1 
 .rodata.USBD_FS_InterfaceStrDescriptor.str1.4
                0x080069ac        0xe build/usbd_desc.o
 *fill*         0x080069ba        0x2 
 .rodata.STORAGE_Inquirydata_FS
                0x080069bc       0x24 build/usbd_storage_if.o
                0x080069bc                STORAGE_Inquirydata_FS
 .rodata.flagBitshiftOffset.0
                0x080069e0        0x8 build/stm32f4xx_hal_dma.o
 .rodata.APBPrescTable
                0x080069e8        0x8 build/system_stm32f4xx.o
                0x080069e8                APBPrescTable
 .rodata.AHBPrescTable
                0x080069f0       0x10 build/system_stm32f4xx.o
                0x080069f0                AHBPrescTable
                0x08006a00                        . = ALIGN (0x4)

.ARM.extab
 *(.ARM.extab* .gnu.linkonce.armextab.*)

.ARM            0x08006a00        0x8
                0x08006a00                        __exidx_start = .
 *(.ARM.exidx*)
 .ARM.exidx.text.__udivmoddi4
                0x08006a00        0x8 /Applications/ArmGNUToolchain/12.3.rel1/arm-none-eabi/bin/../lib/gcc/arm-none-eabi/12.3.1/thumb/v7e-m+fp/hard/libgcc.a(_udivmoddi4.o)
                0x08006a08                        __exidx_end = .

.rel.dyn        0x08006a08        0x0
 .rel.iplt      0x08006a08        0x0 /Applications/ArmGNUToolchain/12.3.rel1/arm-none-eabi/bin/../lib/gcc/arm-none-eabi/12.3.1/thumb/v7e-m+fp/hard/crtbegin.o

.preinit_array  0x08006a08        0x0
                0x08006a08                        PROVIDE (__preinit_array_start = .)
 *(.preinit_array*)
                0x08006a08                        PROVIDE (__preinit_array_end = .)

.init_array     0x08006a08        0x4
                0x08006a08                        PROVIDE (__init_array_start = .)
 *(SORT_BY_NAME(.init_array.*))
 *(.init_array*)
 .init_array    0x08006a08        0x4 /Applications/ArmGNUToolchain/12.3.rel1/arm-none-eabi/bin/../lib/gcc/arm-none-eabi/12.3.1/thumb/v7e-m+fp/hard/crtbegin.o
                0x08006a0c                        PROVIDE (__init_array_end = .)

.fini_array     0x08006a0c        0x4
                [!provide]                        PROVIDE (__fini_array_start = .)
 *(SORT_BY_NAME(.fini_array.*))
 *(.fini_array*)
 .fini_array    0x08006a0c        0x4 /Applications/ArmGNUToolchain/12.3.rel1/arm-none-eabi/bin/../lib/gcc/arm-none-eabi/12.3.1/thumb/v7e-m+fp/hard/crtbegin.o
                [!provide]                        PROVIDE (__fini_array_end = .)
                0x08006a10                        _sidata = LOADADDR (.data)

.data           0x20000000      0x150 load address 0x08006a10
                0x20000000                        . = ALIGN (0x4)
                0x20000000                        _sdata = .
 *(.data)
 *(.data*)
 .data.USER_Driver
                0x20000000       0x14 build/user_diskio.o
                0x20000000                USER_Driver
 .data.Stat     0x20000014        0x1 build/user_diskio.o
 *fill*         0x20000015        0x3 
 .data.USBD_StringSerial
                0x20000018       0x1a build/usbd_desc.o
                0x20000018                USBD_StringSerial
 *fill*         0x20000032        0x2 
 .data.USBD_LangIDDesc
                0x20000034        0x4 build/usbd_desc.o
                0x20000034                USBD_LangIDDesc
 .data.USBD_FS_BOSDesc
                0x20000038        0xc build/usbd_desc.o
                0x20000038                USBD_FS_BOSDesc
 .data.USBD_FS_DeviceDesc
                0x20000044       0x12 build/usbd_desc.o
                0x20000044                USBD_FS_DeviceDesc
 *fill*         0x20000056        0x2 
 .data.FS_Desc  0x20000058       0x20 build/usbd_desc.o
                0x20000058                FS_Desc
 .data.USBD_Storage_Interface_fops_FS
                0x20000078       0x20 build/usbd_storage_if.o
                0x20000078                USBD_Storage_Interface_fops_FS
 .data.uwTickFreq
                0x20000098        0x1 build/stm32f4xx_hal.o
                0x20000098                uwTickFreq
 *fill*         0x20000099        0x3 
 .data.uwTickPrio
                0x2000009c        0x4 build/stm32f4xx_hal.o
                0x2000009c                uwTickPrio
 .data.SystemCoreClock
                0x200000a0        0x4 build/system_stm32f4xx.o
                0x200000a0                SystemCoreClock
 .data.MSCOutEpAdd
                0x200000a4        0x1 build/usbd_msc.o
                0x200000a4                MSCOutEpAdd
 .data.MSCInEpAdd
                0x200000a5        0x1 build/usbd_msc.o
                0x200000a5                MSCInEpAdd
 *fill*         0x200000a6        0x2 
 .data.USBD_MSC_DeviceQualifierDesc
                0x200000a8        0xa build/usbd_msc.o
 *fill*         0x200000b2        0x2 
 .data.USBD_MSC_CfgDesc
                0x200000b4       0x20 build/usbd_msc.o
 .data.USBD_MSC
                0x200000d4       0x38 build/usbd_msc.o
                0x200000d4                USBD_MSC
 .data.MSC_Mode_Sense10_data
                0x2000010c       0x1b build/usbd_msc_data.o
                0x2000010c                MSC_Mode_Sense10_data
 *fill*         0x20000127        0x1 
 .data.MSC_Mode_Sense6_data
                0x20000128       0x17 build/usbd_msc_data.o
                0x20000128                MSC_Mode_Sense6_data
 *fill*         0x2000013f        0x1 
 .data.MSC_Page80_Inquiry_Data
                0x20000140        0x8 build/usbd_msc_data.o
                0x20000140                MSC_Page80_Inquiry_Data
 .data.MSC_Page00_Inquiry_Data
                0x20000148        0x6 build/usbd_msc_data.o
                0x20000148                MSC_Page00_Inquiry_Data
                0x20000150                        . = ALIGN (0x4)
 *fill*         0x2000014e        0x2 
                0x20000150                        _edata = .

.tm_clone_table
                0x20000150        0x0 load address 0x08006b60
 .tm_clone_table
                0x20000150        0x0 /Applications/ArmGNUToolchain/12.3.rel1/arm-none-eabi/bin/../lib/gcc/arm-none-eabi/12.3.1/thumb/v7e-m+fp/hard/crtbegin.o
 .tm_clone_table
                0x20000150        0x0 /Applications/ArmGNUToolchain/12.3.rel1/arm-none-eabi/bin/../lib/gcc/arm-none-eabi/12.3.1/thumb/v7e-m+fp/hard/crtend.o

.igot.plt       0x20000150        0x0 load address 0x08006b60
 .igot.plt      0x20000150        0x0 /Applications/ArmGNUToolchain/12.3.rel1/arm-none-eabi/bin/../lib/gcc/arm-none-eabi/12.3.1/thumb/v7e-m+fp/hard/crtbegin.o
                0x20000150                        . = ALIGN (0x4)

.bss            0x20000150      0xf40 load address 0x08006b60
                0x20000150                        _sbss = .
                0x20000150                        __bss_start__ = _sbss
 *(.bss)
 *(.bss*)
 .bss.completed.1
                0x20000150        0x1 /Applications/ArmGNUToolchain/12.3.rel1/arm-none-eabi/bin/../lib/gcc/arm-none-eabi/12.3.1/thumb/v7e-m+fp/hard/crtbegin.o
 *fill*         0x20000151        0x3 
 .bss.object.0  0x20000154       0x18 /Applications/ArmGNUToolchain/12.3.rel1/arm-none-eabi/bin/../lib/gcc/arm-none-eabi/12.3.1/thumb/v7e-m+fp/hard/crtbegin.o
 .bss.huart3    0x2000016c       0x44 build/main.o
                0x2000016c                huart3
 .bss.huart1    0x200001b0       0x44 build/main.o
                0x200001b0                huart1
 .bss.hdma_spi1_tx
                0x200001f4       0x60 build/main.o
                0x200001f4                hdma_spi1_tx
 .bss.hspi2     0x20000254       0x58 build/main.o
                0x20000254                hspi2
 .bss.hspi1     0x200002ac       0x58 build/main.o
                0x200002ac                hspi1
 .bss.hrtc      0x20000304       0x20 build/main.o
                0x20000304                hrtc
 .bss.hi2c2     0x20000324       0x54 build/main.o
                0x20000324                hi2c2
 .bss.hcan2     0x20000378       0x28 build/main.o
                0x20000378                hcan2
 .bss.hcan1     0x200003a0       0x28 build/main.o
                0x200003a0                hcan1
 .bss.hadc1     0x200003c8       0x48 build/main.o
                0x200003c8                hadc1
 .bss.HAL_RCC_CAN1_CLK_ENABLED
                0x20000410        0x4 build/stm32f4xx_hal_msp.o
 .bss.USERPath  0x20000414        0x4 build/fatfs.o
                0x20000414                USERPath
 .bss.retUSER   0x20000418        0x1 build/fatfs.o
                0x20000418                retUSER
 *fill*         0x20000419        0x3 
 .bss.hUsbDeviceFS
                0x2000041c      0x2dc build/usb_device.o
                0x2000041c                hUsbDeviceFS
 .bss.USBD_StrDesc
                0x200006f8      0x200 build/usbd_desc.o
                0x200006f8                USBD_StrDesc
 .bss.mem.0     0x200008f8      0x278 build/usbd_conf.o
 .bss.hpcd_USB_OTG_FS
                0x20000b70      0x50c build/usbd_conf.o
                0x20000b70                hpcd_USB_OTG_FS
 .bss.uwTick    0x2000107c        0x4 build/stm32f4xx_hal.o
                0x2000107c                uwTick
 .bss.disk      0x20001080        0xc build/ff_gen_drv.o
                0x20001080                disk
 .bss.cfgidx.0  0x2000108c        0x1 build/usbd_ctlreq.o
 *(COMMON)
                0x20001090                        . = ALIGN (0x4)
 *fill*         0x2000108d        0x3 
                0x20001090                        _ebss = .
                0x20001090                        __bss_end__ = _ebss

._user_heap_stack
                0x20001090      0x600 load address 0x08006b60
                0x20001090                        . = ALIGN (0x8)
                0x20001090                        PROVIDE (end = .)
                [!provide]                        PROVIDE (_end = .)
                0x20001290                        . = (. + _Min_Heap_Size)
 *fill*         0x20001090      0x200 
                0x20001690                        . = (. + _Min_Stack_Size)
 *fill*         0x20001290      0x400 
                0x20001690                        . = ALIGN (0x8)

/DISCARD/
 libc.a(*)
 libm.a(*)
 libgcc.a(*)

.ARM.attributes
                0x00000000       0x30
 *(.ARM.attributes)
 .ARM.attributes
                0x00000000       0x22 /Applications/ArmGNUToolchain/12.3.rel1/arm-none-eabi/bin/../lib/gcc/arm-none-eabi/12.3.1/thumb/v7e-m+fp/hard/crti.o
 .ARM.attributes
                0x00000022       0x34 /Applications/ArmGNUToolchain/12.3.rel1/arm-none-eabi/bin/../lib/gcc/arm-none-eabi/12.3.1/thumb/v7e-m+fp/hard/crtbegin.o
 .ARM.attributes
                0x00000056       0x34 build/main.o
 .ARM.attributes
                0x0000008a       0x34 build/stm32f4xx_it.o
 .ARM.attributes
                0x000000be       0x34 build/stm32f4xx_hal_msp.o
 .ARM.attributes
                0x000000f2       0x34 build/user_diskio.o
 .ARM.attributes
                0x00000126       0x34 build/fatfs.o
 .ARM.attributes
                0x0000015a       0x34 build/usb_device.o
 .ARM.attributes
                0x0000018e       0x34 build/usbd_desc.o
 .ARM.attributes
                0x000001c2       0x34 build/usbd_storage_if.o
 .ARM.attributes
                0x000001f6       0x34 build/usbd_conf.o
 .ARM.attributes
                0x0000022a       0x34 build/stm32f4xx_hal_pcd.o
 .ARM.attributes
                0x0000025e       0x34 build/stm32f4xx_hal_pcd_ex.o
 .ARM.attributes
                0x00000292       0x34 build/stm32f4xx_ll_usb.o
 .ARM.attributes
                0x000002c6       0x34 build/stm32f4xx_hal_rcc.o
 .ARM.attributes
                0x000002fa       0x34 build/stm32f4xx_hal_rcc_ex.o
 .ARM.attributes
                0x0000032e       0x34 build/stm32f4xx_hal_gpio.o
 .ARM.attributes
                0x00000362       0x34 build/stm32f4xx_hal_dma.o
 .ARM.attributes
                0x00000396       0x34 build/stm32f4xx_hal_cortex.o
 .ARM.attributes
                0x000003ca       0x34 build/stm32f4xx_hal.o
 .ARM.attributes
                0x000003fe       0x34 build/stm32f4xx_hal_adc.o
 .ARM.attributes
                0x00000432       0x34 build/stm32f4xx_hal_can.o
 .ARM.attributes
                0x00000466       0x34 build/stm32f4xx_hal_i2c.o
 .ARM.attributes
                0x0000049a       0x34 build/stm32f4xx_hal_rtc.o
 .ARM.attributes
                0x000004ce       0x34 build/stm32f4xx_hal_spi.o
 .ARM.attributes
                0x00000502       0x34 build/stm32f4xx_hal_uart.o
 .ARM.attributes
                0x00000536       0x34 build/system_stm32f4xx.o
 .ARM.attributes
                0x0000056a       0x34 build/ff_gen_drv.o
 .ARM.attributes
                0x0000059e       0x34 build/usbd_core.o
 .ARM.attributes
                0x000005d2       0x34 build/usbd_ctlreq.o
 .ARM.attributes
                0x00000606       0x34 build/usbd_ioreq.o
 .ARM.attributes
                0x0000063a       0x34 build/usbd_msc.o
 .ARM.attributes
                0x0000066e       0x34 build/usbd_msc_bot.o
 .ARM.attributes
                0x000006a2       0x34 build/usbd_msc_data.o
 .ARM.attributes
                0x000006d6       0x34 build/usbd_msc_scsi.o
 .ARM.attributes
                0x0000070a       0x21 build/startup_stm32f412rx.o
 .ARM.attributes
                0x0000072b       0x34 /Applications/ArmGNUToolchain/12.3.rel1/arm-none-eabi/bin/../lib/gcc/arm-none-eabi/12.3.1/../../../../arm-none-eabi/lib/thumb/v7e-m+fp/hard/libc_nano.a(libc_a-memset.o)
 .ARM.attributes
                0x0000075f       0x34 /Applications/ArmGNUToolchain/12.3.rel1/arm-none-eabi/bin/../lib/gcc/arm-none-eabi/12.3.1/../../../../arm-none-eabi/lib/thumb/v7e-m+fp/hard/libc_nano.a(libc_a-init.o)
 .ARM.attributes
                0x00000793       0x22 /Applications/ArmGNUToolchain/12.3.rel1/arm-none-eabi/bin/../lib/gcc/arm-none-eabi/12.3.1/thumb/v7e-m+fp/hard/libgcc.a(_aeabi_uldivmod.o)
 .ARM.attributes
                0x000007b5       0x34 /Applications/ArmGNUToolchain/12.3.rel1/arm-none-eabi/bin/../lib/gcc/arm-none-eabi/12.3.1/thumb/v7e-m+fp/hard/libgcc.a(_udivmoddi4.o)
 .ARM.attributes
                0x000007e9       0x22 /Applications/ArmGNUToolchain/12.3.rel1/arm-none-eabi/bin/../lib/gcc/arm-none-eabi/12.3.1/thumb/v7e-m+fp/hard/libgcc.a(_dvmd_tls.o)
 .ARM.attributes
                0x0000080b       0x34 /Applications/ArmGNUToolchain/12.3.rel1/arm-none-eabi/bin/../lib/gcc/arm-none-eabi/12.3.1/thumb/v7e-m+fp/hard/crtend.o
 .ARM.attributes
                0x0000083f       0x22 /Applications/ArmGNUToolchain/12.3.rel1/arm-none-eabi/bin/../lib/gcc/arm-none-eabi/12.3.1/thumb/v7e-m+fp/hard/crtn.o
OUTPUT(build/CANBUS_Display.elf elf32-littlearm)
LOAD linker stubs
LOAD /Applications/ArmGNUToolchain/12.3.rel1/arm-none-eabi/bin/../lib/gcc/arm-none-eabi/12.3.1/../../../../arm-none-eabi/lib/thumb/v7e-m+fp/hard/libc.a
LOAD /Applications/ArmGNUToolchain/12.3.rel1/arm-none-eabi/bin/../lib/gcc/arm-none-eabi/12.3.1/../../../../arm-none-eabi/lib/thumb/v7e-m+fp/hard/libm.a
LOAD /Applications/ArmGNUToolchain/12.3.rel1/arm-none-eabi/bin/../lib/gcc/arm-none-eabi/12.3.1/thumb/v7e-m+fp/hard/libgcc.a

.debug_info     0x00000000    0x283d3
 .debug_info    0x00000000     0x28ad build/main.o
 .debug_info    0x000028ad      0xa64 build/stm32f4xx_it.o
 .debug_info    0x00003311     0x23a9 build/stm32f4xx_hal_msp.o
 .debug_info    0x000056ba      0x37d build/user_diskio.o
 .debug_info    0x00005a37      0x578 build/fatfs.o
 .debug_info    0x00005faf      0x8d7 build/usb_device.o
 .debug_info    0x00006886      0x6c8 build/usbd_desc.o
 .debug_info    0x00006f4e      0x417 build/usbd_storage_if.o
 .debug_info    0x00007365     0x2678 build/usbd_conf.o
 .debug_info    0x000099dd     0x1ff2 build/stm32f4xx_hal_pcd.o
 .debug_info    0x0000b9cf      0xae6 build/stm32f4xx_hal_pcd_ex.o
 .debug_info    0x0000c4b5     0x21c7 build/stm32f4xx_ll_usb.o
 .debug_info    0x0000e67c      0xc5d build/stm32f4xx_hal_rcc.o
 .debug_info    0x0000f2d9      0xad6 build/stm32f4xx_hal_rcc_ex.o
 .debug_info    0x0000fdaf      0x8ac build/stm32f4xx_hal_gpio.o
 .debug_info    0x0001065b      0xbce build/stm32f4xx_hal_dma.o
 .debug_info    0x00011229     0x1148 build/stm32f4xx_hal_cortex.o
 .debug_info    0x00012371      0xb2c build/stm32f4xx_hal.o
 .debug_info    0x00012e9d     0x1039 build/stm32f4xx_hal_adc.o
 .debug_info    0x00013ed6     0x1381 build/stm32f4xx_hal_can.o
 .debug_info    0x00015257     0x3b82 build/stm32f4xx_hal_i2c.o
 .debug_info    0x00018dd9     0x11ab build/stm32f4xx_hal_rtc.o
 .debug_info    0x00019f84     0x2042 build/stm32f4xx_hal_spi.o
 .debug_info    0x0001bfc6     0x4425 build/stm32f4xx_hal_uart.o
 .debug_info    0x000203eb      0x5f7 build/system_stm32f4xx.o
 .debug_info    0x000209e2      0x440 build/ff_gen_drv.o
 .debug_info    0x00020e22     0x144a build/usbd_core.o
 .debug_info    0x0002226c     0x1599 build/usbd_ctlreq.o
 .debug_info    0x00023805      0x9c2 build/usbd_ioreq.o
 .debug_info    0x000241c7     0x12a8 build/usbd_msc.o
 .debug_info    0x0002546f     0x1143 build/usbd_msc_bot.o
 .debug_info    0x000265b2      0x13a build/usbd_msc_data.o
 .debug_info    0x000266ec     0x1cb7 build/usbd_msc_scsi.o
 .debug_info    0x000283a3       0x30 build/startup_stm32f412rx.o

.debug_abbrev   0x00000000     0x5140
 .debug_abbrev  0x00000000      0x2cc build/main.o
 .debug_abbrev  0x000002cc      0x1ac build/stm32f4xx_it.o
 .debug_abbrev  0x00000478      0x27e build/stm32f4xx_hal_msp.o
 .debug_abbrev  0x000006f6      0x14c build/user_diskio.o
 .debug_abbrev  0x00000842      0x170 build/fatfs.o
 .debug_abbrev  0x000009b2      0x19c build/usb_device.o
 .debug_abbrev  0x00000b4e      0x208 build/usbd_desc.o
 .debug_abbrev  0x00000d56      0x1c3 build/usbd_storage_if.o
 .debug_abbrev  0x00000f19      0x354 build/usbd_conf.o
 .debug_abbrev  0x0000126d      0x315 build/stm32f4xx_hal_pcd.o
 .debug_abbrev  0x00001582      0x287 build/stm32f4xx_hal_pcd_ex.o
 .debug_abbrev  0x00001809      0x33d build/stm32f4xx_ll_usb.o
 .debug_abbrev  0x00001b46      0x2de build/stm32f4xx_hal_rcc.o
 .debug_abbrev  0x00001e24      0x216 build/stm32f4xx_hal_rcc_ex.o
 .debug_abbrev  0x0000203a      0x22b build/stm32f4xx_hal_gpio.o
 .debug_abbrev  0x00002265      0x2fe build/stm32f4xx_hal_dma.o
 .debug_abbrev  0x00002563      0x3d3 build/stm32f4xx_hal_cortex.o
 .debug_abbrev  0x00002936      0x244 build/stm32f4xx_hal.o
 .debug_abbrev  0x00002b7a      0x2c7 build/stm32f4xx_hal_adc.o
 .debug_abbrev  0x00002e41      0x281 build/stm32f4xx_hal_can.o
 .debug_abbrev  0x000030c2      0x328 build/stm32f4xx_hal_i2c.o
 .debug_abbrev  0x000033ea      0x250 build/stm32f4xx_hal_rtc.o
 .debug_abbrev  0x0000363a      0x2c6 build/stm32f4xx_hal_spi.o
 .debug_abbrev  0x00003900      0x36f build/stm32f4xx_hal_uart.o
 .debug_abbrev  0x00003c6f      0x11b build/system_stm32f4xx.o
 .debug_abbrev  0x00003d8a      0x1c9 build/ff_gen_drv.o
 .debug_abbrev  0x00003f53      0x2ec build/usbd_core.o
 .debug_abbrev  0x0000423f      0x359 build/usbd_ctlreq.o
 .debug_abbrev  0x00004598      0x195 build/usbd_ioreq.o
 .debug_abbrev  0x0000472d      0x34b build/usbd_msc.o
 .debug_abbrev  0x00004a78      0x2e9 build/usbd_msc_bot.o
 .debug_abbrev  0x00004d61       0x69 build/usbd_msc_data.o
 .debug_abbrev  0x00004dca      0x359 build/usbd_msc_scsi.o
 .debug_abbrev  0x00005123       0x1d build/startup_stm32f412rx.o

.debug_loc      0x00000000    0x1e343
 .debug_loc     0x00000000      0x23f build/main.o
 .debug_loc     0x0000023f       0x60 build/stm32f4xx_it.o
 .debug_loc     0x0000029f      0x5b4 build/stm32f4xx_hal_msp.o
 .debug_loc     0x00000853       0xb9 build/user_diskio.o
 .debug_loc     0x0000090c       0x20 build/fatfs.o
 .debug_loc     0x0000092c       0x20 build/usb_device.o
 .debug_loc     0x0000094c      0x4a0 build/usbd_desc.o
 .debug_loc     0x00000dec       0xde build/usbd_storage_if.o
 .debug_loc     0x00000eca     0x107a build/usbd_conf.o
 .debug_loc     0x00001f44     0x1766 build/stm32f4xx_hal_pcd.o
 .debug_loc     0x000036aa      0x28e build/stm32f4xx_hal_pcd_ex.o
 .debug_loc     0x00003938     0x2878 build/stm32f4xx_ll_usb.o
 .debug_loc     0x000061b0      0x6e4 build/stm32f4xx_hal_rcc.o
 .debug_loc     0x00006894      0xabd build/stm32f4xx_hal_rcc_ex.o
 .debug_loc     0x00007351      0x5db build/stm32f4xx_hal_gpio.o
 .debug_loc     0x0000792c      0xd6d build/stm32f4xx_hal_dma.o
 .debug_loc     0x00008699      0x7a7 build/stm32f4xx_hal_cortex.o
 .debug_loc     0x00008e40      0x1e1 build/stm32f4xx_hal.o
 .debug_loc     0x00009021      0xe46 build/stm32f4xx_hal_adc.o
 .debug_loc     0x00009e67      0xee7 build/stm32f4xx_hal_can.o
 .debug_loc     0x0000ad4e     0x4de1 build/stm32f4xx_hal_i2c.o
 .debug_loc     0x0000fb2f     0x10d0 build/stm32f4xx_hal_rtc.o
 .debug_loc     0x00010bff     0x2501 build/stm32f4xx_hal_spi.o
 .debug_loc     0x00013100     0x4ff2 build/stm32f4xx_hal_uart.o
 .debug_loc     0x000180f2      0x158 build/system_stm32f4xx.o
 .debug_loc     0x0001824a      0x340 build/ff_gen_drv.o
 .debug_loc     0x0001858a     0x102a build/usbd_core.o
 .debug_loc     0x000195b4     0x1a78 build/usbd_ctlreq.o
 .debug_loc     0x0001b02c      0x398 build/usbd_ioreq.o
 .debug_loc     0x0001b3c4      0x7d6 build/usbd_msc.o
 .debug_loc     0x0001bb9a      0x6e6 build/usbd_msc_bot.o
 .debug_loc     0x0001c280     0x20c3 build/usbd_msc_scsi.o

.debug_aranges  0x00000000     0x1810
 .debug_aranges
                0x00000000       0x88 build/main.o
 .debug_aranges
                0x00000088       0x70 build/stm32f4xx_it.o
 .debug_aranges
                0x000000f8       0x80 build/stm32f4xx_hal_msp.o
 .debug_aranges
                0x00000178       0x40 build/user_diskio.o
 .debug_aranges
                0x000001b8       0x28 build/fatfs.o
 .debug_aranges
                0x000001e0       0x20 build/usb_device.o
 .debug_aranges
                0x00000200       0x68 build/usbd_desc.o
 .debug_aranges
                0x00000268       0x50 build/usbd_storage_if.o
 .debug_aranges
                0x000002b8      0x118 build/usbd_conf.o
 .debug_aranges
                0x000003d0      0x148 build/stm32f4xx_hal_pcd.o
 .debug_aranges
                0x00000518       0x60 build/stm32f4xx_hal_pcd_ex.o
 .debug_aranges
                0x00000578      0x1a0 build/stm32f4xx_ll_usb.o
 .debug_aranges
                0x00000718       0x88 build/stm32f4xx_hal_rcc.o
 .debug_aranges
                0x000007a0       0x60 build/stm32f4xx_hal_rcc_ex.o
 .debug_aranges
                0x00000800       0x58 build/stm32f4xx_hal_gpio.o
 .debug_aranges
                0x00000858       0x90 build/stm32f4xx_hal_dma.o
 .debug_aranges
                0x000008e8       0xd8 build/stm32f4xx_hal_cortex.o
 .debug_aranges
                0x000009c0       0xf0 build/stm32f4xx_hal.o
 .debug_aranges
                0x00000ab0       0xe8 build/stm32f4xx_hal_adc.o
 .debug_aranges
                0x00000b98      0x138 build/stm32f4xx_hal_can.o
 .debug_aranges
                0x00000cd0      0x2a0 build/stm32f4xx_hal_i2c.o
 .debug_aranges
                0x00000f70       0xe8 build/stm32f4xx_hal_rtc.o
 .debug_aranges
                0x00001058      0x1d0 build/stm32f4xx_hal_spi.o
 .debug_aranges
                0x00001228      0x200 build/stm32f4xx_hal_uart.o
 .debug_aranges
                0x00001428       0x28 build/system_stm32f4xx.o
 .debug_aranges
                0x00001450       0x40 build/ff_gen_drv.o
 .debug_aranges
                0x00001490       0xd8 build/usbd_core.o
 .debug_aranges
                0x00001568       0x88 build/usbd_ctlreq.o
 .debug_aranges
                0x000015f0       0x50 build/usbd_ioreq.o
 .debug_aranges
                0x00001640       0x68 build/usbd_msc.o
 .debug_aranges
                0x000016a8       0x68 build/usbd_msc_bot.o
 .debug_aranges
                0x00001710       0x18 build/usbd_msc_data.o
 .debug_aranges
                0x00001728       0xc0 build/usbd_msc_scsi.o
 .debug_aranges
                0x000017e8       0x28 build/startup_stm32f412rx.o

.debug_ranges   0x00000000     0x1650
 .debug_ranges  0x00000000       0x78 build/main.o
 .debug_ranges  0x00000078       0x60 build/stm32f4xx_it.o
 .debug_ranges  0x000000d8       0x70 build/stm32f4xx_hal_msp.o
 .debug_ranges  0x00000148       0x30 build/user_diskio.o
 .debug_ranges  0x00000178       0x18 build/fatfs.o
 .debug_ranges  0x00000190       0x10 build/usb_device.o
 .debug_ranges  0x000001a0       0x58 build/usbd_desc.o
 .debug_ranges  0x000001f8       0x40 build/usbd_storage_if.o
 .debug_ranges  0x00000238      0x108 build/usbd_conf.o
 .debug_ranges  0x00000340      0x138 build/stm32f4xx_hal_pcd.o
 .debug_ranges  0x00000478       0x50 build/stm32f4xx_hal_pcd_ex.o
 .debug_ranges  0x000004c8      0x190 build/stm32f4xx_ll_usb.o
 .debug_ranges  0x00000658       0x90 build/stm32f4xx_hal_rcc.o
 .debug_ranges  0x000006e8       0x68 build/stm32f4xx_hal_rcc_ex.o
 .debug_ranges  0x00000750       0x48 build/stm32f4xx_hal_gpio.o
 .debug_ranges  0x00000798       0x80 build/stm32f4xx_hal_dma.o
 .debug_ranges  0x00000818       0xc8 build/stm32f4xx_hal_cortex.o
 .debug_ranges  0x000008e0       0xe0 build/stm32f4xx_hal.o
 .debug_ranges  0x000009c0       0xd8 build/stm32f4xx_hal_adc.o
 .debug_ranges  0x00000a98      0x128 build/stm32f4xx_hal_can.o
 .debug_ranges  0x00000bc0      0x2a8 build/stm32f4xx_hal_i2c.o
 .debug_ranges  0x00000e68       0xd8 build/stm32f4xx_hal_rtc.o
 .debug_ranges  0x00000f40      0x1c0 build/stm32f4xx_hal_spi.o
 .debug_ranges  0x00001100      0x208 build/stm32f4xx_hal_uart.o
 .debug_ranges  0x00001308       0x18 build/system_stm32f4xx.o
 .debug_ranges  0x00001320       0x30 build/ff_gen_drv.o
 .debug_ranges  0x00001350       0xc8 build/usbd_core.o
 .debug_ranges  0x00001418       0x78 build/usbd_ctlreq.o
 .debug_ranges  0x00001490       0x40 build/usbd_ioreq.o
 .debug_ranges  0x000014d0       0x58 build/usbd_msc.o
 .debug_ranges  0x00001528       0x58 build/usbd_msc_bot.o
 .debug_ranges  0x00001580       0xb0 build/usbd_msc_scsi.o
 .debug_ranges  0x00001630       0x20 build/startup_stm32f412rx.o

.debug_line     0x00000000    0x1cd49
 .debug_line    0x00000000      0xa1e build/main.o
 .debug_line    0x00000a1e      0x304 build/stm32f4xx_it.o
 .debug_line    0x00000d22      0x8a3 build/stm32f4xx_hal_msp.o
 .debug_line    0x000015c5      0x11d build/user_diskio.o
 .debug_line    0x000016e2      0x1a9 build/fatfs.o
 .debug_line    0x0000188b      0x217 build/usb_device.o
 .debug_line    0x00001aa2      0x375 build/usbd_desc.o
 .debug_line    0x00001e17      0x271 build/usbd_storage_if.o
 .debug_line    0x00002088      0x8cb build/usbd_conf.o
 .debug_line    0x00002953     0x15d8 build/stm32f4xx_hal_pcd.o
 .debug_line    0x00003f2b      0x4be build/stm32f4xx_hal_pcd_ex.o
 .debug_line    0x000043e9     0x1ef7 build/stm32f4xx_ll_usb.o
 .debug_line    0x000062e0      0xb15 build/stm32f4xx_hal_rcc.o
 .debug_line    0x00006df5      0xe8f build/stm32f4xx_hal_rcc_ex.o
 .debug_line    0x00007c84      0x6a0 build/stm32f4xx_hal_gpio.o
 .debug_line    0x00008324      0xe65 build/stm32f4xx_hal_dma.o
 .debug_line    0x00009189      0x81c build/stm32f4xx_hal_cortex.o
 .debug_line    0x000099a5      0x571 build/stm32f4xx_hal.o
 .debug_line    0x00009f16     0x1037 build/stm32f4xx_hal_adc.o
 .debug_line    0x0000af4d     0x1116 build/stm32f4xx_hal_can.o
 .debug_line    0x0000c063     0x53a5 build/stm32f4xx_hal_i2c.o
 .debug_line    0x00011408     0x1045 build/stm32f4xx_hal_rtc.o
 .debug_line    0x0001244d     0x24fc build/stm32f4xx_hal_spi.o
 .debug_line    0x00014949     0x45e6 build/stm32f4xx_hal_uart.o
 .debug_line    0x00018f2f      0x259 build/system_stm32f4xx.o
 .debug_line    0x00019188      0x286 build/ff_gen_drv.o
 .debug_line    0x0001940e      0x9cd build/usbd_core.o
 .debug_line    0x00019ddb      0xd72 build/usbd_ctlreq.o
 .debug_line    0x0001ab4d      0x2b0 build/usbd_ioreq.o
 .debug_line    0x0001adfd      0x670 build/usbd_msc.o
 .debug_line    0x0001b46d      0x5d0 build/usbd_msc_bot.o
 .debug_line    0x0001ba3d      0x174 build/usbd_msc_data.o
 .debug_line    0x0001bbb1     0x1122 build/usbd_msc_scsi.o
 .debug_line    0x0001ccd3       0x76 build/startup_stm32f412rx.o

.debug_str      0x00000000     0x7139
 .debug_str     0x00000000     0x18c4 build/main.o
                               0x1a41 (size before relaxing)
 .debug_str     0x000018c4      0x490 build/stm32f4xx_it.o
                                0x89c (size before relaxing)
 .debug_str     0x00001d54      0x2b3 build/stm32f4xx_hal_msp.o
                               0x13e7 (size before relaxing)
 .debug_str     0x00002007      0x10e build/user_diskio.o
                                0x285 (size before relaxing)
 .debug_str     0x00002115      0x11d build/fatfs.o
                                0x364 (size before relaxing)
 .debug_str     0x00002232      0x47e build/usb_device.o
                                0x6e9 (size before relaxing)
 .debug_str     0x000026b0      0x1ab build/usbd_desc.o
                                0x480 (size before relaxing)
 .debug_str     0x0000285b       0xd9 build/usbd_storage_if.o
                                0x34a (size before relaxing)
 .debug_str     0x00002934      0x58a build/usbd_conf.o
                               0x17c1 (size before relaxing)
 .debug_str     0x00002ebe      0x5c7 build/stm32f4xx_hal_pcd.o
                                0xe28 (size before relaxing)
 .debug_str     0x00003485      0x17d build/stm32f4xx_hal_pcd_ex.o
                                0x7de (size before relaxing)
 .debug_str     0x00003602      0x423 build/stm32f4xx_ll_usb.o
                                0xcbf (size before relaxing)
 .debug_str     0x00003a25      0x205 build/stm32f4xx_hal_rcc.o
                                0x716 (size before relaxing)
 .debug_str     0x00003c2a      0x119 build/stm32f4xx_hal_rcc_ex.o
                                0x6b9 (size before relaxing)
 .debug_str     0x00003d43       0xfa build/stm32f4xx_hal_gpio.o
                                0x4f1 (size before relaxing)
 .debug_str     0x00003e3d      0x2c4 build/stm32f4xx_hal_dma.o
                                0x75d (size before relaxing)
 .debug_str     0x00004101      0x470 build/stm32f4xx_hal_cortex.o
                                0xbed (size before relaxing)
 .debug_str     0x00004571      0x295 build/stm32f4xx_hal.o
                                0xb49 (size before relaxing)
 .debug_str     0x00004806      0x2a3 build/stm32f4xx_hal_adc.o
                                0x949 (size before relaxing)
 .debug_str     0x00004aa9      0x547 build/stm32f4xx_hal_can.o
                                0xa32 (size before relaxing)
 .debug_str     0x00004ff0      0x860 build/stm32f4xx_hal_i2c.o
                               0x101c (size before relaxing)
 .debug_str     0x00005850      0x296 build/stm32f4xx_hal_rtc.o
                                0x7c6 (size before relaxing)
 .debug_str     0x00005ae6      0x506 build/stm32f4xx_hal_spi.o
                                0xbe1 (size before relaxing)
 .debug_str     0x00005fec      0x5d8 build/stm32f4xx_hal_uart.o
                                0xd40 (size before relaxing)
 .debug_str     0x000065c4       0x47 build/system_stm32f4xx.o
                                0x380 (size before relaxing)
 .debug_str     0x0000660b       0xb7 build/ff_gen_drv.o
                                0x2e0 (size before relaxing)
 .debug_str     0x000066c2      0x27b build/usbd_core.o
                                0x9cf (size before relaxing)
 .debug_str     0x0000693d      0x109 build/usbd_ctlreq.o
                                0x7fa (size before relaxing)
 .debug_str     0x00006a46       0x60 build/usbd_ioreq.o
                                0x6cf (size before relaxing)
 .debug_str     0x00006aa6      0x358 build/usbd_msc.o
                                0xa9a (size before relaxing)
 .debug_str     0x00006dfe       0xb1 build/usbd_msc_bot.o
                                0x96e (size before relaxing)
 .debug_str     0x00006eaf       0xa1 build/usbd_msc_data.o
                                0x21a (size before relaxing)
 .debug_str     0x00006f50      0x1b7 build/usbd_msc_scsi.o
                                0xa5a (size before relaxing)
 .debug_str     0x00007107       0x32 build/startup_stm32f412rx.o
                                 0x69 (size before relaxing)

.comment        0x00000000       0x45
 .comment       0x00000000       0x45 build/main.o
                                 0x46 (size before relaxing)
 .comment       0x00000045       0x46 build/stm32f4xx_it.o
 .comment       0x00000045       0x46 build/stm32f4xx_hal_msp.o
 .comment       0x00000045       0x46 build/user_diskio.o
 .comment       0x00000045       0x46 build/fatfs.o
 .comment       0x00000045       0x46 build/usb_device.o
 .comment       0x00000045       0x46 build/usbd_desc.o
 .comment       0x00000045       0x46 build/usbd_storage_if.o
 .comment       0x00000045       0x46 build/usbd_conf.o
 .comment       0x00000045       0x46 build/stm32f4xx_hal_pcd.o
 .comment       0x00000045       0x46 build/stm32f4xx_hal_pcd_ex.o
 .comment       0x00000045       0x46 build/stm32f4xx_ll_usb.o
 .comment       0x00000045       0x46 build/stm32f4xx_hal_rcc.o
 .comment       0x00000045       0x46 build/stm32f4xx_hal_rcc_ex.o
 .comment       0x00000045       0x46 build/stm32f4xx_hal_gpio.o
 .comment       0x00000045       0x46 build/stm32f4xx_hal_dma.o
 .comment       0x00000045       0x46 build/stm32f4xx_hal_cortex.o
 .comment       0x00000045       0x46 build/stm32f4xx_hal.o
 .comment       0x00000045       0x46 build/stm32f4xx_hal_adc.o
 .comment       0x00000045       0x46 build/stm32f4xx_hal_can.o
 .comment       0x00000045       0x46 build/stm32f4xx_hal_i2c.o
 .comment       0x00000045       0x46 build/stm32f4xx_hal_rtc.o
 .comment       0x00000045       0x46 build/stm32f4xx_hal_spi.o
 .comment       0x00000045       0x46 build/stm32f4xx_hal_uart.o
 .comment       0x00000045       0x46 build/system_stm32f4xx.o
 .comment       0x00000045       0x46 build/ff_gen_drv.o
 .comment       0x00000045       0x46 build/usbd_core.o
 .comment       0x00000045       0x46 build/usbd_ctlreq.o
 .comment       0x00000045       0x46 build/usbd_ioreq.o
 .comment       0x00000045       0x46 build/usbd_msc.o
 .comment       0x00000045       0x46 build/usbd_msc_bot.o
 .comment       0x00000045       0x46 build/usbd_msc_data.o
 .comment       0x00000045       0x46 build/usbd_msc_scsi.o

.debug_frame    0x00000000     0x4158
 .debug_frame   0x00000000      0x184 build/main.o
 .debug_frame   0x00000184       0xd8 build/stm32f4xx_it.o
 .debug_frame   0x0000025c      0x180 build/stm32f4xx_hal_msp.o
 .debug_frame   0x000003dc       0x60 build/user_diskio.o
 .debug_frame   0x0000043c       0x38 build/fatfs.o
 .debug_frame   0x00000474       0x28 build/usb_device.o
 .debug_frame   0x0000049c       0xf0 build/usbd_desc.o
 .debug_frame   0x0000058c       0x80 build/usbd_storage_if.o
 .debug_frame   0x0000060c      0x2fc build/usbd_conf.o
 .debug_frame   0x00000908      0x388 build/stm32f4xx_hal_pcd.o
 .debug_frame   0x00000c90       0xb8 build/stm32f4xx_hal_pcd_ex.o
 .debug_frame   0x00000d48      0x49c build/stm32f4xx_ll_usb.o
 .debug_frame   0x000011e4      0x16c build/stm32f4xx_hal_rcc.o
 .debug_frame   0x00001350      0x100 build/stm32f4xx_hal_rcc_ex.o
 .debug_frame   0x00001450       0xd8 build/stm32f4xx_hal_gpio.o
 .debug_frame   0x00001528      0x188 build/stm32f4xx_hal_dma.o
 .debug_frame   0x000016b0      0x1cc build/stm32f4xx_hal_cortex.o
 .debug_frame   0x0000187c      0x1ec build/stm32f4xx_hal.o
 .debug_frame   0x00001a68      0x268 build/stm32f4xx_hal_adc.o
 .debug_frame   0x00001cd0      0x2d8 build/stm32f4xx_hal_can.o
 .debug_frame   0x00001fa8      0x970 build/stm32f4xx_hal_i2c.o
 .debug_frame   0x00002918      0x284 build/stm32f4xx_hal_rtc.o
 .debug_frame   0x00002b9c      0x5a4 build/stm32f4xx_hal_spi.o
 .debug_frame   0x00003140      0x5c4 build/stm32f4xx_hal_uart.o
 .debug_frame   0x00003704       0x30 build/system_stm32f4xx.o
 .debug_frame   0x00003734       0x7c build/ff_gen_drv.o
 .debug_frame   0x000037b0      0x240 build/usbd_core.o
 .debug_frame   0x000039f0      0x180 build/usbd_ctlreq.o
 .debug_frame   0x00003b70       0xb8 build/usbd_ioreq.o
 .debug_frame   0x00003c28      0x118 build/usbd_msc.o
 .debug_frame   0x00003d40      0x11c build/usbd_msc_bot.o
 .debug_frame   0x00003e5c      0x250 build/usbd_msc_scsi.o
 .debug_frame   0x000040ac       0x20 /Applications/ArmGNUToolchain/12.3.rel1/arm-none-eabi/bin/../lib/gcc/arm-none-eabi/12.3.1/../../../../arm-none-eabi/lib/thumb/v7e-m+fp/hard/libc_nano.a(libc_a-memset.o)
 .debug_frame   0x000040cc       0x2c /Applications/ArmGNUToolchain/12.3.rel1/arm-none-eabi/bin/../lib/gcc/arm-none-eabi/12.3.1/../../../../arm-none-eabi/lib/thumb/v7e-m+fp/hard/libc_nano.a(libc_a-init.o)
 .debug_frame   0x000040f8       0x2c /Applications/ArmGNUToolchain/12.3.rel1/arm-none-eabi/bin/../lib/gcc/arm-none-eabi/12.3.1/thumb/v7e-m+fp/hard/libgcc.a(_aeabi_uldivmod.o)
 .debug_frame   0x00004124       0x34 /Applications/ArmGNUToolchain/12.3.rel1/arm-none-eabi/bin/../lib/gcc/arm-none-eabi/12.3.1/thumb/v7e-m+fp/hard/libgcc.a(_udivmoddi4.o)

.debug_line_str
                0x00000000       0xde
 .debug_line_str
                0x00000000       0xd2 /Applications/ArmGNUToolchain/12.3.rel1/arm-none-eabi/bin/../lib/gcc/arm-none-eabi/12.3.1/thumb/v7e-m+fp/hard/libgcc.a(_aeabi_uldivmod.o)
 .debug_line_str
                0x000000d2        0xc /Applications/ArmGNUToolchain/12.3.rel1/arm-none-eabi/bin/../lib/gcc/arm-none-eabi/12.3.1/thumb/v7e-m+fp/hard/libgcc.a(_dvmd_tls.o)
                                 0xd6 (size before relaxing)

Cross Reference Table

Symbol                                            File
ADC_IRQHandler                                    build/startup_stm32f412rx.o
AHBPrescTable                                     build/system_stm32f4xx.o
                                                  build/stm32f4xx_hal_rcc.o
APBPrescTable                                     build/system_stm32f4xx.o
                                                  build/stm32f4xx_hal_rcc.o
BusFault_Handler                                  build/stm32f4xx_it.o
CAN1_RX0_IRQHandler                               build/startup_stm32f412rx.o
CAN1_RX1_IRQHandler                               build/startup_stm32f412rx.o
CAN1_SCE_IRQHandler                               build/startup_stm32f412rx.o
CAN1_TX_IRQHandler                                build/startup_stm32f412rx.o
CAN2_RX0_IRQHandler                               build/startup_stm32f412rx.o
CAN2_RX1_IRQHandler                               build/startup_stm32f412rx.o
CAN2_SCE_IRQHandler                               build/startup_stm32f412rx.o
CAN2_TX_IRQHandler                                build/startup_stm32f412rx.o
DFSDM1_FLT0_IRQHandler                            build/startup_stm32f412rx.o
DFSDM1_FLT1_IRQHandler                            build/startup_stm32f412rx.o
DMA1_Stream0_IRQHandler                           build/startup_stm32f412rx.o
DMA1_Stream1_IRQHandler                           build/startup_stm32f412rx.o
DMA1_Stream2_IRQHandler                           build/startup_stm32f412rx.o
DMA1_Stream3_IRQHandler                           build/startup_stm32f412rx.o
DMA1_Stream4_IRQHandler                           build/startup_stm32f412rx.o
DMA1_Stream5_IRQHandler                           build/startup_stm32f412rx.o
DMA1_Stream6_IRQHandler                           build/startup_stm32f412rx.o
DMA1_Stream7_IRQHandler                           build/startup_stm32f412rx.o
DMA2_Stream0_IRQHandler                           build/startup_stm32f412rx.o
DMA2_Stream1_IRQHandler                           build/startup_stm32f412rx.o
DMA2_Stream2_IRQHandler                           build/stm32f4xx_it.o
DMA2_Stream3_IRQHandler                           build/startup_stm32f412rx.o
DMA2_Stream4_IRQHandler                           build/startup_stm32f412rx.o
DMA2_Stream5_IRQHandler                           build/startup_stm32f412rx.o
DMA2_Stream6_IRQHandler                           build/startup_stm32f412rx.o
DMA2_Stream7_IRQHandler                           build/startup_stm32f412rx.o
DebugMon_Handler                                  build/stm32f4xx_it.o
Default_Handler                                   build/startup_stm32f412rx.o
EXTI0_IRQHandler                                  build/startup_stm32f412rx.o
EXTI15_10_IRQHandler                              build/startup_stm32f412rx.o
EXTI1_IRQHandler                                  build/startup_stm32f412rx.o
EXTI2_IRQHandler                                  build/startup_stm32f412rx.o
EXTI3_IRQHandler                                  build/startup_stm32f412rx.o
EXTI4_IRQHandler                                  build/startup_stm32f412rx.o
EXTI9_5_IRQHandler                                build/startup_stm32f412rx.o
Error_Handler                                     build/main.o
                                                  build/usbd_conf.o
                                                  build/usb_device.o
                                                  build/stm32f4xx_hal_msp.o
FATFS_GetAttachedDriversNbr                       build/ff_gen_drv.o
FATFS_LinkDriver                                  build/ff_gen_drv.o
                                                  build/fatfs.o
FATFS_LinkDriverEx                                build/ff_gen_drv.o
FATFS_UnLinkDriver                                build/ff_gen_drv.o
FATFS_UnLinkDriverEx                              build/ff_gen_drv.o
FLASH_Erase_Sector                                build/stm32f4xx_hal_flash_ex.o
                                                  build/stm32f4xx_hal_flash.o
FLASH_FlushCaches                                 build/stm32f4xx_hal_flash_ex.o
                                                  build/stm32f4xx_hal_flash.o
FLASH_IRQHandler                                  build/startup_stm32f412rx.o
FLASH_WaitForLastOperation                        build/stm32f4xx_hal_flash.o
                                                  build/stm32f4xx_hal_flash_ex.o
FMPI2C1_ER_IRQHandler                             build/startup_stm32f412rx.o
FMPI2C1_EV_IRQHandler                             build/startup_stm32f412rx.o
FPU_IRQHandler                                    build/startup_stm32f412rx.o
FS_Desc                                           build/usbd_desc.o
                                                  build/usb_device.o
HAL_ADCEx_InjectedConfigChannel                   build/stm32f4xx_hal_adc_ex.o
HAL_ADCEx_InjectedConvCpltCallback                build/stm32f4xx_hal_adc_ex.o
                                                  build/stm32f4xx_hal_adc.o
HAL_ADCEx_InjectedGetValue                        build/stm32f4xx_hal_adc_ex.o
HAL_ADCEx_InjectedPollForConversion               build/stm32f4xx_hal_adc_ex.o
HAL_ADCEx_InjectedStart                           build/stm32f4xx_hal_adc_ex.o
HAL_ADCEx_InjectedStart_IT                        build/stm32f4xx_hal_adc_ex.o
HAL_ADCEx_InjectedStop                            build/stm32f4xx_hal_adc_ex.o
HAL_ADCEx_InjectedStop_IT                         build/stm32f4xx_hal_adc_ex.o
HAL_ADCEx_MultiModeConfigChannel                  build/stm32f4xx_hal_adc_ex.o
HAL_ADCEx_MultiModeGetValue                       build/stm32f4xx_hal_adc_ex.o
HAL_ADCEx_MultiModeStart_DMA                      build/stm32f4xx_hal_adc_ex.o
HAL_ADCEx_MultiModeStop_DMA                       build/stm32f4xx_hal_adc_ex.o
HAL_ADC_AnalogWDGConfig                           build/stm32f4xx_hal_adc.o
HAL_ADC_ConfigChannel                             build/stm32f4xx_hal_adc.o
                                                  build/main.o
HAL_ADC_ConvCpltCallback                          build/stm32f4xx_hal_adc.o
                                                  build/stm32f4xx_hal_adc_ex.o
HAL_ADC_ConvHalfCpltCallback                      build/stm32f4xx_hal_adc.o
                                                  build/stm32f4xx_hal_adc_ex.o
HAL_ADC_DeInit                                    build/stm32f4xx_hal_adc.o
HAL_ADC_ErrorCallback                             build/stm32f4xx_hal_adc.o
                                                  build/stm32f4xx_hal_adc_ex.o
HAL_ADC_GetError                                  build/stm32f4xx_hal_adc.o
HAL_ADC_GetState                                  build/stm32f4xx_hal_adc.o
HAL_ADC_GetValue                                  build/stm32f4xx_hal_adc.o
HAL_ADC_IRQHandler                                build/stm32f4xx_hal_adc.o
HAL_ADC_Init                                      build/stm32f4xx_hal_adc.o
                                                  build/main.o
HAL_ADC_LevelOutOfWindowCallback                  build/stm32f4xx_hal_adc.o
HAL_ADC_MspDeInit                                 build/stm32f4xx_hal_msp.o
HAL_ADC_MspInit                                   build/stm32f4xx_hal_msp.o
HAL_ADC_PollForConversion                         build/stm32f4xx_hal_adc.o
HAL_ADC_PollForEvent                              build/stm32f4xx_hal_adc.o
HAL_ADC_Start                                     build/stm32f4xx_hal_adc.o
HAL_ADC_Start_DMA                                 build/stm32f4xx_hal_adc.o
HAL_ADC_Start_IT                                  build/stm32f4xx_hal_adc.o
HAL_ADC_Stop                                      build/stm32f4xx_hal_adc.o
HAL_ADC_Stop_DMA                                  build/stm32f4xx_hal_adc.o
HAL_ADC_Stop_IT                                   build/stm32f4xx_hal_adc.o
HAL_CAN_AbortTxRequest                            build/stm32f4xx_hal_can.o
HAL_CAN_ActivateNotification                      build/stm32f4xx_hal_can.o
HAL_CAN_AddTxMessage                              build/stm32f4xx_hal_can.o
HAL_CAN_ConfigFilter                              build/stm32f4xx_hal_can.o
HAL_CAN_DeInit                                    build/stm32f4xx_hal_can.o
HAL_CAN_DeactivateNotification                    build/stm32f4xx_hal_can.o
HAL_CAN_ErrorCallback                             build/stm32f4xx_hal_can.o
HAL_CAN_GetError                                  build/stm32f4xx_hal_can.o
HAL_CAN_GetRxFifoFillLevel                        build/stm32f4xx_hal_can.o
HAL_CAN_GetRxMessage                              build/stm32f4xx_hal_can.o
HAL_CAN_GetState                                  build/stm32f4xx_hal_can.o
HAL_CAN_GetTxMailboxesFreeLevel                   build/stm32f4xx_hal_can.o
HAL_CAN_GetTxTimestamp                            build/stm32f4xx_hal_can.o
HAL_CAN_IRQHandler                                build/stm32f4xx_hal_can.o
HAL_CAN_Init                                      build/stm32f4xx_hal_can.o
                                                  build/main.o
HAL_CAN_IsSleepActive                             build/stm32f4xx_hal_can.o
HAL_CAN_IsTxMessagePending                        build/stm32f4xx_hal_can.o
HAL_CAN_MspDeInit                                 build/stm32f4xx_hal_msp.o
HAL_CAN_MspInit                                   build/stm32f4xx_hal_msp.o
HAL_CAN_RequestSleep                              build/stm32f4xx_hal_can.o